CTTRACE 1 DEPTH=4 WIDTH=8
0 1 1 1 25 d7 1 0
1 0 0 1 12 d7 1 0
2 0 0 1 7b d7 1 0
3 0 1 0 48 d7 0 0
4 0 1 0 5a d7 0 0
5 0 1 1 df 48 0 0
6 0 1 1 33 5a 0 0
7 0 1 0 65 5a 0 0
8 0 1 1 71 df 0 0
9 0 1 1 9d 33 0 0
10 0 1 1 c0 71 0 0
11 0 1 0 33 71 0 1
12 0 0 1 36 9d 0 0
13 0 0 1 1e c0 0 0
14 0 0 1 d8 71 0 0
15 0 0 0 aa 71 0 0
16 0 1 1 b 9d 0 0
17 0 1 0 31 9d 0 0
18 0 1 0 ba 9d 0 0
19 0 0 0 8d 9d 0 0
20 0 0 1 b9 ba 0 0
21 0 0 1 d2 b 0 0
22 0 1 1 e 31 0 0
23 0 0 1 93 ba 1 0
24 0 1 1 c4 ba 0 0
25 0 0 1 df c4 1 0
26 0 1 1 1 c4 0 0
27 0 1 0 7a c4 0 0
28 0 1 0 58 c4 0 0
29 0 1 1 a 1 0 0
30 0 0 0 66 1 0 0
31 0 1 0 49 1 0 1
32 0 1 1 77 7a 0 0
33 1 1 1 14 7a 1 0
34 0 1 0 44 7a 0 0
35 0 1 0 4 7a 0 0
36 0 0 1 ae 44 0 0
37 0 0 1 5f 4 1 0
38 0 0 0 26 4 1 0
39 0 0 1 e2 4 1 0
40 0 0 1 16 4 1 0
41 0 1 1 12 4 0 0
42 0 0 1 fb 12 1 0
43 0 0 1 64 12 1 0
44 0 0 1 bb 12 1 0
45 0 0 1 1f 12 1 0
46 0 1 0 37 12 0 0
47 0 1 0 2d 12 0 0
48 0 0 0 af 12 0 0
49 0 1 0 e0 12 0 0
50 0 1 0 40 12 0 1
51 0 1 0 7f 12 0 1
52 0 1 1 72 37 0 0
53 0 0 0 e6 37 0 0
54 0 1 0 d3 37 0 1
55 0 1 0 f2 37 0 1
56 0 0 0 e5 37 0 1
57 0 1 0 ef 37 0 1
58 0 1 0 98 37 0 1
59 0 1 0 34 37 0 1
60 0 1 1 b3 e0 0 0
61 0 0 1 ce 40 0 0
62 0 0 0 0 40 0 0
63 0 0 1 3e d3 0 0
64 0 0 1 8a e0 1 0
65 0 0 1 5b e0 1 0
66 0 0 1 c4 e0 1 0
67 0 0 1 f9 e0 1 0
68 0 1 1 39 e0 0 0
69 0 0 1 a5 40 1 0
70 0 1 1 d9 40 0 0
71 0 0 0 b2 40 0 0
72 0 1 0 88 40 0 0
73 0 1 1 3c d3 0 0
74 0 1 1 97 d9 0 0
75 0 1 0 13 d9 0 0
76 0 1 0 31 d9 0 1
77 0 1 0 40 d9 0 1
78 0 0 0 63 d9 0 1
79 0 0 0 68 d9 0 1
80 0 1 1 1c 31 0 0
81 0 1 0 74 31 0 1
82 1 1 1 1d 31 1 0
83 0 1 0 0 31 0 0
84 0 0 1 db 0 1 0
85 0 0 1 b2 0 1 0
86 0 0 1 86 0 1 0
87 0 1 1 46 0 0 0
88 0 0 1 50 46 1 0
89 0 1 1 99 46 0 0
90 0 0 1 59 99 1 0
91 0 0 1 36 99 1 0
92 0 0 1 af 99 1 0
93 0 1 1 c9 99 0 0
94 0 1 1 18 c9 0 0
95 0 1 1 4e 46 0 0
96 0 0 1 c8 99 1 0
97 0 1 0 ca 99 0 0
98 0 1 1 d6 c9 0 0
99 0 1 0 ed c9 0 0
100 0 1 0 c3 c9 0 0
101 0 1 0 51 c9 0 1
102 0 0 0 f6 c9 0 1
103 0 1 1 c7 c3 0 0
104 0 1 1 22 51 0 0
105 0 1 0 cd 51 0 1
106 0 1 1 e4 22 0 0
107 0 1 0 87 22 0 1
108 0 0 1 80 87 0 0
109 0 0 1 4f 51 0 0
110 0 0 1 fb 22 0 0
111 0 0 1 db 87 1 0
112 0 0 1 3d 87 1 0
113 0 0 1 3b 87 1 0
114 0 0 1 a2 87 1 0
115 0 0 1 ce 87 1 0
116 0 0 0 72 87 1 0
117 0 0 0 ab 87 1 0
118 0 0 1 e2 87 1 0
119 0 0 1 d8 87 1 0
120 0 1 0 2a 87 0 0
121 0 1 1 49 2a 0 0
122 0 1 1 75 49 0 0
123 0 1 1 cf 87 0 0
124 0 1 0 49 87 0 0
125 0 1 0 5a 87 0 0
126 0 1 1 84 49 0 0
127 0 1 0 d8 49 0 1
128 0 1 0 e5 49 0 1
129 0 1 1 ad 5a 0 0
130 0 1 0 5d 5a 0 1
131 0 0 1 81 d8 0 0
132 0 1 0 af d8 0 1
133 0 0 1 d0 5d 0 0
134 0 0 0 64 5d 0 0
135 0 1 1 33 af 0 0
136 0 0 1 4d d8 0 0
137 0 1 0 e7 d8 0 0
138 0 1 1 eb 5d 0 0
139 0 0 0 88 5d 0 0
140 0 0 0 9a 5d 0 0
141 0 0 1 84 af 0 0
142 0 0 1 7d e7 0 0
143 0 0 1 c3 eb 1 0
144 0 1 1 94 eb 0 0
145 0 1 1 cb 94 0 0
146 0 1 0 70 94 0 0
147 0 1 1 a0 70 0 0
148 0 0 1 ad a0 0 0
149 0 1 1 e2 94 0 0
150 0 1 0 94 94 0 0
151 0 0 0 7c 94 0 0
152 0 1 0 95 94 0 0
153 0 1 1 d5 95 0 0
154 0 0 0 5b 95 0 0
155 0 0 0 c0 95 0 0
156 0 0 1 26 d5 0 0
157 0 0 1 4e e2 0 0
158 0 1 1 c3 95 0 0
159 0 0 0 8c 95 0 0
END 160
