CTTRACE 1 DEPTH=4 WIDTH=8
0 1 0 0 c7 d7 1 0
1 0 1 1 a9 d7 0 0
2 0 0 1 59 a9 1 0
3 0 0 0 5a a9 1 0
4 0 1 1 f4 a9 0 0
5 0 1 0 22 a9 0 0
6 0 1 0 c8 a9 0 0
7 0 1 1 d0 f4 0 0
8 0 1 0 97 f4 0 1
9 0 1 0 67 f4 0 1
10 0 1 0 f5 f4 0 1
11 0 0 0 2 f4 0 1
12 0 0 1 2d 22 0 0
13 0 0 0 34 22 0 0
14 0 0 1 67 c8 0 0
15 0 1 1 4a 97 0 0
16 0 0 1 3e 4a 0 0
17 0 0 1 84 c8 1 0
18 0 0 1 93 c8 1 0
19 0 1 0 b c8 0 0
20 0 0 1 e3 97 1 0
21 1 0 1 41 97 1 0
22 0 1 0 82 97 0 0
23 0 0 1 4d 82 1 0
24 0 1 1 8a 82 0 0
25 0 1 1 75 8a 0 0
26 0 1 0 29 8a 0 0
27 0 1 0 74 8a 0 0
28 0 1 0 fb 8a 0 1
29 0 1 1 23 75 0 0
30 0 0 0 83 75 0 0
31 0 1 0 95 75 0 1
32 1 1 0 4 75 1 0
33 0 0 0 c6 75 1 0
34 0 1 1 7f 75 0 0
35 0 1 0 46 75 0 0
36 0 0 0 51 75 0 0
37 0 0 1 f3 7f 0 0
38 0 0 1 aa 46 1 0
39 0 1 1 8e 46 0 0
40 0 0 1 0 8e 1 0
41 0 1 1 94 8e 0 0
42 0 0 0 d6 8e 0 0
43 0 0 1 97 94 1 0
44 0 1 1 ce 94 0 0
45 0 1 1 cc 46 0 0
46 0 0 1 c9 8e 1 0
47 0 0 1 fa 8e 1 0
48 0 1 1 87 8e 0 0
49 0 0 1 65 94 1 0
50 0 1 0 54 94 0 0
51 0 0 0 dc 94 0 0
52 0 1 0 9 94 0 0
53 0 1 0 c7 94 0 0
54 0 1 1 b9 c7 0 0
55 0 0 0 a8 c7 0 0
56 0 1 1 e0 b9 0 0
57 0 1 0 54 b9 0 1
58 0 1 1 f4 e0 0 0
59 0 1 0 3b e0 0 1
60 0 1 1 25 3b 0 0
61 0 0 1 c5 b9 0 0
62 0 1 1 29 e0 0 0
63 0 0 1 3c 3b 0 0
64 0 0 0 b0 3b 0 0
65 0 1 1 57 29 0 0
66 0 0 1 28 57 1 0
67 0 1 1 24 57 0 0
68 0 0 0 3c 57 0 0
69 0 0 1 b1 3b 1 0
70 0 0 0 c 3b 1 0
71 0 1 1 5e 3b 0 0
72 0 1 1 10 29 0 0
73 0 1 1 bf 57 0 0
74 0 1 0 7f 57 0 0
75 1 1 1 f 57 1 0
76 0 1 0 7 57 0 0
77 0 1 0 c0 57 0 0
78 0 1 0 b3 57 0 0
79 0 1 1 6d 7 0 0
80 0 1 0 d6 7 0 1
81 0 1 0 e6 7 0 1
82 0 1 0 bc 7 0 1
83 0 1 1 61 c0 0 0
84 0 0 1 81 b3 0 0
85 0 0 1 22 6d 0 0
86 0 1 1 6f c0 0 0
87 0 0 1 1b b3 1 0
88 0 1 0 44 b3 0 0
89 0 0 1 53 6d 1 0
90 0 0 1 67 6d 1 0
91 0 1 0 53 6d 0 0
92 0 0 1 fe 6f 1 0
93 0 0 1 54 6f 1 0
94 0 1 1 b8 6f 0 0
95 0 1 1 1f 44 0 0
96 0 0 0 b1 44 0 0
97 1 1 1 8 44 1 0
98 0 1 0 fb 44 0 0
99 0 0 1 38 fb 1 0
100 0 1 1 15 fb 0 0
101 0 1 1 5 15 0 0
102 0 1 0 a2 15 0 0
103 0 1 1 75 5 0 0
104 0 1 0 38 5 0 0
105 0 0 0 e2 5 0 0
106 0 0 1 a4 a2 0 0
107 0 0 0 c a2 0 0
108 0 1 1 a1 38 0 0
109 0 0 0 10 38 0 0
110 0 1 1 20 a1 0 0
111 0 1 1 da 20 0 0
112 0 1 1 5b 38 0 0
113 0 1 1 f0 a1 0 0
114 0 0 1 60 20 0 0
115 0 1 1 85 5b 0 0
116 0 1 1 64 f0 0 0
117 0 1 0 e f0 0 0
118 0 0 1 94 85 0 0
119 0 1 0 b9 85 0 0
120 0 1 0 6d 85 0 0
121 0 0 0 67 85 0 0
122 0 1 1 c e 0 0
123 0 1 0 41 e 0 1
124 0 1 0 7a e 0 1
125 0 1 1 80 b9 0 0
126 0 0 0 19 b9 0 0
127 0 0 1 a 6d 0 0
128 0 0 1 d4 41 0 0
129 0 0 1 e8 b9 1 0
130 0 1 0 22 b9 0 0
131 0 1 0 15 b9 0 0
132 0 0 1 fe 15 0 0
133 0 1 1 b9 41 0 0
134 0 0 0 f8 41 0 0
135 0 0 1 30 22 1 0
136 0 0 1 a1 22 1 0
137 0 0 1 bb 22 1 0
138 0 0 0 c3 22 1 0
139 0 1 1 72 22 0 0
140 0 0 1 fa 15 1 0
141 0 0 0 c4 15 1 0
142 0 0 1 e9 15 1 0
143 0 0 1 3e 15 1 0
144 0 1 0 76 15 0 0
145 0 1 1 2e 72 0 0
146 0 1 0 d6 72 0 0
147 0 1 0 90 72 0 0
148 0 1 1 18 76 0 0
149 0 0 0 3b 76 0 0
150 0 0 0 e6 76 0 0
151 0 1 0 70 76 0 1
152 0 1 0 8 76 0 1
153 0 1 0 31 76 0 1
154 0 1 0 fd 76 0 1
155 0 1 1 86 70 0 0
156 0 1 0 af 70 0 1
157 0 0 0 54 70 0 1
158 0 1 0 78 70 0 1
159 0 1 1 46 90 0 0
END 160
