CTTRACE 1 DEPTH=4 WIDTH=8
0 1 1 1 be d7 1 0
1 0 1 0 a3 d7 0 0
2 0 1 1 83 a3 0 0
3 0 1 1 31 83 0 0
4 0 1 0 6 83 0 0
5 0 1 0 5 83 0 0
6 0 0 0 8e 83 0 0
7 0 0 0 dc 83 0 0
8 0 1 1 4e 31 0 0
9 0 1 0 e3 31 0 1
10 0 1 0 49 31 0 1
11 0 1 0 79 31 0 1
12 0 0 1 7d 6 0 0
13 0 0 1 2d 4e 0 0
14 0 0 0 d8 4e 0 0
15 0 0 1 f2 e3 0 0
16 0 0 0 24 e3 0 0
17 0 1 1 a0 6 0 0
18 0 1 1 23 4e 0 0
19 0 1 1 d8 e3 0 0
20 0 0 1 e6 a0 1 0
21 0 0 1 79 a0 1 0
22 0 0 1 33 a0 1 0
23 0 0 1 e5 a0 1 0
24 0 1 0 b4 a0 0 0
25 0 1 0 c3 a0 0 0
26 0 0 1 dc d8 0 0
27 0 1 0 89 d8 0 0
28 0 1 0 22 d8 0 0
29 0 1 0 4a d8 0 1
30 0 0 1 2f 4a 0 0
31 0 0 0 d 4a 0 0
32 0 0 0 43 4a 0 0
33 0 1 1 d3 c3 0 0
34 0 1 0 ab c3 0 1
35 1 1 1 fd c3 1 0
36 0 0 1 e c3 1 0
37 0 0 0 c5 c3 1 0
38 0 0 0 69 c3 1 0
39 0 0 1 d c3 1 0
40 0 0 1 62 c3 1 0
41 0 0 1 5f c3 1 0
42 0 0 0 a3 c3 1 0
43 0 0 1 21 c3 1 0
44 0 0 1 da c3 1 0
45 0 0 0 1f c3 1 0
46 0 0 1 40 c3 1 0
47 0 0 1 ac c3 1 0
48 0 1 1 6 c3 0 0
49 0 1 0 da c3 0 0
50 0 0 0 9d c3 0 0
51 0 1 0 a3 c3 0 0
52 0 1 1 cf 6 0 0
53 0 0 1 ad da 0 0
54 0 1 0 97 da 0 0
55 0 1 0 f7 da 0 1
56 0 0 0 be da 0 1
57 0 1 1 55 a3 0 0
58 0 1 0 96 a3 0 1
59 0 1 1 af cf 0 0
60 0 0 1 26 f7 0 0
61 0 1 0 4b f7 0 0
62 0 0 1 ce 96 0 0
63 0 0 1 e3 4b 0 0
64 0 0 1 d8 f7 1 0
65 0 0 0 de f7 1 0
66 0 1 0 b8 f7 0 0
67 0 0 1 55 96 1 0
68 0 0 0 17 96 1 0
69 1 0 0 3e 96 1 0
70 0 0 1 18 96 1 0
71 0 1 0 dc 96 0 0
72 0 1 0 71 96 0 0
73 0 1 1 23 dc 0 0
74 1 0 0 7e dc 1 0
75 0 1 0 e5 dc 0 0
76 0 1 0 2 dc 0 0
77 0 1 0 2e dc 0 0
78 0 1 0 80 dc 0 1
79 0 1 1 3f e5 0 0
80 0 1 0 d3 e5 0 1
81 0 1 0 7b e5 0 1
82 0 1 0 36 e5 0 1
83 0 1 0 30 e5 0 1
84 0 1 1 7b 2 0 0
85 0 0 1 e5 2e 0 0
86 0 1 1 e8 80 0 0
87 0 0 1 e8 e8 0 0
88 0 0 1 57 2e 1 0
89 0 1 1 4e 2e 0 0
90 0 0 1 ef 80 1 0
91 0 1 0 6f 80 0 0
92 0 0 1 5f e8 1 0
93 0 0 1 fa e8 1 0
94 0 1 1 22 e8 0 0
95 0 0 1 b0 4e 1 0
96 0 1 0 2c 4e 0 0
97 0 1 0 82 4e 0 0
98 0 1 1 c 6f 0 0
99 0 1 0 b8 6f 0 0
100 0 1 0 c5 6f 0 1
101 0 1 0 2e 6f 0 1
102 0 0 0 92 6f 0 1
103 0 0 0 e3 6f 0 1
104 0 1 0 58 6f 0 1
105 0 1 1 4f c5 0 0
106 0 1 0 7b c5 0 1
107 0 1 1 9f 7b 0 0
108 0 0 1 f3 c 0 0
109 0 1 1 13 c5 0 0
110 0 0 1 1a 7b 0 0
111 0 0 1 38 13 1 0
112 0 0 0 bd 13 1 0
113 0 1 1 4c 13 0 0
114 0 0 1 7 c5 1 0
115 0 0 1 3e c5 1 0
116 0 0 1 a3 c5 1 0
117 0 0 0 2b c5 1 0
118 0 1 1 11 c5 0 0
119 0 0 1 f9 7b 1 0
120 0 1 0 3c 7b 0 0
121 0 0 0 bd 7b 0 0
122 0 1 0 68 7b 0 0
123 0 0 1 98 68 0 0
124 0 1 0 fc 68 0 0
125 0 1 0 e4 68 0 0
126 0 1 1 13 e4 0 0
127 0 1 0 b0 e4 0 1
128 0 1 1 bc 13 0 0
129 0 0 0 8d 13 0 0
130 0 1 1 bf b0 0 0
131 0 1 1 7c e4 0 0
132 0 1 0 58 e4 0 1
133 0 1 1 fe 58 0 0
134 0 1 1 e2 b0 0 0
135 0 1 1 a1 7c 0 0
136 0 1 0 dd 7c 0 1
137 0 0 1 96 58 0 0
138 0 1 0 c6 58 0 1
139 0 0 0 8b 58 0 1
140 0 1 1 90 e2 0 0
141 0 0 1 d6 dd 0 0
142 0 0 1 d6 c6 0 0
143 0 0 1 af e2 1 0
144 0 1 1 0 e2 0 0
145 0 0 1 90 dd 1 0
146 0 1 1 31 dd 0 0
147 0 1 1 fd c6 0 0
148 0 1 0 4b c6 0 0
149 0 0 0 1 c6 0 0
150 0 1 0 14 c6 0 0
151 0 1 0 86 c6 0 1
152 0 1 0 1e c6 0 1
153 0 1 0 8f c6 0 1
154 0 0 0 27 c6 0 1
155 0 1 0 9d c6 0 1
156 0 0 1 52 14 0 0
157 0 1 0 94 14 0 1
158 1 1 0 33 14 1 0
159 0 1 0 5e 14 0 0
END 160
