CTTRACE 1 DEPTH=4 WIDTH=8
0 1 0 0 73 d7 1 0
1 0 1 0 84 d7 0 0
2 0 1 0 95 d7 0 0
3 0 1 0 a6 d7 0 0
4 0 0 1 b7 84 0 0
5 0 0 1 c8 95 0 0
6 0 1 0 d9 95 0 0
7 0 1 0 ea 95 0 0
8 0 1 0 fb 95 0 1
9 0 1 0 c 95 0 1
10 0 0 1 1d a6 0 0
11 0 0 1 2e d9 0 0
12 0 0 1 3f fb 0 0
13 0 0 1 50 a6 1 0
14 0 1 0 61 a6 0 0
15 0 1 0 72 a6 0 0
16 0 1 0 83 a6 0 0
17 0 1 0 94 a6 0 1
18 0 1 1 a5 72 0 0
19 0 1 1 b6 94 0 0
20 0 1 1 c7 b6 0 0
21 0 1 1 d8 c7 0 0
22 0 0 1 e9 94 0 0
23 0 0 1 fa b6 0 0
24 0 0 1 b c7 1 0
25 0 0 1 1c c7 1 0
26 0 0 1 2d c7 1 0
END 27
