CTTRACE 1 DEPTH=4 WIDTH=8
0 1 1 0 ec d7 1 0
1 0 0 0 bb d7 1 0
2 0 1 0 c6 d7 0 0
3 0 1 0 e7 d7 0 0
4 0 1 0 d8 d7 0 0
5 0 1 0 e3 d7 0 1
6 0 1 1 b9 c6 0 1
7 0 1 0 72 c6 0 1
8 0 0 0 81 c6 0 1
9 0 0 0 b1 c6 0 1
10 0 1 1 be e7 0 1
11 0 1 0 83 e7 0 1
12 0 1 0 5f e7 0 1
13 0 1 1 fa d8 0 1
14 0 0 0 1f d8 0 1
15 0 1 1 c e3 0 1
16 0 1 1 9 c6 0 1
17 0 1 1 49 e7 0 1
18 0 0 1 97 d8 0 1
19 0 1 1 6f e3 0 1
20 0 1 0 36 e3 0 1
21 0 0 1 75 c6 0 1
22 0 0 1 94 e7 0 1
23 0 1 1 b3 d8 0 1
24 0 1 1 4c e3 0 1
25 1 1 0 dc e3 1 0
26 0 1 1 47 e3 0 0
27 0 1 0 4d e3 0 0
28 0 1 0 f8 e3 0 0
29 0 0 0 4e e3 0 0
30 0 1 0 ad e3 0 1
31 0 1 0 d7 e3 0 1
32 0 0 1 e9 47 0 1
33 0 1 1 68 4d 0 1
34 0 1 0 a3 4d 0 1
35 0 1 0 4e 4d 0 1
36 0 0 1 ea f8 0 1
37 0 1 0 3a f8 0 1
38 0 0 1 ce ad 0 1
39 0 0 1 ca 47 0 1
40 0 1 1 28 4d 0 1
41 0 0 0 cd 4d 0 1
42 0 1 1 78 f8 0 1
43 0 0 0 71 f8 0 1
44 0 1 0 91 f8 0 1
45 0 0 1 b6 ad 0 1
46 0 0 0 21 ad 0 1
47 0 1 1 8e 47 0 1
48 0 0 1 fb 4d 0 1
49 0 1 1 ec f8 0 1
50 0 1 1 6f ad 0 1
51 0 1 1 aa 47 0 1
52 0 0 0 b 47 0 1
53 0 0 0 cc 47 0 1
54 0 1 1 c4 4d 0 1
55 0 1 1 30 f8 0 1
56 0 0 0 a6 f8 0 1
57 0 1 0 d2 f8 0 1
58 0 1 1 e4 ad 0 1
59 0 1 1 78 47 0 1
60 0 0 0 80 47 0 1
61 0 1 1 1 4d 0 1
62 0 1 1 fe f8 0 1
63 0 0 0 6c f8 0 1
64 0 0 1 12 ad 0 1
65 0 0 1 ff 47 0 1
66 0 1 0 e 47 0 1
67 0 1 1 f3 4d 0 1
68 0 1 1 20 f8 0 1
69 0 1 0 20 f8 0 1
70 0 0 1 14 ad 0 1
71 0 0 0 cc ad 0 1
72 0 0 1 92 47 0 1
73 0 0 1 1f 4d 0 1
74 0 1 0 b2 4d 0 1
75 0 1 0 bd 4d 0 1
76 0 1 1 b7 f8 0 1
77 0 1 0 4d f8 0 1
78 0 1 1 36 ad 0 1
79 0 1 0 3 ad 0 1
80 0 1 0 bf ad 0 1
81 0 1 1 b7 47 0 1
82 0 1 0 e1 47 0 1
83 1 1 0 d7 47 1 0
84 0 0 0 0 47 1 0
85 0 0 1 c7 47 1 0
86 0 0 0 82 47 1 0
87 0 1 1 51 47 0 0
88 0 0 1 5e 51 0 0
89 0 0 1 a0 4d 0 0
90 0 0 1 51 f8 0 0
91 0 0 1 6b ad 0 0
92 0 0 1 67 51 0 0
93 0 0 1 75 4d 0 0
94 0 0 1 b1 f8 0 0
95 0 0 1 ee ad 0 0
96 0 1 0 e1 ad 0 0
97 0 0 0 ba ad 0 0
98 0 0 0 94 ad 0 0
99 0 1 0 d7 ad 0 0
100 0 1 0 8 ad 0 1
101 0 1 0 2 ad 0 1
102 0 1 1 d0 51 0 1
103 0 1 0 f2 51 0 1
104 0 1 0 d2 51 0 1
105 0 1 1 5 e1 0 1
106 0 0 0 e e1 0 1
107 0 0 0 e5 e1 0 1
108 0 0 0 92 e1 0 1
109 0 0 0 d4 e1 0 1
110 0 1 1 58 d7 0 1
111 0 0 0 12 d7 0 1
112 0 0 0 48 d7 0 1
113 0 0 1 30 8 0 1
114 0 1 1 bf 51 0 1
115 0 0 1 0 e1 0 1
116 0 0 1 5 d7 0 1
117 0 0 0 10 d7 0 1
118 0 0 1 94 8 0 1
119 0 0 1 33 51 0 1
120 0 1 1 1 e1 0 1
121 0 1 0 c4 e1 0 1
122 0 1 0 9e e1 0 1
123 0 1 1 6e d7 0 1
124 0 0 0 65 d7 0 1
125 0 1 1 41 8 0 1
126 0 1 0 72 8 0 1
127 0 1 0 f6 8 0 1
128 0 0 0 5 8 0 1
129 0 0 0 0 8 0 1
130 0 1 0 cd 8 0 1
131 0 1 0 6b 8 0 1
132 0 0 1 37 51 0 1
133 0 0 0 64 51 0 1
134 0 0 1 48 e1 0 1
135 0 0 1 15 d7 0 1
136 0 1 1 f6 8 0 1
137 0 1 1 a7 51 0 1
138 0 0 0 c3 51 0 1
139 0 0 1 7e e1 0 1
140 0 1 1 e4 d7 0 1
141 0 0 1 53 8 0 1
142 0 1 1 e 51 0 1
143 0 0 1 e e1 0 1
144 0 0 1 b1 d7 0 1
145 0 0 1 55 8 0 1
146 0 1 0 53 8 0 1
147 0 0 0 ca 8 0 1
148 0 0 1 f0 51 0 1
149 0 1 0 aa 51 0 1
150 0 1 0 b8 51 0 1
151 0 1 0 48 51 0 1
152 0 1 0 af 51 0 1
153 1 0 0 f3 51 1 0
154 0 1 0 19 51 0 0
155 0 1 1 3d 19 0 0
156 0 0 1 1a 3d 0 0
157 0 1 0 f2 3d 0 0
158 0 0 0 6f 3d 0 0
159 0 0 1 53 f2 0 0
END 160
