CTTRACE 1 DEPTH=4 WIDTH=8
0 1 0 0 e d7 1 0
1 0 0 1 a d7 1 0
2 0 1 0 7 d7 0 0
3 0 1 0 7e d7 0 0
4 0 1 0 15 d7 0 0
5 0 1 1 7a 7 0 0
6 0 0 0 93 7 0 0
7 0 0 0 46 7 0 0
8 0 1 0 5 7 0 1
9 0 1 0 ad 7 0 1
10 0 0 1 c6 7e 0 1
11 1 1 0 90 7e 1 0
12 0 0 1 ce 7e 1 0
13 0 0 1 90 7e 1 0
14 0 0 0 a1 7e 1 0
15 0 0 1 36 7e 1 0
16 0 0 0 b4 7e 1 0
17 0 0 0 70 7e 1 0
18 0 0 1 cc 7e 1 0
19 0 0 1 d8 7e 1 0
20 0 0 1 e5 7e 1 0
21 0 0 1 d7 7e 1 0
22 0 0 1 af 7e 1 0
23 0 0 1 b5 7e 1 0
24 0 0 0 41 7e 1 0
25 0 1 1 1a 7e 0 0
26 0 1 0 eb 7e 0 0
27 0 0 0 3a 7e 0 0
28 0 1 1 de 1a 0 0
29 0 1 0 9b 1a 0 0
30 0 0 1 1f eb 0 0
31 0 1 0 47 eb 0 1
32 0 1 1 19 de 0 1
33 0 1 0 29 de 0 1
34 0 1 1 a8 9b 0 1
35 0 1 1 ad 47 0 1
36 0 1 0 cd 47 0 1
37 0 1 0 2b 47 0 1
38 0 0 0 40 47 0 1
39 0 0 1 b eb 0 1
40 0 0 1 8d de 0 1
41 0 1 1 e1 9b 0 1
42 0 1 0 46 9b 0 1
43 0 0 0 84 9b 0 1
44 0 0 1 3f 47 0 1
45 0 1 1 e6 eb 0 1
46 0 0 1 7b de 0 1
47 0 0 1 c3 9b 0 1
48 0 1 0 bd 9b 0 1
49 0 0 0 79 9b 0 1
50 0 0 0 e3 9b 0 1
51 0 1 1 63 47 0 1
52 0 1 0 38 47 0 1
53 0 1 0 49 47 0 1
54 0 1 0 5a 47 0 1
55 0 1 0 e8 47 0 1
56 0 0 0 2b 47 0 1
57 0 0 0 56 47 0 1
58 0 1 0 69 47 0 1
59 0 1 1 be eb 0 1
60 0 1 1 f2 de 0 1
61 0 1 1 24 9b 0 1
62 0 0 1 78 47 0 1
63 0 0 0 f7 47 0 1
64 0 1 1 7f eb 0 1
65 0 1 1 50 de 0 1
66 0 0 1 c6 9b 0 1
67 0 1 1 11 47 0 1
68 0 1 1 51 eb 0 1
69 0 0 0 17 eb 0 1
70 0 1 1 57 de 0 1
71 0 0 1 b5 9b 0 1
72 0 1 0 34 9b 0 1
73 0 1 1 4a 47 0 1
74 0 1 1 91 eb 0 1
75 0 1 1 2e de 0 1
76 0 1 0 cd de 0 1
77 0 1 0 31 de 0 1
78 0 0 0 61 de 0 1
79 0 0 1 e 9b 0 1
80 0 0 0 c8 9b 0 1
81 0 0 1 ba 47 0 1
82 0 0 1 42 eb 0 1
83 0 1 0 7c eb 0 1
84 0 0 0 57 eb 0 1
85 0 0 0 96 eb 0 1
86 0 1 1 f0 de 0 1
87 0 0 1 55 9b 0 1
88 1 0 1 5b 9b 1 0
89 0 0 1 c9 9b 1 0
90 0 0 0 b2 9b 1 0
91 0 0 1 60 9b 1 0
92 0 0 1 99 9b 1 0
93 0 0 1 89 9b 1 0
94 0 1 1 f2 9b 0 0
95 0 0 1 8c f2 0 0
96 0 0 0 79 f2 0 0
97 0 1 1 3c eb 0 0
98 0 0 0 e4 eb 0 0
99 0 0 0 c9 eb 0 0
100 0 1 1 3f de 0 0
101 0 1 1 40 9b 0 0
102 0 1 1 c1 f2 0 0
103 0 1 1 c9 3c 0 0
104 0 0 1 1a 3f 0 0
105 0 1 0 9 3f 0 0
106 0 1 0 44 3f 0 0
107 0 1 1 a9 44 0 0
108 0 0 0 22 44 0 0
109 0 0 1 dc a9 0 0
110 0 1 1 6e c9 0 0
111 0 0 0 48 c9 0 0
112 0 1 1 12 9 0 0
113 0 0 1 4b 44 0 0
114 0 0 1 bb a9 0 0
115 0 0 1 ec 6e 0 0
116 0 1 1 b6 12 0 0
117 0 1 1 27 b6 0 0
118 0 1 1 89 27 0 0
119 0 0 0 e0 27 0 0
120 0 1 1 59 89 0 0
121 0 1 0 c3 89 0 1
122 0 1 0 c9 89 0 1
123 0 1 0 fe 89 0 1
124 0 1 0 17 89 0 1
125 0 1 0 96 89 0 1
126 0 1 0 39 89 0 1
127 0 1 1 4d 59 0 1
128 0 0 1 2f c3 0 1
129 0 1 0 e9 c3 0 1
130 0 0 0 a5 c3 0 1
131 0 1 1 77 27 0 1
132 0 0 0 b 27 0 1
133 0 0 1 b4 89 0 1
134 0 1 1 18 59 0 1
135 1 1 1 c4 59 1 0
136 0 1 1 a7 59 0 0
137 0 1 1 c2 a7 0 0
138 0 0 1 23 c2 0 0
139 0 1 0 c7 c2 0 0
140 0 0 1 f4 c7 0 0
141 0 0 1 18 c3 0 0
142 0 0 0 ff c3 0 0
143 0 1 1 5a a7 0 0
144 0 1 0 16 a7 0 0
145 0 1 0 5e a7 0 1
146 0 1 0 31 a7 0 1
147 0 0 1 42 5e 0 1
148 0 1 0 9f 5e 0 1
149 0 1 1 2 c7 0 1
150 0 1 0 fb c7 0 1
151 0 1 1 a8 5a 0 1
152 0 0 1 ba 16 0 1
153 0 0 0 e4 16 0 1
154 0 1 0 92 16 0 1
155 0 1 1 c4 5e 0 1
156 0 0 1 33 c7 0 1
157 0 0 1 8a 5a 0 1
158 0 1 1 c3 16 0 1
159 0 0 1 6 5e 0 1
END 160
