CTTRACE 1 DEPTH=4 WIDTH=8
0 1 1 1 25 d7 1 0
1 0 0 1 12 d7 1 0
2 0 0 1 7b d7 1 0
3 0 1 0 48 d7 0 0
4 0 1 0 5a d7 0 0
5 0 1 1 df 48 0 0
6 0 1 1 33 5a 0 0
7 0 1 0 65 5a 0 0
8 0 1 1 71 df 0 0
9 0 1 1 9d 33 0 0
10 0 1 1 c0 65 0 0
11 0 1 0 33 65 0 1
12 0 0 1 36 71 0 1
13 0 0 1 1e 9d 0 1
14 0 0 1 d8 c0 0 1
15 0 0 0 aa c0 0 1
16 0 1 1 b 33 0 1
17 0 1 0 31 33 0 1
18 0 1 0 ba 33 0 1
19 0 0 0 8d 33 0 1
20 0 0 1 b9 71 0 1
21 0 0 1 d2 9d 0 1
22 0 1 1 e c0 0 1
23 0 0 1 93 33 0 1
24 0 1 1 c4 71 0 1
25 0 0 1 df 9d 0 1
26 0 1 1 1 c0 0 1
27 0 1 0 7a c0 0 1
28 0 1 0 58 c0 0 1
29 0 1 1 a 33 0 1
30 0 0 0 66 33 0 1
31 0 1 0 49 33 0 1
32 0 1 1 77 71 0 1
33 1 1 1 14 71 1 0
34 0 1 0 44 71 0 0
35 0 1 0 4 71 0 0
36 0 0 1 ae 44 0 0
37 0 0 1 5f 4 0 0
38 0 0 0 26 4 0 0
39 0 0 1 e2 9d 0 0
40 0 0 1 16 c0 0 0
41 0 1 1 12 44 0 0
42 0 0 1 fb 4 0 0
43 0 0 1 64 12 0 0
44 0 0 1 bb c0 0 0
45 0 0 1 1f 44 0 0
46 0 1 0 37 44 0 0
47 0 1 0 2d 44 0 1
48 0 0 0 af 44 0 1
49 0 1 0 e0 44 0 1
50 0 1 0 40 44 0 1
51 0 1 0 7f 44 0 1
52 0 1 1 72 4 0 1
53 0 0 0 e6 4 0 1
54 0 1 0 d3 4 0 1
55 0 1 0 f2 4 0 1
56 0 0 0 e5 4 0 1
57 0 1 0 ef 4 0 1
58 0 1 0 98 4 0 1
59 0 1 0 34 4 0 1
60 0 1 1 b3 12 0 1
61 0 0 1 ce 37 0 1
62 0 0 0 0 37 0 1
63 0 0 1 3e 2d 0 1
64 0 0 1 8a 4 0 1
65 0 0 1 5b 12 0 1
66 0 0 1 c4 37 0 1
67 0 0 1 f9 2d 0 1
68 0 1 1 39 4 0 1
69 0 0 1 a5 12 0 1
70 0 1 1 d9 37 0 1
71 0 0 0 b2 37 0 1
72 0 1 0 88 37 0 1
73 0 1 1 3c 2d 0 1
74 0 1 1 97 4 0 1
75 0 1 0 13 4 0 1
76 0 1 0 31 4 0 1
77 0 1 0 40 4 0 1
78 0 0 0 63 4 0 1
79 0 0 0 68 4 0 1
80 0 1 1 1c 12 0 1
81 0 1 0 74 12 0 1
82 1 1 1 1d 12 1 0
83 0 1 0 0 12 0 0
84 0 0 1 db 0 0 0
85 0 0 1 b2 4 0 0
86 0 0 1 86 12 0 0
87 0 1 1 46 37 0 0
88 0 0 1 50 0 0 0
89 0 1 1 99 46 0 0
90 0 0 1 59 99 0 0
91 0 0 1 36 37 0 0
92 0 0 1 af 0 0 0
93 0 1 1 c9 46 0 0
94 0 1 1 18 99 0 0
95 0 1 1 4e c9 0 0
96 0 0 1 c8 18 0 0
97 0 1 0 ca 18 0 0
98 0 1 1 d6 4e 0 0
99 0 1 0 ed 4e 0 0
100 0 1 0 c3 4e 0 1
101 0 1 0 51 4e 0 1
102 0 0 0 f6 4e 0 1
103 0 1 1 c7 ca 0 1
104 0 1 1 22 d6 0 1
105 0 1 0 cd d6 0 1
106 0 1 1 e4 ed 0 1
107 0 1 0 87 ed 0 1
108 0 0 1 80 c3 0 1
109 0 0 1 4f ca 0 1
110 0 0 1 fb d6 0 1
111 0 0 1 db ed 0 1
112 0 0 1 3d c3 0 1
113 0 0 1 3b ca 0 1
114 0 0 1 a2 d6 0 1
115 0 0 1 ce ed 0 1
116 0 0 0 72 ed 0 1
117 0 0 0 ab ed 0 1
118 0 0 1 e2 c3 0 1
119 0 0 1 d8 ca 0 1
120 0 1 0 2a ca 0 1
121 0 1 1 49 d6 0 1
122 0 1 1 75 ed 0 1
123 0 1 1 cf c3 0 1
124 0 1 0 49 c3 0 1
125 0 1 0 5a c3 0 1
126 0 1 1 84 ca 0 1
127 0 1 0 d8 ca 0 1
128 0 1 0 e5 ca 0 1
129 0 1 1 ad d6 0 1
130 0 1 0 5d d6 0 1
131 0 0 1 81 ed 0 1
132 0 1 0 af ed 0 1
133 0 0 1 d0 c3 0 1
134 0 0 0 64 c3 0 1
135 0 1 1 33 ca 0 1
136 0 0 1 4d d6 0 1
137 0 1 0 e7 d6 0 1
138 0 1 1 eb ed 0 1
139 0 0 0 88 ed 0 1
140 0 0 0 9a ed 0 1
141 0 0 1 84 c3 0 1
142 0 0 1 7d ca 0 1
143 0 0 1 c3 d6 0 1
144 0 1 1 94 ed 0 1
145 0 1 1 cb c3 0 1
146 0 1 0 70 c3 0 1
147 0 1 1 a0 ca 0 1
148 0 0 1 ad d6 0 1
149 0 1 1 e2 ed 0 1
150 0 1 0 94 ed 0 1
151 0 0 0 7c ed 0 1
152 0 1 0 95 ed 0 1
153 0 1 1 d5 c3 0 1
154 0 0 0 5b c3 0 1
155 0 0 0 c0 c3 0 1
156 0 0 1 26 ca 0 1
157 0 0 1 4e d6 0 1
158 0 1 1 c3 ed 0 1
159 0 0 0 8c ed 0 1
END 160
