CTTRACE 1 DEPTH=4 WIDTH=8
0 1 1 1 8f d7 1 0
1 0 1 0 96 d7 0 0
2 0 0 1 7f 96 0 0
3 0 1 1 20 4d 0 0
4 0 1 0 b2 4d 0 0
5 0 1 0 75 4d 0 0
6 0 1 0 98 4d 0 1
7 0 1 1 18 b2 0 1
8 0 0 0 e5 b2 0 1
9 0 1 0 ca b2 0 1
10 0 1 1 85 75 0 1
11 0 1 0 18 75 0 1
12 0 0 1 db 98 0 1
13 0 0 1 62 20 0 1
14 0 0 0 d0 20 0 1
15 0 0 1 99 b2 0 1
16 0 0 0 46 b2 0 1
17 0 0 1 a9 75 0 1
18 0 0 0 1d 75 0 1
19 0 1 1 5f 98 0 1
20 0 0 1 9e 20 0 1
21 0 1 1 f7 b2 0 1
22 0 0 1 7e 75 0 1
23 0 0 1 60 98 0 1
24 0 1 0 f4 98 0 1
25 0 1 1 6f 20 0 1
26 0 1 0 58 20 0 1
27 0 0 0 13 20 0 1
28 0 1 0 9f 20 0 1
29 0 1 1 b b2 0 1
30 0 0 0 5 b2 0 1
31 0 0 0 e9 b2 0 1
32 0 0 0 11 b2 0 1
33 0 1 0 fe b2 0 1
34 0 1 0 d2 b2 0 1
35 0 1 0 91 b2 0 1
36 0 0 1 6c 75 0 1
37 0 0 0 49 75 0 1
38 0 0 0 e6 75 0 1
39 0 0 0 4e 75 0 1
40 0 0 0 c8 75 0 1
41 0 0 0 77 75 0 1
42 0 0 1 88 98 0 1
43 0 0 1 51 20 0 1
44 0 0 1 65 b2 0 1
45 0 0 1 e9 75 0 1
46 0 1 0 33 75 0 1
47 0 0 0 62 75 0 1
48 0 1 0 a2 75 0 1
49 0 1 0 c2 75 0 1
50 0 0 1 93 98 0 1
51 0 1 0 8c 98 0 1
52 0 1 1 92 20 0 1
53 0 1 0 eb 20 0 1
54 0 1 0 d8 20 0 1
55 0 1 0 8a 20 0 1
56 0 1 1 d1 b2 0 1
57 0 1 0 e7 b2 0 1
58 0 1 0 9d b2 0 1
59 0 1 0 60 b2 0 1
60 0 0 1 c6 75 0 1
61 0 1 1 3 98 0 1
62 0 0 1 8d 20 0 1
63 0 1 1 79 b2 0 1
64 0 0 1 2 75 0 1
65 0 0 1 61 98 0 1
66 0 0 0 22 98 0 1
67 0 1 0 75 98 0 1
68 0 0 1 69 20 0 1
69 0 0 1 2d b2 0 1
70 0 1 1 ac 75 0 1
71 0 0 1 c3 98 0 1
72 0 1 0 d5 98 0 1
73 0 0 0 15 98 0 1
74 0 1 0 44 98 0 1
75 0 0 0 8f 98 0 1
76 0 1 1 79 20 0 1
77 0 1 0 70 20 0 1
78 0 1 0 e6 20 0 1
79 0 1 1 88 b2 0 1
80 0 1 0 85 b2 0 1
81 0 1 1 83 75 0 1
82 0 1 1 87 98 0 1
83 0 1 0 24 98 0 1
84 0 0 1 d7 20 0 1
85 0 1 0 d 20 0 1
86 0 0 0 fe 20 0 1
87 0 0 0 a9 20 0 1
88 1 0 1 af 20 1 0
89 0 0 1 3d 20 1 0
90 0 1 1 d8 20 0 0
91 0 0 1 18 d8 0 0
92 0 0 1 25 20 0 0
93 0 0 1 93 b2 0 0
94 0 1 1 eb 75 0 0
95 0 0 0 9d 75 0 0
96 0 0 0 87 75 0 0
97 0 1 1 7b d8 0 0
98 0 1 0 87 d8 0 0
99 0 1 0 78 d8 0 0
100 0 1 1 e5 eb 0 0
101 0 1 0 88 eb 0 1
102 0 1 0 d1 eb 0 1
103 0 1 1 ed 88 0 1
104 0 1 0 ee 88 0 1
105 0 1 1 49 87 0 1
106 0 0 0 b1 87 0 1
107 0 1 0 6d 87 0 1
108 0 0 1 8 78 0 1
109 0 0 1 97 e5 0 1
110 0 0 0 92 e5 0 1
111 0 0 1 e4 88 0 1
112 0 0 1 b9 87 0 1
113 0 0 0 e1 87 0 1
114 0 0 0 a2 87 0 1
115 0 0 1 79 78 0 1
116 0 0 1 5e e5 0 1
117 0 0 1 97 88 0 1
118 0 0 1 dc 87 0 1
119 0 0 1 6 78 0 1
120 0 1 1 4b e5 0 1
121 1 1 1 b3 e5 1 0
122 0 0 0 d9 e5 1 0
123 0 0 1 f6 e5 1 0
124 0 1 1 22 e5 0 0
125 0 1 1 e2 22 0 0
126 0 0 1 bf e2 0 0
127 0 0 0 c6 e2 0 0
128 0 1 0 b6 e2 0 0
129 0 1 0 89 e2 0 0
130 0 1 0 af e2 0 1
131 0 0 0 ca e2 0 1
132 0 0 0 e6 e2 0 1
133 0 0 1 19 b6 0 1
134 0 1 1 8e 89 0 1
135 0 0 1 4e af 0 1
136 0 1 1 9d e2 0 1
137 0 0 1 3b b6 0 1
138 0 0 0 35 b6 0 1
139 0 1 1 1 89 0 1
140 0 1 1 66 af 0 1
141 0 1 1 3b e2 0 1
142 0 0 1 db b6 0 1
143 0 1 1 2b 89 0 1
144 0 1 0 57 89 0 1
145 0 1 0 c6 89 0 1
146 0 1 0 0 89 0 1
147 0 1 1 83 af 0 1
148 0 1 0 80 af 0 1
149 1 1 0 7d af 1 0
150 0 1 0 97 af 0 0
151 0 1 1 d9 97 0 0
152 0 1 1 af d9 0 0
153 0 0 0 cb d9 0 0
154 0 0 1 14 af 0 0
155 0 1 0 e8 af 0 0
156 0 0 0 2f af 0 0
157 0 0 0 b9 af 0 0
158 0 1 0 8 af 0 0
159 0 0 1 3a e8 0 0
END 160
