CTTRACE 1 DEPTH=4 WIDTH=8
0 1 1 1 be d7 1 0
1 0 1 0 a3 d7 0 0
2 0 1 1 83 a3 0 0
3 0 1 1 31 83 0 0
4 0 1 0 6 83 0 0
5 0 1 0 5 83 0 0
6 0 0 0 8e 83 0 0
7 0 0 0 dc 83 0 0
8 0 1 1 4e 31 0 0
9 0 1 0 e3 31 0 1
10 0 1 0 49 31 0 1
11 0 1 0 79 31 0 1
12 0 0 1 7d 6 0 1
13 0 0 1 2d 5 0 1
14 0 0 0 d8 5 0 1
15 0 0 1 f2 4e 0 1
16 0 0 0 24 4e 0 1
17 0 1 1 a0 e3 0 1
18 0 1 1 23 6 0 1
19 0 1 1 d8 5 0 1
20 0 0 1 e6 4e 0 1
21 0 0 1 79 e3 0 1
22 0 0 1 33 6 0 1
23 0 0 1 e5 5 0 1
24 0 1 0 b4 5 0 1
25 0 1 0 c3 5 0 1
26 0 0 1 dc 4e 0 1
27 0 1 0 89 4e 0 1
28 0 1 0 22 4e 0 1
29 0 1 0 4a 4e 0 1
30 0 0 1 2f e3 0 1
31 0 0 0 d e3 0 1
32 0 0 0 43 e3 0 1
33 0 1 1 d3 6 0 1
34 0 1 0 ab 6 0 1
35 1 1 1 fd 6 1 0
36 0 0 1 e 6 1 0
37 0 0 0 c5 6 1 0
38 0 0 0 69 6 1 0
39 0 0 1 d 6 1 0
40 0 0 1 62 6 1 0
41 0 0 1 5f 6 1 0
42 0 0 0 a3 6 1 0
43 0 0 1 21 6 1 0
44 0 0 1 da 6 1 0
45 0 0 0 1f 6 1 0
46 0 0 1 40 6 1 0
47 0 0 1 ac 6 1 0
48 0 1 1 6 6 0 0
49 0 1 0 da 6 0 0
50 0 0 0 9d 6 0 0
51 0 1 0 a3 6 0 0
52 0 1 1 cf 6 0 0
53 0 0 1 ad da 0 0
54 0 1 0 97 da 0 1
55 0 1 0 f7 da 0 1
56 0 0 0 be da 0 1
57 0 1 1 55 a3 0 1
58 0 1 0 96 a3 0 1
59 0 1 1 af cf 0 1
60 0 0 1 26 97 0 1
61 0 1 0 4b 97 0 1
62 0 0 1 ce da 0 1
63 0 0 1 e3 a3 0 1
64 0 0 1 d8 cf 0 1
65 0 0 0 de cf 0 1
66 0 1 0 b8 cf 0 1
67 0 0 1 55 97 0 1
68 0 0 0 17 97 0 1
69 1 0 0 3e 97 1 0
70 0 0 1 18 97 1 0
71 0 1 0 dc 97 0 0
72 0 1 0 71 97 0 0
73 0 1 1 23 dc 0 0
74 1 0 0 7e dc 1 0
75 0 1 0 e5 dc 0 0
76 0 1 0 2 dc 0 0
77 0 1 0 2e dc 0 0
78 0 1 0 80 dc 0 1
79 0 1 1 3f e5 0 1
80 0 1 0 d3 e5 0 1
81 0 1 0 7b e5 0 1
82 0 1 0 36 e5 0 1
83 0 1 0 30 e5 0 1
84 0 1 1 7b 2 0 1
85 0 0 1 e5 2e 0 1
86 0 1 1 e8 80 0 1
87 0 0 1 e8 e5 0 1
88 0 0 1 57 2 0 1
89 0 1 1 4e 2e 0 1
90 0 0 1 ef 80 0 1
91 0 1 0 6f 80 0 1
92 0 0 1 5f e5 0 1
93 0 0 1 fa 2 0 1
94 0 1 1 22 2e 0 1
95 0 0 1 b0 80 0 1
96 0 1 0 2c 80 0 1
97 0 1 0 82 80 0 1
98 0 1 1 c e5 0 1
99 0 1 0 b8 e5 0 1
100 0 1 0 c5 e5 0 1
101 0 1 0 2e e5 0 1
102 0 0 0 92 e5 0 1
103 0 0 0 e3 e5 0 1
104 0 1 0 58 e5 0 1
105 0 1 1 4f 2 0 1
106 0 1 0 7b 2 0 1
107 0 1 1 9f 2e 0 1
108 0 0 1 f3 80 0 1
109 0 1 1 13 e5 0 1
110 0 0 1 1a 2 0 1
111 0 0 1 38 2e 0 1
112 0 0 0 bd 2e 0 1
113 0 1 1 4c 80 0 1
114 0 0 1 7 e5 0 1
115 0 0 1 3e 2 0 1
116 0 0 1 a3 2e 0 1
117 0 0 0 2b 2e 0 1
118 0 1 1 11 80 0 1
119 0 0 1 f9 e5 0 1
120 0 1 0 3c e5 0 1
121 0 0 0 bd e5 0 1
122 0 1 0 68 e5 0 1
123 0 0 1 98 2 0 1
124 0 1 0 fc 2 0 1
125 0 1 0 e4 2 0 1
126 0 1 1 13 2e 0 1
127 0 1 0 b0 2e 0 1
128 0 1 1 bc 80 0 1
129 0 0 0 8d 80 0 1
130 0 1 1 bf e5 0 1
131 0 1 1 7c 2 0 1
132 0 1 0 58 2 0 1
133 0 1 1 fe 2e 0 1
134 0 1 1 e2 80 0 1
135 0 1 1 a1 e5 0 1
136 0 1 0 dd e5 0 1
137 0 0 1 96 2 0 1
138 0 1 0 c6 2 0 1
139 0 0 0 8b 2 0 1
140 0 1 1 90 2e 0 1
141 0 0 1 d6 80 0 1
142 0 0 1 d6 e5 0 1
143 0 0 1 af 2 0 1
144 0 1 1 0 2e 0 1
145 0 0 1 90 80 0 1
146 0 1 1 31 e5 0 1
147 0 1 1 fd 2 0 1
148 0 1 0 4b 2 0 1
149 0 0 0 1 2 0 1
150 0 1 0 14 2 0 1
151 0 1 0 86 2 0 1
152 0 1 0 1e 2 0 1
153 0 1 0 8f 2 0 1
154 0 0 0 27 2 0 1
155 0 1 0 9d 2 0 1
156 0 0 1 52 2e 0 1
157 0 1 0 94 2e 0 1
158 1 1 0 33 2e 1 0
159 0 1 0 5e 2e 0 0
END 160
