CTTRACE 1 DEPTH=4 WIDTH=8
0 1 0 0 c7 d7 1 0
1 0 1 1 a9 d7 0 0
2 0 0 1 59 a9 0 0
3 0 0 0 5a a9 0 0
4 0 1 1 f4 4d 0 0
5 0 1 0 22 4d 0 0
6 0 1 0 c8 4d 0 0
7 0 1 1 d0 22 0 0
8 0 1 0 97 22 0 1
9 0 1 0 67 22 0 1
10 0 1 0 f5 22 0 1
11 0 0 0 2 22 0 1
12 0 0 1 2d c8 0 1
13 0 0 0 34 c8 0 1
14 0 0 1 67 d0 0 1
15 0 1 1 4a 97 0 1
16 0 0 1 3e 22 0 1
17 0 0 1 84 c8 0 1
18 0 0 1 93 d0 0 1
19 0 1 0 b d0 0 1
20 0 0 1 e3 97 0 1
21 1 0 1 41 97 1 0
22 0 1 0 82 97 0 0
23 0 0 1 4d 82 0 0
24 0 1 1 8a 97 0 0
25 0 1 1 75 22 0 0
26 0 1 0 29 22 0 0
27 0 1 0 74 22 0 0
28 0 1 0 fb 22 0 1
29 0 1 1 23 29 0 1
30 0 0 0 83 29 0 1
31 0 1 0 95 29 0 1
32 1 1 0 4 29 1 0
33 0 0 0 c6 29 1 0
34 0 1 1 7f 29 0 0
35 0 1 0 46 29 0 0
36 0 0 0 51 29 0 0
37 0 0 1 f3 7f 0 0
38 0 0 1 aa 46 0 0
39 0 1 1 8e 75 0 0
40 0 0 1 0 29 0 0
41 0 1 1 94 7f 0 0
42 0 0 0 d6 7f 0 0
43 0 0 1 97 46 0 0
44 0 1 1 ce 8e 0 0
45 0 1 1 cc 94 0 0
46 0 0 1 c9 ce 0 0
47 0 0 1 fa cc 0 0
48 0 1 1 87 8e 0 0
49 0 0 1 65 94 0 0
50 0 1 0 54 94 0 0
51 0 0 0 dc 94 0 0
52 0 1 0 9 94 0 1
53 0 1 0 c7 94 0 1
54 0 1 1 b9 9 0 1
55 0 0 0 a8 9 0 1
56 0 1 1 e0 cc 0 1
57 0 1 0 54 cc 0 1
58 0 1 1 f4 87 0 1
59 0 1 0 3b 87 0 1
60 0 1 1 25 54 0 1
61 0 0 1 c5 9 0 1
62 0 1 1 29 cc 0 1
63 0 0 1 3c 87 0 1
64 0 0 0 b0 87 0 1
65 0 1 1 57 54 0 1
66 0 0 1 28 9 0 1
67 0 1 1 24 cc 0 1
68 0 0 0 3c cc 0 1
69 0 0 1 b1 87 0 1
70 0 0 0 c 87 0 1
71 0 1 1 5e 54 0 1
72 0 1 1 10 9 0 1
73 0 1 1 bf cc 0 1
74 0 1 0 7f cc 0 1
75 1 1 1 f cc 1 0
76 0 1 0 7 cc 0 0
77 0 1 0 c0 cc 0 0
78 0 1 0 b3 cc 0 0
79 0 1 1 6d 7 0 0
80 0 1 0 d6 7 0 1
81 0 1 0 e6 7 0 1
82 0 1 0 bc 7 0 1
83 0 1 1 61 c0 0 1
84 0 0 1 81 b3 0 1
85 0 0 1 22 6d 0 1
86 0 1 1 6f d6 0 1
87 0 0 1 1b c0 0 1
88 0 1 0 44 c0 0 1
89 0 0 1 53 b3 0 1
90 0 0 1 67 6d 0 1
91 0 1 0 53 6d 0 1
92 0 0 1 fe d6 0 1
93 0 0 1 54 c0 0 1
94 0 1 1 b8 b3 0 1
95 0 1 1 1f 6d 0 1
96 0 0 0 b1 6d 0 1
97 1 1 1 8 6d 1 0
98 0 1 0 fb 6d 0 0
99 0 0 1 38 fb 0 0
100 0 1 1 15 c0 0 0
101 0 1 1 5 b3 0 0
102 0 1 0 a2 b3 0 0
103 0 1 1 75 a2 0 0
104 0 1 0 38 a2 0 0
105 0 0 0 e2 a2 0 0
106 0 0 1 a4 75 0 0
107 0 0 0 c 75 0 0
108 0 1 1 a1 38 0 0
109 0 0 0 10 38 0 0
110 0 1 1 20 a1 0 0
111 0 1 1 da 20 0 0
112 0 1 1 5b da 0 0
113 0 1 1 f0 5b 0 0
114 0 0 1 60 f0 0 0
115 0 1 1 85 20 0 0
116 0 1 1 64 da 0 0
117 0 1 0 e da 0 1
118 0 0 1 94 e 0 1
119 0 1 0 b9 e 0 1
120 0 1 0 6d e 0 1
121 0 0 0 67 e 0 1
122 0 1 1 c f0 0 1
123 0 1 0 41 f0 0 1
124 0 1 0 7a f0 0 1
125 0 1 1 80 85 0 1
126 0 0 0 19 85 0 1
127 0 0 1 a 64 0 1
128 0 0 1 d4 e 0 1
129 0 0 1 e8 f0 0 1
130 0 1 0 22 f0 0 1
131 0 1 0 15 f0 0 1
132 0 0 1 fe 85 0 1
133 0 1 1 b9 64 0 1
134 0 0 0 f8 64 0 1
135 0 0 1 30 e 0 1
136 0 0 1 a1 f0 0 1
137 0 0 1 bb 85 0 1
138 0 0 0 c3 85 0 1
139 0 1 1 72 64 0 1
140 0 0 1 fa e 0 1
141 0 0 0 c4 e 0 1
142 0 0 1 e9 f0 0 1
143 0 0 1 3e 85 0 1
144 0 1 0 76 85 0 1
145 0 1 1 2e 64 0 1
146 0 1 0 d6 64 0 1
147 0 1 0 90 64 0 1
148 0 1 1 18 e 0 1
149 0 0 0 3b e 0 1
150 0 0 0 e6 e 0 1
151 0 1 0 70 e 0 1
152 0 1 0 8 e 0 1
153 0 1 0 31 e 0 1
154 0 1 0 fd e 0 1
155 0 1 1 86 f0 0 1
156 0 1 0 af f0 0 1
157 0 0 0 54 f0 0 1
158 0 1 0 78 f0 0 1
159 0 1 1 46 85 0 1
END 160
