CTTRACE 1 DEPTH=4 WIDTH=8
0 1 1 0 f d7 1 0
1 0 0 1 e1 d7 1 0
2 0 1 1 6f d7 0 0
3 0 1 1 4 6f 0 0
4 0 0 0 5e 6f 0 0
5 0 1 0 63 6f 0 0
6 0 1 0 34 6f 0 0
7 0 1 0 f8 6f 0 1
8 0 1 0 42 6f 0 1
9 0 0 0 6f 6f 0 1
10 0 1 1 9 4 0 1
11 0 0 0 34 4 0 1
12 0 0 1 61 63 0 1
13 0 1 1 10 34 0 1
14 0 0 1 d9 f8 0 1
15 0 1 1 b4 4 0 1
16 0 0 1 cf 63 0 1
17 0 0 0 1f 63 0 1
18 0 0 0 73 63 0 1
19 0 0 1 bb 34 0 1
20 0 1 1 d f8 0 1
21 0 0 1 26 4 0 1
22 0 0 1 8e 63 0 1
23 0 1 1 58 34 0 1
24 0 1 1 5d f8 0 1
25 0 1 0 9c f8 0 1
26 0 1 0 de f8 0 1
27 0 1 0 f4 f8 0 1
28 0 1 1 67 4 0 1
29 0 1 1 bf 63 0 1
30 0 1 1 d5 34 0 1
31 0 0 0 e4 34 0 1
32 0 1 0 61 34 0 1
33 0 1 1 32 f8 0 1
34 0 1 1 50 4 0 1
35 0 1 0 8e 4 0 1
36 0 0 1 48 63 0 1
37 0 0 1 cf 34 0 1
38 0 0 1 e8 f8 0 1
39 0 0 0 d8 f8 0 1
40 0 1 0 a3 f8 0 1
41 0 1 1 34 4 0 1
42 0 0 1 98 63 0 1
43 0 0 1 21 34 0 1
44 0 0 1 f6 f8 0 1
45 0 0 1 d0 4 0 1
46 0 1 0 f0 4 0 1
47 0 0 1 75 63 0 1
48 0 1 1 f3 34 0 1
49 0 1 0 21 34 0 1
50 0 1 0 64 34 0 1
51 0 1 1 b3 f8 0 1
52 0 0 0 ab f8 0 1
53 0 0 0 ac f8 0 1
54 0 1 1 3e 4 0 1
55 0 1 1 36 63 0 1
56 0 1 0 23 63 0 1
57 0 1 0 fd 63 0 1
58 0 1 0 87 63 0 1
59 0 0 1 17 34 0 1
60 0 0 1 99 f8 0 1
61 0 0 1 3e 4 0 1
62 0 0 0 6f 4 0 1
63 0 0 0 7b 4 0 1
64 0 1 1 19 63 0 1
65 0 0 1 c3 34 0 1
66 0 0 1 e5 f8 0 1
67 0 0 1 51 4 0 1
68 0 0 1 96 63 0 1
69 0 1 0 37 63 0 1
70 0 0 1 e2 34 0 1
71 0 0 1 f6 f8 0 1
72 0 1 0 4a f8 0 1
73 0 0 0 35 f8 0 1
74 0 0 0 b3 f8 0 1
75 0 1 1 a0 4 0 1
76 0 1 0 a0 4 0 1
77 0 1 1 2a 63 0 1
78 0 1 1 c9 34 0 1
79 0 1 1 e6 f8 0 1
80 0 1 0 8f f8 0 1
81 0 1 0 16 f8 0 1
82 0 1 0 da f8 0 1
83 0 0 0 ae f8 0 1
84 0 1 1 8d 4 0 1
85 1 0 1 52 4 1 0
86 0 0 0 d9 4 1 0
87 0 0 1 de 4 1 0
88 0 1 1 ff 4 0 0
89 0 0 1 6d ff 0 0
90 0 0 1 6c 4 0 0
91 0 0 0 1a 4 0 0
92 0 1 1 11 63 0 0
93 0 1 1 ad 34 0 0
94 0 0 0 98 34 0 0
95 0 0 0 1b 34 0 0
96 0 0 1 1b ff 0 0
97 0 0 0 d9 ff 0 0
98 0 0 0 ba ff 0 0
99 0 1 0 c9 ff 0 0
100 0 1 0 a2 ff 0 0
101 0 1 0 6e ff 0 1
102 0 1 0 58 ff 0 1
103 0 1 0 b6 ff 0 1
104 0 0 0 9a ff 0 1
105 0 1 0 aa ff 0 1
106 0 1 1 21 6e 0 1
107 0 1 0 4 6e 0 1
108 0 0 1 75 ad 0 1
109 0 0 1 6b c9 0 1
110 0 0 1 a5 a2 0 1
111 0 1 1 42 6e 0 1
112 0 0 1 80 ad 0 1
113 0 0 1 c7 c9 0 1
114 0 1 1 ef a2 0 1
115 0 1 1 62 6e 0 1
116 0 1 1 3a ad 0 1
117 0 0 0 6c ad 0 1
118 0 1 1 e c9 0 1
119 0 0 1 82 a2 0 1
120 0 1 0 80 a2 0 1
121 0 1 1 b2 6e 0 1
122 0 1 0 35 6e 0 1
123 0 1 0 db 6e 0 1
124 0 1 0 18 6e 0 1
125 0 0 0 e2 6e 0 1
126 0 0 0 c3 6e 0 1
127 0 1 1 32 ad 0 1
128 0 1 0 e6 ad 0 1
129 0 1 0 b9 ad 0 1
130 0 1 0 b9 ad 0 1
131 0 1 0 ed ad 0 1
132 0 0 1 8c c9 0 1
133 0 0 1 3 a2 0 1
134 0 1 1 c3 6e 0 1
135 0 0 1 a9 ad 0 1
136 0 1 1 78 c9 0 1
137 0 1 1 7a a2 0 1
138 0 0 1 7d 6e 0 1
139 0 1 1 65 ad 0 1
140 1 1 0 b4 ad 1 0
141 0 0 1 f4 ad 1 0
142 0 1 1 b ad 0 0
143 0 0 0 66 ad 0 0
144 1 1 0 75 ad 1 0
145 0 1 1 39 ad 0 0
146 0 1 0 b5 ad 0 0
147 0 1 0 28 ad 0 0
148 0 1 1 90 39 0 0
149 0 0 0 3 39 0 0
150 0 0 0 9 39 0 0
151 0 1 1 7e b5 0 0
152 0 1 0 79 b5 0 1
153 0 1 0 9b b5 0 1
154 0 1 0 ec b5 0 1
155 0 1 0 98 b5 0 1
156 0 0 1 90 28 0 1
157 0 0 0 51 28 0 1
158 0 1 1 7f 90 0 1
159 0 0 1 95 7e 0 1
END 160
