CTTRACE 1 DEPTH=4 WIDTH=8
0 1 0 0 73 d7 1 0
1 0 1 0 84 d7 0 0
2 0 1 0 95 d7 0 0
3 0 1 0 a6 d7 0 0
4 0 0 1 b7 84 0 0
5 0 0 1 c8 95 0 0
6 0 1 0 d9 95 0 1
7 0 1 0 ea 95 0 1
8 0 1 0 fb 95 0 1
9 0 1 0 c 95 0 1
10 0 0 1 1d a6 0 1
11 0 0 1 2e d9 0 1
12 0 0 1 3f 84 0 1
13 0 0 1 50 95 0 1
14 0 1 0 61 95 0 1
15 0 1 0 72 95 0 1
16 0 1 0 83 95 0 1
17 0 1 0 94 95 0 1
18 0 1 1 a5 a6 0 1
19 0 1 1 b6 d9 0 1
20 0 1 1 c7 84 0 1
21 0 1 1 d8 95 0 1
22 0 0 1 e9 a6 0 1
23 0 0 1 fa d9 0 1
24 0 0 1 b 84 0 1
25 0 0 1 1c 95 0 1
26 0 0 1 2d a6 0 1
END 27
