CTTRACE 1 DEPTH=4 WIDTH=8
0 1 0 0 c7 d7 1 0
1 0 1 1 a9 d7 0 0
2 0 0 1 59 a9 1 0
3 0 0 0 5a a9 1 0
4 0 1 1 f4 a9 0 0
5 0 1 0 22 a9 0 0
6 0 1 0 c8 a9 0 0
7 0 1 1 d0 f4 0 0
8 0 1 0 97 f4 0 1
9 0 1 0 67 f4 0 1
10 0 1 0 f5 f4 0 1
11 0 0 0 2 f4 0 1
12 0 0 1 2d 22 0 0
13 0 0 0 34 22 0 0
14 0 0 1 67 c8 0 0
15 0 1 1 4a d0 0 0
16 0 0 1 3e 97 0 0
17 0 0 1 84 4a 1 0
18 0 0 1 93 4a 1 0
19 0 1 0 b 4a 0 0
20 0 0 1 e3 b 1 0
21 1 0 1 41 b 1 0
22 0 1 0 82 b 0 0
23 0 0 1 4d 82 1 0
24 0 1 1 8a 82 0 0
25 0 1 1 75 8a 0 0
26 0 1 0 29 8a 0 0
27 0 1 0 74 8a 0 0
28 0 1 0 fb 8a 0 1
29 0 1 1 23 75 0 1
30 0 0 0 83 75 0 1
31 0 1 0 95 75 0 1
32 1 1 0 4 75 1 0
33 0 0 0 c6 75 1 0
34 0 1 1 7f 75 0 0
35 0 1 0 46 75 0 0
36 0 0 0 51 75 0 0
37 0 0 1 f3 7f 0 0
38 0 0 1 aa 46 1 0
39 0 1 1 8e 46 0 0
40 0 0 1 0 8e 1 0
41 0 1 1 94 8e 0 0
42 0 0 0 d6 8e 0 0
43 0 0 1 97 94 1 0
44 0 1 1 ce 94 0 0
45 0 1 1 cc ce 0 0
46 0 0 1 c9 cc 1 0
47 0 0 1 fa cc 1 0
48 0 1 1 87 cc 0 0
49 0 0 1 65 87 1 0
50 0 1 0 54 87 0 0
51 0 0 0 dc 87 0 0
52 0 1 0 9 87 0 0
53 0 1 0 c7 87 0 0
54 0 1 1 b9 54 0 0
55 0 0 0 a8 54 0 0
56 0 1 1 e0 9 0 0
57 0 1 0 54 9 0 1
58 0 1 1 f4 c7 0 1
59 0 1 0 3b c7 0 1
60 0 1 1 25 b9 0 1
61 0 0 1 c5 e0 0 0
62 0 1 1 29 54 0 0
63 0 0 1 3c f4 0 0
64 0 0 0 b0 f4 0 0
65 0 1 1 57 25 0 0
66 0 0 1 28 29 0 0
67 0 1 1 24 57 0 0
68 0 0 0 3c 57 0 0
69 0 0 1 b1 24 1 0
70 0 0 0 c 24 1 0
71 0 1 1 5e 24 0 0
72 0 1 1 10 5e 0 0
73 0 1 1 bf 10 0 0
74 0 1 0 7f 10 0 0
75 1 1 1 f 10 1 0
76 0 1 0 7 10 0 0
77 0 1 0 c0 10 0 0
78 0 1 0 b3 10 0 0
79 0 1 1 6d 7 0 0
80 0 1 0 d6 7 0 1
81 0 1 0 e6 7 0 1
82 0 1 0 bc 7 0 1
83 0 1 1 61 c0 0 1
84 0 0 1 81 b3 0 0
85 0 0 1 22 6d 0 0
86 0 1 1 6f d6 0 0
87 0 0 1 1b 61 0 0
88 0 1 0 44 61 0 0
89 0 0 1 53 6f 0 0
90 0 0 1 67 44 1 0
91 0 1 0 53 44 0 0
92 0 0 1 fe 53 1 0
93 0 0 1 54 53 1 0
94 0 1 1 b8 53 0 0
95 0 1 1 1f b8 0 0
96 0 0 0 b1 b8 0 0
97 1 1 1 8 b8 1 0
98 0 1 0 fb b8 0 0
99 0 0 1 38 fb 1 0
100 0 1 1 15 fb 0 0
101 0 1 1 5 15 0 0
102 0 1 0 a2 15 0 0
103 0 1 1 75 5 0 0
104 0 1 0 38 5 0 0
105 0 0 0 e2 5 0 0
106 0 0 1 a4 a2 0 0
107 0 0 0 c a2 0 0
108 0 1 1 a1 75 0 0
109 0 0 0 10 75 0 0
110 0 1 1 20 38 0 0
111 0 1 1 da a1 0 0
112 0 1 1 5b 20 0 0
113 0 1 1 f0 da 0 0
114 0 0 1 60 5b 0 0
115 0 1 1 85 f0 0 0
116 0 1 1 64 85 0 0
117 0 1 0 e 85 0 0
118 0 0 1 94 64 0 0
119 0 1 0 b9 64 0 0
120 0 1 0 6d 64 0 0
121 0 0 0 67 64 0 0
122 0 1 1 c e 0 0
123 0 1 0 41 e 0 1
124 0 1 0 7a e 0 1
125 0 1 1 80 b9 0 1
126 0 0 0 19 b9 0 1
127 0 0 1 a 6d 0 0
128 0 0 1 d4 c 0 0
129 0 0 1 e8 41 0 0
130 0 1 0 22 41 0 0
131 0 1 0 15 41 0 0
132 0 0 1 fe 80 0 0
133 0 1 1 b9 22 0 0
134 0 0 0 f8 22 0 0
135 0 0 1 30 15 0 0
136 0 0 1 a1 b9 1 0
137 0 0 1 bb b9 1 0
138 0 0 0 c3 b9 1 0
139 0 1 1 72 b9 0 0
140 0 0 1 fa 72 1 0
141 0 0 0 c4 72 1 0
142 0 0 1 e9 72 1 0
143 0 0 1 3e 72 1 0
144 0 1 0 76 72 0 0
145 0 1 1 2e 76 0 0
146 0 1 0 d6 76 0 0
147 0 1 0 90 76 0 0
148 0 1 1 18 2e 0 0
149 0 0 0 3b 2e 0 0
150 0 0 0 e6 2e 0 0
151 0 1 0 70 2e 0 1
152 0 1 0 8 2e 0 1
153 0 1 0 31 2e 0 1
154 0 1 0 fd 2e 0 1
155 0 1 1 86 d6 0 1
156 0 1 0 af d6 0 1
157 0 0 0 54 d6 0 1
158 0 1 0 78 d6 0 1
159 0 1 1 46 90 0 1
END 160
