CTTRACE 1 DEPTH=4 WIDTH=8
0 1 1 0 f d7 1 0
1 0 0 1 e1 d7 1 0
2 0 1 1 6f d7 0 0
3 0 1 1 4 6f 0 0
4 0 0 0 5e 6f 0 0
5 0 1 0 63 6f 0 0
6 0 1 0 34 6f 0 0
7 0 1 0 f8 6f 0 1
8 0 1 0 42 6f 0 1
9 0 0 0 6f 6f 0 1
10 0 1 1 9 4 0 1
11 0 0 0 34 4 0 1
12 0 0 1 61 63 0 0
13 0 1 1 10 34 0 0
14 0 0 1 d9 f8 0 0
15 0 1 1 b4 9 0 0
16 0 0 1 cf 10 0 0
17 0 0 0 1f 10 0 0
18 0 0 0 73 10 0 0
19 0 0 1 bb b4 1 0
20 0 1 1 d b4 0 0
21 0 0 1 26 d 1 0
22 0 0 1 8e d 1 0
23 0 1 1 58 d 0 0
24 0 1 1 5d 58 0 0
25 0 1 0 9c 58 0 0
26 0 1 0 de 58 0 0
27 0 1 0 f4 58 0 1
28 0 1 1 67 5d 0 1
29 0 1 1 bf 9c 0 1
30 0 1 1 d5 de 0 1
31 0 0 0 e4 de 0 1
32 0 1 0 61 de 0 1
33 0 1 1 32 f4 0 1
34 0 1 1 50 67 0 1
35 0 1 0 8e 67 0 1
36 0 0 1 48 bf 0 0
37 0 0 1 cf d5 0 0
38 0 0 1 e8 32 0 0
39 0 0 0 d8 32 0 0
40 0 1 0 a3 32 0 0
41 0 1 1 34 50 0 0
42 0 0 1 98 a3 0 0
43 0 0 1 21 34 1 0
44 0 0 1 f6 34 1 0
45 0 0 1 d0 34 1 0
46 0 1 0 f0 34 0 0
47 0 0 1 75 f0 1 0
48 0 1 1 f3 f0 0 0
49 0 1 0 21 f0 0 0
50 0 1 0 64 f0 0 0
51 0 1 1 b3 f3 0 0
52 0 0 0 ab f3 0 0
53 0 0 0 ac f3 0 0
54 0 1 1 3e 21 0 0
55 0 1 1 36 64 0 0
56 0 1 0 23 64 0 1
57 0 1 0 fd 64 0 1
58 0 1 0 87 64 0 1
59 0 0 1 17 b3 0 0
60 0 0 1 99 3e 0 0
61 0 0 1 3e 36 0 0
62 0 0 0 6f 36 0 0
63 0 0 0 7b 36 0 0
64 0 1 1 19 23 0 0
65 0 0 1 c3 19 1 0
66 0 0 1 e5 19 1 0
67 0 0 1 51 19 1 0
68 0 0 1 96 19 1 0
69 0 1 0 37 19 0 0
70 0 0 1 e2 37 1 0
71 0 0 1 f6 37 1 0
72 0 1 0 4a 37 0 0
73 0 0 0 35 37 0 0
74 0 0 0 b3 37 0 0
75 0 1 1 a0 4a 0 0
76 0 1 0 a0 4a 0 0
77 0 1 1 2a a0 0 0
78 0 1 1 c9 a0 0 0
79 0 1 1 e6 2a 0 0
80 0 1 0 8f 2a 0 0
81 0 1 0 16 2a 0 1
82 0 1 0 da 2a 0 1
83 0 0 0 ae 2a 0 1
84 0 1 1 8d c9 0 1
85 1 0 1 52 c9 1 0
86 0 0 0 d9 c9 1 0
87 0 0 1 de c9 1 0
88 0 1 1 ff c9 0 0
89 0 0 1 6d ff 1 0
90 0 0 1 6c ff 1 0
91 0 0 0 1a ff 1 0
92 0 1 1 11 ff 0 0
93 0 1 1 ad 11 0 0
94 0 0 0 98 11 0 0
95 0 0 0 1b 11 0 0
96 0 0 1 1b ad 1 0
97 0 0 0 d9 ad 1 0
98 0 0 0 ba ad 1 0
99 0 1 0 c9 ad 0 0
100 0 1 0 a2 ad 0 0
101 0 1 0 6e ad 0 0
102 0 1 0 58 ad 0 1
103 0 1 0 b6 ad 0 1
104 0 0 0 9a ad 0 1
105 0 1 0 aa ad 0 1
106 0 1 1 21 c9 0 1
107 0 1 0 4 c9 0 1
108 0 0 1 75 a2 0 0
109 0 0 1 6b 6e 0 0
110 0 0 1 a5 58 0 0
111 0 1 1 42 21 0 0
112 0 0 1 80 42 1 0
113 0 0 1 c7 42 1 0
114 0 1 1 ef 42 0 0
115 0 1 1 62 ef 0 0
116 0 1 1 3a 62 0 0
117 0 0 0 6c 62 0 0
118 0 1 1 e 3a 0 0
119 0 0 1 82 e 1 0
120 0 1 0 80 e 0 0
121 0 1 1 b2 80 0 0
122 0 1 0 35 80 0 0
123 0 1 0 db 80 0 0
124 0 1 0 18 80 0 1
125 0 0 0 e2 80 0 1
126 0 0 0 c3 80 0 1
127 0 1 1 32 b2 0 1
128 0 1 0 e6 b2 0 1
129 0 1 0 b9 b2 0 1
130 0 1 0 b9 b2 0 1
131 0 1 0 ed b2 0 1
132 0 0 1 8c 35 0 0
133 0 0 1 3 db 0 0
134 0 1 1 c3 18 0 0
135 0 0 1 a9 32 0 0
136 0 1 1 78 c3 0 0
137 0 1 1 7a 78 0 0
138 0 0 1 7d 7a 1 0
139 0 1 1 65 7a 0 0
140 1 1 0 b4 7a 1 0
141 0 0 1 f4 7a 1 0
142 0 1 1 b 7a 0 0
143 0 0 0 66 7a 0 0
144 1 1 0 75 7a 1 0
145 0 1 1 39 7a 0 0
146 0 1 0 b5 7a 0 0
147 0 1 0 28 7a 0 0
148 0 1 1 90 39 0 0
149 0 0 0 3 39 0 0
150 0 0 0 9 39 0 0
151 0 1 1 7e b5 0 0
152 0 1 0 79 b5 0 1
153 0 1 0 9b b5 0 1
154 0 1 0 ec b5 0 1
155 0 1 0 98 b5 0 1
156 0 0 1 90 28 0 0
157 0 0 0 51 28 0 0
158 0 1 1 7f 90 0 0
159 0 0 1 95 7e 0 0
END 160
