CTTRACE 1 DEPTH=4 WIDTH=8
0 1 0 0 e d7 1 0
1 0 0 1 a d7 1 0
2 0 1 0 7 d7 0 0
3 0 1 0 7e d7 0 0
4 0 1 0 15 d7 0 0
5 0 1 1 7a 7 0 0
6 0 0 0 93 7 0 0
7 0 0 0 46 7 0 0
8 0 1 0 5 7 0 1
9 0 1 0 ad 7 0 1
10 0 0 1 c6 7e 0 0
11 1 1 0 90 7e 1 0
12 0 0 1 ce 7e 1 0
13 0 0 1 90 7e 1 0
14 0 0 0 a1 7e 1 0
15 0 0 1 36 7e 1 0
16 0 0 0 b4 7e 1 0
17 0 0 0 70 7e 1 0
18 0 0 1 cc 7e 1 0
19 0 0 1 d8 7e 1 0
20 0 0 1 e5 7e 1 0
21 0 0 1 d7 7e 1 0
22 0 0 1 af 7e 1 0
23 0 0 1 b5 7e 1 0
24 0 0 0 41 7e 1 0
25 0 1 1 1a 7e 0 0
26 0 1 0 eb 7e 0 0
27 0 0 0 3a 7e 0 0
28 0 1 1 de 1a 0 0
29 0 1 0 9b 1a 0 0
30 0 0 1 1f eb 0 0
31 0 1 0 47 eb 0 0
32 0 1 1 19 de 0 0
33 0 1 0 29 de 0 1
34 0 1 1 a8 9b 0 1
35 0 1 1 ad 47 0 1
36 0 1 0 cd 47 0 1
37 0 1 0 2b 47 0 1
38 0 0 0 40 47 0 1
39 0 0 1 b 19 0 0
40 0 0 1 8d 29 0 0
41 0 1 1 e1 a8 0 0
42 0 1 0 46 a8 0 0
43 0 0 0 84 a8 0 0
44 0 0 1 3f ad 0 0
45 0 1 1 e6 e1 0 0
46 0 0 1 7b 46 0 0
47 0 0 1 c3 e6 1 0
48 0 1 0 bd e6 0 0
49 0 0 0 79 e6 0 0
50 0 0 0 e3 e6 0 0
51 0 1 1 63 bd 0 0
52 0 1 0 38 bd 0 0
53 0 1 0 49 bd 0 0
54 0 1 0 5a bd 0 1
55 0 1 0 e8 bd 0 1
56 0 0 0 2b bd 0 1
57 0 0 0 56 bd 0 1
58 0 1 0 69 bd 0 1
59 0 1 1 be 63 0 1
60 0 1 1 f2 38 0 1
61 0 1 1 24 49 0 1
62 0 0 1 78 5a 0 0
63 0 0 0 f7 5a 0 0
64 0 1 1 7f be 0 0
65 0 1 1 50 f2 0 0
66 0 0 1 c6 24 0 0
67 0 1 1 11 7f 0 0
68 0 1 1 51 50 0 0
69 0 0 0 17 50 0 0
70 0 1 1 57 11 0 0
71 0 0 1 b5 51 0 0
72 0 1 0 34 51 0 0
73 0 1 1 4a 57 0 0
74 0 1 1 91 34 0 0
75 0 1 1 2e 4a 0 0
76 0 1 0 cd 4a 0 0
77 0 1 0 31 4a 0 1
78 0 0 0 61 4a 0 1
79 0 0 1 e 91 0 0
80 0 0 0 c8 91 0 0
81 0 0 1 ba 2e 0 0
82 0 0 1 42 cd 0 0
83 0 1 0 7c cd 0 0
84 0 0 0 57 cd 0 0
85 0 0 0 96 cd 0 0
86 0 1 1 f0 31 0 0
87 0 0 1 55 7c 0 0
88 1 0 1 5b 7c 1 0
89 0 0 1 c9 7c 1 0
90 0 0 0 b2 7c 1 0
91 0 0 1 60 7c 1 0
92 0 0 1 99 7c 1 0
93 0 0 1 89 7c 1 0
94 0 1 1 f2 7c 0 0
95 0 0 1 8c f2 1 0
96 0 0 0 79 f2 1 0
97 0 1 1 3c f2 0 0
98 0 0 0 e4 f2 0 0
99 0 0 0 c9 f2 0 0
100 0 1 1 3f 3c 0 0
101 0 1 1 40 3f 0 0
102 0 1 1 c1 40 0 0
103 0 1 1 c9 c1 0 0
104 0 0 1 1a c9 1 0
105 0 1 0 9 c9 0 0
106 0 1 0 44 c9 0 0
107 0 1 1 a9 9 0 0
108 0 0 0 22 9 0 0
109 0 0 1 dc 44 0 0
110 0 1 1 6e a9 0 0
111 0 0 0 48 a9 0 0
112 0 1 1 12 6e 0 0
113 0 0 1 4b 12 1 0
114 0 0 1 bb 12 1 0
115 0 0 1 ec 12 1 0
116 0 1 1 b6 12 0 0
117 0 1 1 27 b6 0 0
118 0 1 1 89 27 0 0
119 0 0 0 e0 27 0 0
120 0 1 1 59 89 0 0
121 0 1 0 c3 89 0 0
122 0 1 0 c9 89 0 0
123 0 1 0 fe 89 0 1
124 0 1 0 17 89 0 1
125 0 1 0 96 89 0 1
126 0 1 0 39 89 0 1
127 0 1 1 4d 59 0 1
128 0 0 1 2f c3 0 0
129 0 1 0 e9 c3 0 1
130 0 0 0 a5 c3 0 1
131 0 1 1 77 c9 0 1
132 0 0 0 b c9 0 1
133 0 0 1 b4 fe 0 0
134 0 1 1 18 4d 0 0
135 1 1 1 c4 4d 1 0
136 0 1 1 a7 4d 0 0
137 0 1 1 c2 a7 0 0
138 0 0 1 23 c2 1 0
139 0 1 0 c7 c2 0 0
140 0 0 1 f4 c7 1 0
141 0 0 1 18 c7 1 0
142 0 0 0 ff c7 1 0
143 0 1 1 5a c7 0 0
144 0 1 0 16 c7 0 0
145 0 1 0 5e c7 0 0
146 0 1 0 31 c7 0 1
147 0 0 1 42 5a 0 0
148 0 1 0 9f 5a 0 1
149 0 1 1 2 16 0 1
150 0 1 0 fb 16 0 1
151 0 1 1 a8 5e 0 1
152 0 0 1 ba 31 0 0
153 0 0 0 e4 31 0 0
154 0 1 0 92 31 0 1
155 0 1 1 c4 9f 0 1
156 0 0 1 33 2 0 0
157 0 0 1 8a a8 0 0
158 0 1 1 c3 92 0 0
159 0 0 1 6 c4 0 0
END 160
