SBY 19:47:15 [mutant_1_props] Removing directory '/tmp/work/checks/mutant_1_props'.
SBY 19:47:15 [mutant_1_props] Copy '/tmp/work/checks/all_mut.v' to '/tmp/work/checks/mutant_1_props/src/all_mut.v'.
SBY 19:47:15 [mutant_1_props] Copy '/tmp/work/checks/mutant.sv' to '/tmp/work/checks/mutant_1_props/src/mutant.sv'.
SBY 19:47:15 [mutant_1_props] Copy '/tmp/work/checks/props.sv' to '/tmp/work/checks/mutant_1_props/src/props.sv'.
SBY 19:47:15 [mutant_1_props] engine_0: abc bmc3
SBY 19:47:15 [mutant_1_props] base: starting process "cd mutant_1_props/src; yosys -ql ../model/design.log ../model/design.ys"
SBY 19:47:15 [mutant_1_props] base: Warning: Encountered `parallel_case' comment! Such legacy hot comments are supported by Yosys, but are not part of any formal language specification. Using the Verilog `parallel_case' attribute or the SystemVerilog `unique' or `priority' keywords is recommended!
SBY 19:47:15 [mutant_1_props] base: finished (returncode=0)
SBY 19:47:15 [mutant_1_props] prep: starting process "cd mutant_1_props/model; yosys -ql design_prep.log design_prep.ys"
SBY 19:47:15 [mutant_1_props] prep: finished (returncode=0)
SBY 19:47:15 [mutant_1_props] aig: starting process "cd mutant_1_props/model; yosys -ql design_aiger.log design_aiger.ys"
SBY 19:47:15 [mutant_1_props] aig: Warning: Treating undriven bit ct_props_top.\clk like $anyseq.
SBY 19:47:15 [mutant_1_props] aig: Warning: Treating undriven bit ct_props_top.\wr_en like $anyseq.
SBY 19:47:15 [mutant_1_props] aig: Warning: Treating undriven bit ct_props_top.\rst like $anyseq.
SBY 19:47:15 [mutant_1_props] aig: Warning: Treating undriven bit ct_props_top.\rd_en like $anyseq.
SBY 19:47:15 [mutant_1_props] aig: Warning: Treating undriven bit ct_props_top.\din [0] like $anyseq.
SBY 19:47:15 [mutant_1_props] aig: Warning: Treating undriven bit ct_props_top.\din [1] like $anyseq.
SBY 19:47:15 [mutant_1_props] aig: Warning: Treating undriven bit ct_props_top.\din [2] like $anyseq.
SBY 19:47:15 [mutant_1_props] aig: Warning: Treating undriven bit ct_props_top.\din [3] like $anyseq.
SBY 19:47:15 [mutant_1_props] aig: Warning: Treating undriven bit ct_props_top.\din [4] like $anyseq.
SBY 19:47:15 [mutant_1_props] aig: Warning: Treating undriven bit ct_props_top.\din [5] like $anyseq.
SBY 19:47:15 [mutant_1_props] aig: Warning: Treating undriven bit ct_props_top.\din [6] like $anyseq.
SBY 19:47:15 [mutant_1_props] aig: Warning: Treating undriven bit ct_props_top.\din [7] like $anyseq.
SBY 19:47:15 [mutant_1_props] aig: Warning: Treating a total of 12 undriven bits in ct_props_top like $anyseq.
SBY 19:47:15 [mutant_1_props] aig: finished (returncode=0)
SBY 19:47:15 [mutant_1_props] engine_0: starting process "cd mutant_1_props; yosys-abc -c 'read_aiger model/design_aiger.aig; fold; strash; bmc3 -F 20 -v; write_cex -a engine_0/trace.aiw'"
SBY 19:47:15 [mutant_1_props] engine_0: ======== ABC command line "read_aiger model/design_aiger.aig; fold; strash; bmc3 -F 20 -v; write_cex -a engine_0/trace.aiw"
SBY 19:47:15 [mutant_1_props] engine_0: Warning: The last 2 outputs are interpreted as constraints.
SBY 19:47:15 [mutant_1_props] engine_0: Running "bmc3". PI/PO/Reg = 272/3/140. And =   1007. Lev =    15. ObjNums =   875.
SBY 19:47:15 [mutant_1_props] engine_0: Params: FramesMax = 20. Start = 0. ConfLimit = 0. TimeOut = 0. SolveAll = 0.
SBY 19:47:15 [mutant_1_props] engine_0: 0 + : Var =       1. Cla =        0. Conf =      0. Learn =      0.    0 MB   4 MB     0.01 sec
SBY 19:47:15 [mutant_1_props] engine_0: 1 + : Var =       1. Cla =        0. Conf =      0. Learn =      0.    0 MB   4 MB     0.01 sec
SBY 19:47:15 [mutant_1_props] engine_0: 2 + : Var =     176. Cla =      344. Conf =      0. Learn =      0.    0 MB   4 MB     0.01 sec
SBY 19:47:15 [mutant_1_props] engine_0: 3 + : Var =     452. Cla =     1027. Conf =      2. Learn =      1.    0 MB   4 MB     0.01 sec
SBY 19:47:15 [mutant_1_props] engine_0: 4 + : Var =     731. Cla =     1724. Conf =     31. Learn =     27.    0 MB   4 MB     0.01 sec
SBY 19:47:15 [mutant_1_props] engine_0: 5 + : Var =    1010. Cla =     2421. Conf =    117. Learn =    110.    0 MB   4 MB     0.01 sec
SBY 19:47:15 [mutant_1_props] engine_0: 6 + : Var =    1289. Cla =     3118. Conf =    286. Learn =    276.    0 MB   4 MB     0.01 sec
SBY 19:47:15 [mutant_1_props] engine_0: 7 + : Var =    1568. Cla =     3815. Conf =    583. Learn =    570.    0 MB   4 MB     0.02 sec
SBY 19:47:15 [mutant_1_props] engine_0: 8 + : Var =    1847. Cla =     4512. Conf =    959. Learn =    943.    0 MB   4 MB     0.02 sec
SBY 19:47:15 [mutant_1_props] engine_0: 9 + : Var =    2126. Cla =     5209. Conf =   1429. Learn =   1410.    0 MB   4 MB     0.02 sec
SBY 19:47:15 [mutant_1_props] engine_0: 10 + : Var =    2405. Cla =     5906. Conf =   1964. Learn =   1942.    0 MB   4 MB     0.03 sec
SBY 19:47:15 [mutant_1_props] engine_0: 11 + : Var =    2684. Cla =     6603. Conf =   2556. Learn =   2531.    0 MB   4 MB     0.03 sec
SBY 19:47:15 [mutant_1_props] engine_0: 12 + : Var =    2963. Cla =     7300. Conf =   3237. Learn =   3209.    0 MB   4 MB     0.04 sec
SBY 19:47:15 [mutant_1_props] engine_0: 13 + : Var =    3242. Cla =     7997. Conf =   3966. Learn =   3935.    0 MB   4 MB     0.05 sec
SBY 19:47:15 [mutant_1_props] engine_0: 14 + : Var =    3521. Cla =     8694. Conf =   4789. Learn =   4755.    0 MB   4 MB     0.06 sec
SBY 19:47:15 [mutant_1_props] engine_0: 15 + : Var =    3800. Cla =     9391. Conf =   5690. Learn =   5653.    0 MB   5 MB     0.08 sec
SBY 19:47:15 [mutant_1_props] engine_0: 16 + : Var =    4079. Cla =    10088. Conf =   6831. Learn =   6791.    0 MB   6 MB     0.10 sec
SBY 19:47:15 [mutant_1_props] engine_0: 17 + : Var =    4358. Cla =    10785. Conf =   7950. Learn =   7907.    0 MB   6 MB     0.12 sec
SBY 19:47:15 [mutant_1_props] engine_0: 18 + : Var =    4637. Cla =    11482. Conf =   9465. Learn =   9419.    0 MB   7 MB     0.14 sec
SBY 19:47:15 [mutant_1_props] engine_0: 19 + : Var =    4916. Cla =    12179. Conf =  10897. Learn =   8883.    0 MB   7 MB     0.18 sec
SBY 19:47:15 [mutant_1_props] engine_0: Runtime:  CNF = 0.0 sec (1.1 %)  UNSAT = 0.2 sec (90.8 %)  SAT = 0.0 sec (0.0 %)  UNDEC = 0.0 sec (0.0 %)
SBY 19:47:15 [mutant_1_props] engine_0: LStart(P) = 10000  LDelta(Q) = 2000  LRatio(R) = 80  ReduceDB = 1  Vars = 4916  Used = 4422 (89.95 %)
SBY 19:47:15 [mutant_1_props] engine_0: Buffs = 1396. Dups = 0.   Hash hits = 238.  Hash misses = 2866.  UniProps = 0.
SBY 19:47:15 [mutant_1_props] engine_0: No output asserted in 20 frames. Resource limit reached (conf limit 0). Time =     0.18 sec
SBY 19:47:15 [mutant_1_props] engine_0: Counter-example is not available.
SBY 19:47:15 [mutant_1_props] engine_0: finished (returncode=0)
SBY 19:47:15 [mutant_1_props] engine_0: Status returned by engine: PASS
SBY 19:47:15 [mutant_1_props] summary: Elapsed clock time [H:MM:SS (secs)]: 0:00:00 (0)
SBY 19:47:15 [mutant_1_props] summary: Elapsed process time [H:MM:SS (secs)]: 0:00:00 (0)
SBY 19:47:15 [mutant_1_props] summary: engine_0 (abc bmc3) returned PASS
SBY 19:47:15 [mutant_1_props] summary: engine_0 did not produce any traces
SBY 19:47:15 [mutant_1_props] DONE (PASS, rc=0)
