SBY 19:47:18 [mutant_9_props] Removing directory '/tmp/work/checks/mutant_9_props'.
SBY 19:47:18 [mutant_9_props] Copy '/tmp/work/checks/all_mut.v' to '/tmp/work/checks/mutant_9_props/src/all_mut.v'.
SBY 19:47:18 [mutant_9_props] Copy '/tmp/work/checks/mutant.sv' to '/tmp/work/checks/mutant_9_props/src/mutant.sv'.
SBY 19:47:18 [mutant_9_props] Copy '/tmp/work/checks/props.sv' to '/tmp/work/checks/mutant_9_props/src/props.sv'.
SBY 19:47:18 [mutant_9_props] engine_0: abc bmc3
SBY 19:47:18 [mutant_9_props] base: starting process "cd mutant_9_props/src; yosys -ql ../model/design.log ../model/design.ys"
SBY 19:47:18 [mutant_9_props] base: Warning: Encountered `parallel_case' comment! Such legacy hot comments are supported by Yosys, but are not part of any formal language specification. Using the Verilog `parallel_case' attribute or the SystemVerilog `unique' or `priority' keywords is recommended!
SBY 19:47:18 [mutant_9_props] base: finished (returncode=0)
SBY 19:47:18 [mutant_9_props] prep: starting process "cd mutant_9_props/model; yosys -ql design_prep.log design_prep.ys"
SBY 19:47:18 [mutant_9_props] prep: finished (returncode=0)
SBY 19:47:18 [mutant_9_props] aig: starting process "cd mutant_9_props/model; yosys -ql design_aiger.log design_aiger.ys"
SBY 19:47:18 [mutant_9_props] aig: Warning: Treating undriven bit ct_props_top.\clk like $anyseq.
SBY 19:47:18 [mutant_9_props] aig: Warning: Treating undriven bit ct_props_top.\wr_en like $anyseq.
SBY 19:47:18 [mutant_9_props] aig: Warning: Treating undriven bit ct_props_top.\rst like $anyseq.
SBY 19:47:18 [mutant_9_props] aig: Warning: Treating undriven bit ct_props_top.\rd_en like $anyseq.
SBY 19:47:18 [mutant_9_props] aig: Warning: Treating undriven bit ct_props_top.\din [0] like $anyseq.
SBY 19:47:18 [mutant_9_props] aig: Warning: Treating undriven bit ct_props_top.\din [1] like $anyseq.
SBY 19:47:18 [mutant_9_props] aig: Warning: Treating undriven bit ct_props_top.\din [2] like $anyseq.
SBY 19:47:18 [mutant_9_props] aig: Warning: Treating undriven bit ct_props_top.\din [3] like $anyseq.
SBY 19:47:18 [mutant_9_props] aig: Warning: Treating undriven bit ct_props_top.\din [4] like $anyseq.
SBY 19:47:18 [mutant_9_props] aig: Warning: Treating undriven bit ct_props_top.\din [5] like $anyseq.
SBY 19:47:18 [mutant_9_props] aig: Warning: Treating undriven bit ct_props_top.\din [6] like $anyseq.
SBY 19:47:18 [mutant_9_props] aig: Warning: Treating undriven bit ct_props_top.\din [7] like $anyseq.
SBY 19:47:18 [mutant_9_props] aig: Warning: Treating a total of 12 undriven bits in ct_props_top like $anyseq.
SBY 19:47:18 [mutant_9_props] aig: finished (returncode=0)
SBY 19:47:18 [mutant_9_props] engine_0: starting process "cd mutant_9_props; yosys-abc -c 'read_aiger model/design_aiger.aig; fold; strash; bmc3 -F 20 -v; write_cex -a engine_0/trace.aiw'"
SBY 19:47:18 [mutant_9_props] engine_0: ======== ABC command line "read_aiger model/design_aiger.aig; fold; strash; bmc3 -F 20 -v; write_cex -a engine_0/trace.aiw"
SBY 19:47:18 [mutant_9_props] engine_0: Warning: The last 2 outputs are interpreted as constraints.
SBY 19:47:18 [mutant_9_props] engine_0: Running "bmc3". PI/PO/Reg = 272/3/140. And =   1009. Lev =    15. ObjNums =   875.
SBY 19:47:18 [mutant_9_props] engine_0: Params: FramesMax = 20. Start = 0. ConfLimit = 0. TimeOut = 0. SolveAll = 0.
SBY 19:47:18 [mutant_9_props] engine_0: 0 + : Var =       1. Cla =        0. Conf =      0. Learn =      0.    0 MB   4 MB     0.02 sec
SBY 19:47:18 [mutant_9_props] engine_0: 1 + : Var =       1. Cla =        0. Conf =      0. Learn =      0.    0 MB   4 MB     0.02 sec
SBY 19:47:18 [mutant_9_props] engine_0: 2 + : Var =     175. Cla =      340. Conf =      0. Learn =      0.    0 MB   4 MB     0.02 sec
SBY 19:47:18 [mutant_9_props] engine_0: 3 + : Var =     451. Cla =     1022. Conf =      2. Learn =      1.    0 MB   4 MB     0.02 sec
SBY 19:47:18 [mutant_9_props] engine_0: 4 + : Var =     730. Cla =     1718. Conf =     32. Learn =     28.    0 MB   4 MB     0.02 sec
SBY 19:47:18 [mutant_9_props] engine_0: 5 + : Var =    1009. Cla =     2414. Conf =    120. Learn =    113.    0 MB   4 MB     0.02 sec
SBY 19:47:18 [mutant_9_props] engine_0: 6 + : Var =    1288. Cla =     3110. Conf =    314. Learn =    304.    0 MB   4 MB     0.02 sec
SBY 19:47:18 [mutant_9_props] engine_0: 7 + : Var =    1567. Cla =     3806. Conf =    645. Learn =    632.    0 MB   4 MB     0.03 sec
SBY 19:47:18 [mutant_9_props] engine_0: 8 + : Var =    1846. Cla =     4502. Conf =    992. Learn =    976.    0 MB   4 MB     0.04 sec
SBY 19:47:18 [mutant_9_props] engine_0: 9 + : Var =    2125. Cla =     5198. Conf =   1400. Learn =   1381.    0 MB   4 MB     0.04 sec
SBY 19:47:18 [mutant_9_props] engine_0: 10 + : Var =    2404. Cla =     5894. Conf =   2000. Learn =   1978.    0 MB   4 MB     0.06 sec
SBY 19:47:18 [mutant_9_props] engine_0: 11 + : Var =    2683. Cla =     6590. Conf =   2531. Learn =   2506.    0 MB   4 MB     0.07 sec
SBY 19:47:18 [mutant_9_props] engine_0: 12 + : Var =    2962. Cla =     7286. Conf =   3181. Learn =   3153.    0 MB   4 MB     0.09 sec
SBY 19:47:18 [mutant_9_props] engine_0: 13 + : Var =    3241. Cla =     7982. Conf =   4045. Learn =   4014.    0 MB   4 MB     0.11 sec
SBY 19:47:19 [mutant_9_props] engine_0: 14 + : Var =    3520. Cla =     8678. Conf =   4816. Learn =   4782.    0 MB   4 MB     0.12 sec
SBY 19:47:19 [mutant_9_props] engine_0: 15 + : Var =    3799. Cla =     9374. Conf =   5978. Learn =   5941.    0 MB   5 MB     0.16 sec
SBY 19:47:19 [mutant_9_props] engine_0: 16 + : Var =    4078. Cla =    10070. Conf =   6984. Learn =   6944.    0 MB   6 MB     0.19 sec
SBY 19:47:19 [mutant_9_props] engine_0: 17 + : Var =    4357. Cla =    10766. Conf =   8045. Learn =   8002.    0 MB   6 MB     0.22 sec
SBY 19:47:19 [mutant_9_props] engine_0: 18 + : Var =    4636. Cla =    11462. Conf =   9334. Learn =   9288.    0 MB   7 MB     0.24 sec
SBY 19:47:19 [mutant_9_props] engine_0: 19 + : Var =    4915. Cla =    12158. Conf =  10809. Learn =   8780.    0 MB   7 MB     0.28 sec
SBY 19:47:19 [mutant_9_props] engine_0: Runtime:  CNF = 0.0 sec (1.3 %)  UNSAT = 0.2 sec (86.3 %)  SAT = 0.0 sec (0.0 %)  UNDEC = 0.0 sec (0.0 %)
SBY 19:47:19 [mutant_9_props] engine_0: LStart(P) = 10000  LDelta(Q) = 2000  LRatio(R) = 80  ReduceDB = 1  Vars = 4915  Used = 4549 (92.55 %)
SBY 19:47:19 [mutant_9_props] engine_0: Buffs = 1396. Dups = 0.   Hash hits = 238.  Hash misses = 2865.  UniProps = 0.
SBY 19:47:19 [mutant_9_props] engine_0: No output asserted in 20 frames. Resource limit reached (conf limit 0). Time =     0.28 sec
SBY 19:47:19 [mutant_9_props] engine_0: Counter-example is not available.
SBY 19:47:19 [mutant_9_props] engine_0: finished (returncode=0)
SBY 19:47:19 [mutant_9_props] engine_0: Status returned by engine: PASS
SBY 19:47:19 [mutant_9_props] summary: Elapsed clock time [H:MM:SS (secs)]: 0:00:00 (0)
SBY 19:47:19 [mutant_9_props] summary: Elapsed process time [H:MM:SS (secs)]: 0:00:00 (0)
SBY 19:47:19 [mutant_9_props] summary: engine_0 (abc bmc3) returned PASS
SBY 19:47:19 [mutant_9_props] summary: engine_0 did not produce any traces
SBY 19:47:19 [mutant_9_props] DONE (PASS, rc=0)
