SBY 19:47:17 [mutant_5_props] Removing directory '/tmp/work/checks/mutant_5_props'.
SBY 19:47:17 [mutant_5_props] Copy '/tmp/work/checks/all_mut.v' to '/tmp/work/checks/mutant_5_props/src/all_mut.v'.
SBY 19:47:17 [mutant_5_props] Copy '/tmp/work/checks/mutant.sv' to '/tmp/work/checks/mutant_5_props/src/mutant.sv'.
SBY 19:47:17 [mutant_5_props] Copy '/tmp/work/checks/props.sv' to '/tmp/work/checks/mutant_5_props/src/props.sv'.
SBY 19:47:17 [mutant_5_props] engine_0: abc bmc3
SBY 19:47:17 [mutant_5_props] base: starting process "cd mutant_5_props/src; yosys -ql ../model/design.log ../model/design.ys"
SBY 19:47:17 [mutant_5_props] base: Warning: Encountered `parallel_case' comment! Such legacy hot comments are supported by Yosys, but are not part of any formal language specification. Using the Verilog `parallel_case' attribute or the SystemVerilog `unique' or `priority' keywords is recommended!
SBY 19:47:17 [mutant_5_props] base: finished (returncode=0)
SBY 19:47:17 [mutant_5_props] prep: starting process "cd mutant_5_props/model; yosys -ql design_prep.log design_prep.ys"
SBY 19:47:17 [mutant_5_props] prep: finished (returncode=0)
SBY 19:47:17 [mutant_5_props] aig: starting process "cd mutant_5_props/model; yosys -ql design_aiger.log design_aiger.ys"
SBY 19:47:17 [mutant_5_props] aig: Warning: Treating undriven bit ct_props_top.\clk like $anyseq.
SBY 19:47:17 [mutant_5_props] aig: Warning: Treating undriven bit ct_props_top.\wr_en like $anyseq.
SBY 19:47:17 [mutant_5_props] aig: Warning: Treating undriven bit ct_props_top.\rst like $anyseq.
SBY 19:47:17 [mutant_5_props] aig: Warning: Treating undriven bit ct_props_top.\rd_en like $anyseq.
SBY 19:47:17 [mutant_5_props] aig: Warning: Treating undriven bit ct_props_top.\din [0] like $anyseq.
SBY 19:47:17 [mutant_5_props] aig: Warning: Treating undriven bit ct_props_top.\din [1] like $anyseq.
SBY 19:47:17 [mutant_5_props] aig: Warning: Treating undriven bit ct_props_top.\din [2] like $anyseq.
SBY 19:47:17 [mutant_5_props] aig: Warning: Treating undriven bit ct_props_top.\din [3] like $anyseq.
SBY 19:47:17 [mutant_5_props] aig: Warning: Treating undriven bit ct_props_top.\din [4] like $anyseq.
SBY 19:47:17 [mutant_5_props] aig: Warning: Treating undriven bit ct_props_top.\din [5] like $anyseq.
SBY 19:47:17 [mutant_5_props] aig: Warning: Treating undriven bit ct_props_top.\din [6] like $anyseq.
SBY 19:47:17 [mutant_5_props] aig: Warning: Treating undriven bit ct_props_top.\din [7] like $anyseq.
SBY 19:47:17 [mutant_5_props] aig: Warning: Treating a total of 12 undriven bits in ct_props_top like $anyseq.
SBY 19:47:17 [mutant_5_props] aig: finished (returncode=0)
SBY 19:47:17 [mutant_5_props] engine_0: starting process "cd mutant_5_props; yosys-abc -c 'read_aiger model/design_aiger.aig; fold; strash; bmc3 -F 20 -v; write_cex -a engine_0/trace.aiw'"
SBY 19:47:17 [mutant_5_props] engine_0: ======== ABC command line "read_aiger model/design_aiger.aig; fold; strash; bmc3 -F 20 -v; write_cex -a engine_0/trace.aiw"
SBY 19:47:17 [mutant_5_props] engine_0: Warning: The last 2 outputs are interpreted as constraints.
SBY 19:47:17 [mutant_5_props] engine_0: Running "bmc3". PI/PO/Reg = 272/3/140. And =   1008. Lev =    15. ObjNums =   877.
SBY 19:47:17 [mutant_5_props] engine_0: Params: FramesMax = 20. Start = 0. ConfLimit = 0. TimeOut = 0. SolveAll = 0.
SBY 19:47:17 [mutant_5_props] engine_0: 0 + : Var =       1. Cla =        0. Conf =      0. Learn =      0.    0 MB   4 MB     0.02 sec
SBY 19:47:17 [mutant_5_props] engine_0: 1 + : Var =       1. Cla =        0. Conf =      0. Learn =      0.    0 MB   4 MB     0.02 sec
SBY 19:47:17 [mutant_5_props] engine_0: 2 + : Var =     178. Cla =      348. Conf =      0. Learn =      0.    0 MB   4 MB     0.02 sec
SBY 19:47:17 [mutant_5_props] engine_0: 3 + : Var =     456. Cla =     1035. Conf =      4. Learn =      3.    0 MB   4 MB     0.02 sec
SBY 19:47:17 [mutant_5_props] engine_0: 4 + : Var =     737. Cla =     1736. Conf =     34. Learn =     30.    0 MB   4 MB     0.03 sec
SBY 19:47:17 [mutant_5_props] engine_0: 5 + : Var =    1018. Cla =     2437. Conf =    133. Learn =    126.    0 MB   4 MB     0.03 sec
SBY 19:47:17 [mutant_5_props] engine_0: 6 + : Var =    1299. Cla =     3138. Conf =    341. Learn =    331.    0 MB   4 MB     0.03 sec
SBY 19:47:17 [mutant_5_props] engine_0: 7 + : Var =    1580. Cla =     3839. Conf =    642. Learn =    629.    0 MB   4 MB     0.03 sec
SBY 19:47:17 [mutant_5_props] engine_0: 8 + : Var =    1861. Cla =     4540. Conf =    967. Learn =    951.    0 MB   4 MB     0.04 sec
SBY 19:47:17 [mutant_5_props] engine_0: 9 + : Var =    2142. Cla =     5241. Conf =   1403. Learn =   1384.    0 MB   4 MB     0.04 sec
SBY 19:47:17 [mutant_5_props] engine_0: 10 + : Var =    2423. Cla =     5942. Conf =   2142. Learn =   2120.    0 MB   4 MB     0.05 sec
SBY 19:47:17 [mutant_5_props] engine_0: 11 + : Var =    2704. Cla =     6643. Conf =   2744. Learn =   2719.    0 MB   4 MB     0.06 sec
SBY 19:47:17 [mutant_5_props] engine_0: 12 + : Var =    2985. Cla =     7344. Conf =   3419. Learn =   3391.    0 MB   4 MB     0.08 sec
SBY 19:47:17 [mutant_5_props] engine_0: 13 + : Var =    3266. Cla =     8045. Conf =   4111. Learn =   4080.    0 MB   4 MB     0.09 sec
SBY 19:47:17 [mutant_5_props] engine_0: 14 + : Var =    3547. Cla =     8746. Conf =   4894. Learn =   4860.    0 MB   4 MB     0.10 sec
SBY 19:47:17 [mutant_5_props] engine_0: 15 + : Var =    3828. Cla =     9447. Conf =   5767. Learn =   5730.    0 MB   5 MB     0.11 sec
SBY 19:47:17 [mutant_5_props] engine_0: 16 + : Var =    4109. Cla =    10148. Conf =   7038. Learn =   6998.    0 MB   6 MB     0.15 sec
SBY 19:47:17 [mutant_5_props] engine_0: 17 + : Var =    4390. Cla =    10849. Conf =   8163. Learn =   8120.    0 MB   6 MB     0.21 sec
SBY 19:47:17 [mutant_5_props] engine_0: 18 + : Var =    4671. Cla =    11550. Conf =   9903. Learn =   9857.    0 MB   7 MB     0.28 sec
SBY 19:47:17 [mutant_5_props] engine_0: 19 + : Var =    4952. Cla =    12251. Conf =  11247. Learn =   9227.    0 MB   7 MB     0.33 sec
SBY 19:47:17 [mutant_5_props] engine_0: Runtime:  CNF = 0.0 sec (1.1 %)  UNSAT = 0.3 sec (88.1 %)  SAT = 0.0 sec (0.0 %)  UNDEC = 0.0 sec (0.0 %)
SBY 19:47:17 [mutant_5_props] engine_0: LStart(P) = 10000  LDelta(Q) = 2000  LRatio(R) = 80  ReduceDB = 1  Vars = 4952  Used = 4832 (97.58 %)
SBY 19:47:17 [mutant_5_props] engine_0: Buffs = 1396. Dups = 0.   Hash hits = 238.  Hash misses = 2902.  UniProps = 0.
SBY 19:47:17 [mutant_5_props] engine_0: No output asserted in 20 frames. Resource limit reached (conf limit 0). Time =     0.33 sec
SBY 19:47:17 [mutant_5_props] engine_0: Counter-example is not available.
SBY 19:47:17 [mutant_5_props] engine_0: finished (returncode=0)
SBY 19:47:17 [mutant_5_props] engine_0: Status returned by engine: PASS
SBY 19:47:17 [mutant_5_props] summary: Elapsed clock time [H:MM:SS (secs)]: 0:00:00 (0)
SBY 19:47:17 [mutant_5_props] summary: Elapsed process time [H:MM:SS (secs)]: 0:00:00 (0)
SBY 19:47:17 [mutant_5_props] summary: engine_0 (abc bmc3) returned PASS
SBY 19:47:17 [mutant_5_props] summary: engine_0 did not produce any traces
SBY 19:47:17 [mutant_5_props] DONE (PASS, rc=0)
