SBY 19:47:19 [mutant_9_equiv] Removing directory '/tmp/work/checks/mutant_9_equiv'.
SBY 19:47:19 [mutant_9_equiv] Copy '/tmp/work/checks/golden.v' to '/tmp/work/checks/mutant_9_equiv/src/golden.v'.
SBY 19:47:19 [mutant_9_equiv] Copy '/tmp/work/checks/all_mut.v' to '/tmp/work/checks/mutant_9_equiv/src/all_mut.v'.
SBY 19:47:19 [mutant_9_equiv] Copy '/tmp/work/checks/mutant.sv' to '/tmp/work/checks/mutant_9_equiv/src/mutant.sv'.
SBY 19:47:19 [mutant_9_equiv] Copy '/tmp/work/checks/miter.sv' to '/tmp/work/checks/mutant_9_equiv/src/miter.sv'.
SBY 19:47:19 [mutant_9_equiv] engine_0: abc pdr
SBY 19:47:19 [mutant_9_equiv] base: starting process "cd mutant_9_equiv/src; yosys -ql ../model/design.log ../model/design.ys"
SBY 19:47:19 [mutant_9_equiv] base: Warning: Encountered `parallel_case' comment! Such legacy hot comments are supported by Yosys, but are not part of any formal language specification. Using the Verilog `parallel_case' attribute or the SystemVerilog `unique' or `priority' keywords is recommended!
SBY 19:47:19 [mutant_9_equiv] base: finished (returncode=0)
SBY 19:47:19 [mutant_9_equiv] prep: starting process "cd mutant_9_equiv/model; yosys -ql design_prep.log design_prep.ys"
SBY 19:47:19 [mutant_9_equiv] prep: finished (returncode=0)
SBY 19:47:19 [mutant_9_equiv] aig: starting process "cd mutant_9_equiv/model; yosys -ql design_aiger.log design_aiger.ys"
SBY 19:47:19 [mutant_9_equiv] aig: Warning: Treating undriven bit ct_miter.\clk like $anyseq.
SBY 19:47:19 [mutant_9_equiv] aig: Warning: Treating undriven bit ct_miter.\wr_en like $anyseq.
SBY 19:47:19 [mutant_9_equiv] aig: Warning: Treating undriven bit ct_miter.\rst like $anyseq.
SBY 19:47:19 [mutant_9_equiv] aig: Warning: Treating undriven bit ct_miter.\rd_en like $anyseq.
SBY 19:47:19 [mutant_9_equiv] aig: Warning: Treating undriven bit ct_miter.\din [0] like $anyseq.
SBY 19:47:19 [mutant_9_equiv] aig: Warning: Treating undriven bit ct_miter.\din [1] like $anyseq.
SBY 19:47:19 [mutant_9_equiv] aig: Warning: Treating undriven bit ct_miter.\din [2] like $anyseq.
SBY 19:47:19 [mutant_9_equiv] aig: Warning: Treating undriven bit ct_miter.\din [3] like $anyseq.
SBY 19:47:19 [mutant_9_equiv] aig: Warning: Treating undriven bit ct_miter.\din [4] like $anyseq.
SBY 19:47:19 [mutant_9_equiv] aig: Warning: Treating undriven bit ct_miter.\din [5] like $anyseq.
SBY 19:47:19 [mutant_9_equiv] aig: Warning: Treating undriven bit ct_miter.\din [6] like $anyseq.
SBY 19:47:19 [mutant_9_equiv] aig: Warning: Treating undriven bit ct_miter.\din [7] like $anyseq.
SBY 19:47:19 [mutant_9_equiv] aig: Warning: Treating a total of 12 undriven bits in ct_miter like $anyseq.
SBY 19:47:19 [mutant_9_equiv] aig: finished (returncode=0)
SBY 19:47:19 [mutant_9_equiv] engine_0: starting process "cd mutant_9_equiv; yosys-abc -c 'read_aiger model/design_aiger.aig; fold; strash; pdr -v -l; write_cex -a engine_0/trace.aiw'"
SBY 19:47:19 [mutant_9_equiv] engine_0: ======== ABC command line "read_aiger model/design_aiger.aig; fold; strash; pdr -v -l; write_cex -a engine_0/trace.aiw"
SBY 19:47:19 [mutant_9_equiv] engine_0: Warning: The last 2 outputs are interpreted as constraints.
SBY 19:47:19 [mutant_9_equiv] engine_0: VarMax = 300. FrameMax = 10000. QueMax = 0. TimeMax = 159. MonoCNF = no. SkipGen = no. SolveAll = no.
SBY 19:47:19 [mutant_9_equiv] engine_0: Frame Clauses                                                     Max Queue Flops Time
SBY 19:47:19 [mutant_9_equiv] engine_0: 1 : 0 2                                                                 1     2      0.01 sec  T/O =  0  PRV =  0
SBY 19:47:19 [mutant_9_equiv] engine_0: 2 : 0 8 11                                                              4    16      0.01 sec  T/O =  0  PRV =  0
SBY 19:47:19 [mutant_9_equiv] engine_0: 3 : 0 6 8 4 ~1                                                           2    16      0.02 sec  T/O =  0  PRV =  0
SBY 19:47:19 [mutant_9_equiv] engine_0: 4 : 0 6 10 29 32 ~1                                                      9    46      0.04 sec  T/O =  0  PRV =  0
SBY 19:47:19 [mutant_9_equiv] engine_0: 4 : 0 6 10 52 71 ~1                                                      5    64      0.06 sec  T/O =  0  PRV =  0
SBY 19:47:19 [mutant_9_equiv] engine_0: 4 : 0 6 10 63 94 ~1                                                      5    65      0.07 sec  T/O =  0  PRV =  0
SBY 19:47:19 [mutant_9_equiv] engine_0: 5 : 0 6 7 17 0 99 ~1                                                     0    65      0.09 sec  T/O =  0  PRV =  0
SBY 19:47:19 [mutant_9_equiv] engine_0: Proved output 0 in frame -2 (converged).
SBY 19:47:19 [mutant_9_equiv] engine_0: Proved output 1 in frame -2 (converged).
SBY 19:47:19 [mutant_9_equiv] engine_0: Proved output 2 in frame -2 (converged).
SBY 19:47:19 [mutant_9_equiv] engine_0: Block =    9  Oblig =   281  Clause =   177  Call =  1450 (sat=63.5%)  Cex =   0  Start =   2
SBY 19:47:19 [mutant_9_equiv] engine_0: SAT solving =     0.05 sec ( 47.15 %)
SBY 19:47:19 [mutant_9_equiv] engine_0: unsat     =     0.00 sec (  3.91 %)
SBY 19:47:19 [mutant_9_equiv] engine_0: sat       =     0.04 sec ( 43.24 %)
SBY 19:47:19 [mutant_9_equiv] engine_0: Generalize  =     0.03 sec ( 35.34 %)
SBY 19:47:19 [mutant_9_equiv] engine_0: Push clause =     0.01 sec ( 11.25 %)
SBY 19:47:19 [mutant_9_equiv] engine_0: Ternary sim =     0.00 sec (  0.98 %)
SBY 19:47:19 [mutant_9_equiv] engine_0: Containment =     0.00 sec (  0.08 %)
SBY 19:47:19 [mutant_9_equiv] engine_0: CNF compute =     0.00 sec (  1.32 %)
SBY 19:47:19 [mutant_9_equiv] engine_0: Refinement  =     0.00 sec (  0.00 %)
SBY 19:47:19 [mutant_9_equiv] engine_0: TOTAL       =     0.10 sec (100.00 %)
SBY 19:47:19 [mutant_9_equiv] engine_0: Property proved.  Time =     0.10 sec
SBY 19:47:19 [mutant_9_equiv] engine_0: Counter-example is not available.
SBY 19:47:19 [mutant_9_equiv] engine_0: finished (returncode=0)
SBY 19:47:19 [mutant_9_equiv] engine_0: Status returned by engine: PASS
SBY 19:47:19 [mutant_9_equiv] summary: Elapsed clock time [H:MM:SS (secs)]: 0:00:00 (0)
SBY 19:47:19 [mutant_9_equiv] summary: Elapsed process time [H:MM:SS (secs)]: 0:00:00 (0)
SBY 19:47:19 [mutant_9_equiv] summary: engine_0 (abc pdr) returned PASS
SBY 19:47:19 [mutant_9_equiv] summary: engine_0 did not produce any traces
SBY 19:47:19 [mutant_9_equiv] DONE (PASS, rc=0)
