SBY 19:48:38 [ct_prove] Removing directory '/tmp/work/dut/ct_prove'.
SBY 19:48:38 [ct_prove] Copy '/tmp/work/dut/dut.v' to '/tmp/work/dut/ct_prove/src/dut.v'.
SBY 19:48:38 [ct_prove] Copy '/tmp/work/dut/ct_formal_top.sv' to '/tmp/work/dut/ct_prove/src/ct_formal_top.sv'.
SBY 19:48:38 [ct_prove] engine_0: abc pdr
SBY 19:48:38 [ct_prove] base: starting process "cd ct_prove/src; yosys -ql ../model/design.log ../model/design.ys"
SBY 19:48:38 [ct_prove] base: finished (returncode=0)
SBY 19:48:38 [ct_prove] prep: starting process "cd ct_prove/model; yosys -ql design_prep.log design_prep.ys"
SBY 19:48:38 [ct_prove] prep: finished (returncode=0)
SBY 19:48:38 [ct_prove] aig: starting process "cd ct_prove/model; yosys -ql design_aiger.log design_aiger.ys"
SBY 19:48:38 [ct_prove] aig: Warning: Treating undriven bit ct_formal_top.\clk like $anyseq.
SBY 19:48:38 [ct_prove] aig: Warning: Treating undriven bit ct_formal_top.\wr_en like $anyseq.
SBY 19:48:38 [ct_prove] aig: Warning: Treating undriven bit ct_formal_top.\rst like $anyseq.
SBY 19:48:38 [ct_prove] aig: Warning: Treating undriven bit ct_formal_top.\rd_en like $anyseq.
SBY 19:48:38 [ct_prove] aig: Warning: Treating undriven bit ct_formal_top.\din [0] like $anyseq.
SBY 19:48:38 [ct_prove] aig: Warning: Treating undriven bit ct_formal_top.\din [1] like $anyseq.
SBY 19:48:38 [ct_prove] aig: Warning: Treating undriven bit ct_formal_top.\din [2] like $anyseq.
SBY 19:48:38 [ct_prove] aig: Warning: Treating undriven bit ct_formal_top.\din [3] like $anyseq.
SBY 19:48:38 [ct_prove] aig: Warning: Treating undriven bit ct_formal_top.\din [4] like $anyseq.
SBY 19:48:38 [ct_prove] aig: Warning: Treating undriven bit ct_formal_top.\din [5] like $anyseq.
SBY 19:48:38 [ct_prove] aig: Warning: Treating undriven bit ct_formal_top.\din [6] like $anyseq.
SBY 19:48:38 [ct_prove] aig: Warning: Treating undriven bit ct_formal_top.\din [7] like $anyseq.
SBY 19:48:38 [ct_prove] aig: Warning: Treating a total of 12 undriven bits in ct_formal_top like $anyseq.
SBY 19:48:38 [ct_prove] aig: finished (returncode=0)
SBY 19:48:38 [ct_prove] engine_0: starting process "cd ct_prove; yosys-abc -c 'read_aiger model/design_aiger.aig; fold; strash; pdr -v -l; write_cex -a engine_0/trace.aiw'"
SBY 19:48:38 [ct_prove] engine_0: ======== ABC command line "read_aiger model/design_aiger.aig; fold; strash; pdr -v -l; write_cex -a engine_0/trace.aiw"
SBY 19:48:38 [ct_prove] engine_0: Warning: The last 2 outputs are interpreted as constraints.
SBY 19:48:38 [ct_prove] engine_0: VarMax = 300. FrameMax = 10000. QueMax = 0. TimeMax = 159. MonoCNF = no. SkipGen = no. SolveAll = no.
SBY 19:48:38 [ct_prove] engine_0: Frame Clauses                                                     Max Queue Flops Time
SBY 19:48:38 [ct_prove] engine_0: 1 : 0 8                                                                 1    10      0.00 sec  T/O =  0  PRV =  0
SBY 19:48:38 [ct_prove] engine_0: 2 : 0 2 7 ~1                                                             1    10      0.00 sec  T/O =  0  PRV =  0
SBY 19:48:38 [ct_prove] engine_0: 3 : 0 3 25 44 ~1                                                         5    48      0.02 sec  T/O =  0  PRV =  0
SBY 19:48:39 [ct_prove] engine_0: 4 : 0 3 23 82 79 ~1                                                      5    64      0.04 sec  T/O =  0  PRV =  0
SBY 19:48:39 [ct_prove] engine_0: Proved output 0 in frame 4.
SBY 19:48:39 [ct_prove] engine_0: Proved output 1 in frame 4.
SBY 19:48:39 [ct_prove] engine_0: 5 : 0 3 7 35 139 79 ~7                                                   4    80      0.08 sec  T/O =  0  PRV =  2
SBY 19:48:39 [ct_prove] engine_0: 6 : 0 3 7 22 87 205 218 ~7                                               7    96      0.18 sec  T/O =  0  PRV =  2
SBY 19:48:39 [ct_prove] engine_0: 7 : 0 3 7 21 82 92 191 166 ~22                                           5    96      0.25 sec  T/O =  0  PRV =  2
SBY 19:48:39 [ct_prove] engine_0: 8 : 0 3 7 21 80 59 153 176 10 ~19                                        6    96      0.28 sec  T/O =  0  PRV =  2
SBY 19:48:39 [ct_prove] engine_0: Timing out on output 2 in frame 8 (retrying in next anytime pass).
SBY 19:48:39 [ct_prove] engine_0: 8 : 0 3 7 21 80 59 153 176 10 ~19                                        0    96      0.28 sec  T/O =  1  PRV =  2
SBY 19:48:39 [ct_prove] engine_0: 9 : 0 3 7 21 80 59 79 80 48 107 ~19                                      0    96      0.30 sec  T/O =  1  PRV =  2
SBY 19:48:39 [ct_prove] engine_0: All outputs solved or timed out in frame 9.
SBY 19:48:39 [ct_prove] engine_0: Starting new anytime pass, reusing clauses.
SBY 19:48:39 [ct_prove] engine_0: Frame Clauses                                                     Max Queue Flops Time
SBY 19:48:39 [ct_prove] engine_0: 1 : 0 276 ~120                                                           0     0      0.02 sec  T/O =  0  PRV =  2
SBY 19:48:39 [ct_prove] engine_0: 2 : 0 1 275 ~120                                                         0     0      0.02 sec  T/O =  0  PRV =  2
SBY 19:48:39 [ct_prove] engine_0: 3 : 0 1 3 272 ~120                                                       0     0      0.02 sec  T/O =  0  PRV =  2
SBY 19:48:39 [ct_prove] engine_0: 4 : 0 1 3 18 254 ~120                                                    0     0      0.02 sec  T/O =  0  PRV =  2
SBY 19:48:39 [ct_prove] engine_0: 5 : 0 1 3 18 35 219 ~120                                                 0     0      0.03 sec  T/O =  0  PRV =  2
SBY 19:48:39 [ct_prove] engine_0: 6 : 0 1 3 18 35 38 181 ~120                                              0     0      0.03 sec  T/O =  0  PRV =  2
SBY 19:48:39 [ct_prove] engine_0: 7 : 0 1 3 18 35 38 62 119 ~120                                           0     0      0.03 sec  T/O =  0  PRV =  2
SBY 19:48:39 [ct_prove] engine_0: 8 : 0 1 3 18 35 38 71 134 154 ~120                                       6    60      0.10 sec  T/O =  0  PRV =  2
SBY 19:48:39 [ct_prove] engine_0: 9 : 0 1 3 11 32 37 17 44 108 217 ~140                                    6    77      0.16 sec  T/O =  0  PRV =  2
SBY 19:48:39 [ct_prove] engine_0: 10 : 0 1 3 11 29 37 17 16 28 42 123 ~254                                  2    77      0.22 sec  T/O =  0  PRV =  2
SBY 19:48:39 [ct_prove] engine_0: 11 : 0 1 3 11 29 37 17 16 28 52 66 78 ~301                                7    77      0.30 sec  T/O =  0  PRV =  2
SBY 19:48:39 [ct_prove] engine_0: Proved output 2 in frame 11.
SBY 19:48:39 [ct_prove] engine_0: 12 : 0 1 3 11 29 36 16 15 0 0 0 0 43 ~352                                 0    77      0.32 sec  T/O =  0  PRV =  3
SBY 19:48:39 [ct_prove] engine_0: Block =  152  Oblig =  2040  Clause =  1277  Call = 17133 (sat=62.3%)  Cex =   0  Start =  48
SBY 19:48:39 [ct_prove] engine_0: SAT solving =     0.42 sec ( 66.93 %)
SBY 19:48:39 [ct_prove] engine_0: unsat     =     0.09 sec ( 13.66 %)
SBY 19:48:39 [ct_prove] engine_0: sat       =     0.34 sec ( 53.27 %)
SBY 19:48:39 [ct_prove] engine_0: Generalize  =     0.30 sec ( 47.57 %)
SBY 19:48:39 [ct_prove] engine_0: Push clause =     0.12 sec ( 18.66 %)
SBY 19:48:39 [ct_prove] engine_0: Ternary sim =     0.01 sec (  1.55 %)
SBY 19:48:39 [ct_prove] engine_0: Containment =     0.00 sec (  0.21 %)
SBY 19:48:39 [ct_prove] engine_0: CNF compute =     0.01 sec (  2.02 %)
SBY 19:48:39 [ct_prove] engine_0: Refinement  =     0.00 sec (  0.00 %)
SBY 19:48:39 [ct_prove] engine_0: TOTAL       =     0.63 sec (100.00 %)
SBY 19:48:39 [ct_prove] engine_0: Property proved.  Time =     0.63 sec
SBY 19:48:39 [ct_prove] engine_0: Counter-example is not available.
SBY 19:48:39 [ct_prove] engine_0: finished (returncode=0)
SBY 19:48:39 [ct_prove] engine_0: Status returned by engine: PASS
SBY 19:48:39 [ct_prove] summary: Elapsed clock time [H:MM:SS (secs)]: 0:00:00 (0)
SBY 19:48:39 [ct_prove] summary: Elapsed process time [H:MM:SS (secs)]: 0:00:00 (0)
SBY 19:48:39 [ct_prove] summary: engine_0 (abc pdr) returned PASS
SBY 19:48:39 [ct_prove] summary: engine_0 did not produce any traces
SBY 19:48:39 [ct_prove] DONE (PASS, rc=0)
