SBY  5:02:14 [ct_bmc] Removing directory '/tmp/work/dut/ct_bmc'.
SBY  5:02:14 [ct_bmc] Copy '/tmp/work/dut/dut.v' to '/tmp/work/dut/ct_bmc/src/dut.v'.
SBY  5:02:14 [ct_bmc] Copy '/tmp/work/dut/ct_formal_top.sv' to '/tmp/work/dut/ct_bmc/src/ct_formal_top.sv'.
SBY  5:02:14 [ct_bmc] engine_0: abc bmc3
SBY  5:02:14 [ct_bmc] base: starting process "cd ct_bmc/src; yosys -ql ../model/design.log ../model/design.ys"
SBY  5:02:14 [ct_bmc] base: finished (returncode=0)
SBY  5:02:14 [ct_bmc] prep: starting process "cd ct_bmc/model; yosys -ql design_prep.log design_prep.ys"
SBY  5:02:14 [ct_bmc] prep: finished (returncode=0)
SBY  5:02:14 [ct_bmc] aig: starting process "cd ct_bmc/model; yosys -ql design_aiger.log design_aiger.ys"
SBY  5:02:14 [ct_bmc] aig: Warning: Treating undriven bit ct_formal_top.\clk like $anyseq.
SBY  5:02:14 [ct_bmc] aig: Warning: Treating undriven bit ct_formal_top.\wr_en like $anyseq.
SBY  5:02:14 [ct_bmc] aig: Warning: Treating undriven bit ct_formal_top.\rst like $anyseq.
SBY  5:02:14 [ct_bmc] aig: Warning: Treating undriven bit ct_formal_top.\rd_en like $anyseq.
SBY  5:02:14 [ct_bmc] aig: Warning: Treating undriven bit ct_formal_top.\din [0] like $anyseq.
SBY  5:02:14 [ct_bmc] aig: Warning: Treating undriven bit ct_formal_top.\din [1] like $anyseq.
SBY  5:02:14 [ct_bmc] aig: Warning: Treating undriven bit ct_formal_top.\din [2] like $anyseq.
SBY  5:02:14 [ct_bmc] aig: Warning: Treating undriven bit ct_formal_top.\din [3] like $anyseq.
SBY  5:02:14 [ct_bmc] aig: Warning: Treating undriven bit ct_formal_top.\din [4] like $anyseq.
SBY  5:02:14 [ct_bmc] aig: Warning: Treating undriven bit ct_formal_top.\din [5] like $anyseq.
SBY  5:02:14 [ct_bmc] aig: Warning: Treating undriven bit ct_formal_top.\din [6] like $anyseq.
SBY  5:02:14 [ct_bmc] aig: Warning: Treating undriven bit ct_formal_top.\din [7] like $anyseq.
SBY  5:02:14 [ct_bmc] aig: Warning: Treating a total of 12 undriven bits in ct_formal_top like $anyseq.
SBY  5:02:14 [ct_bmc] aig: finished (returncode=0)
SBY  5:02:14 [ct_bmc] engine_0: starting process "cd ct_bmc; yosys-abc -c 'read_aiger model/design_aiger.aig; fold; strash; bmc3 -F 24 -v; write_cex -a engine_0/trace.aiw'"
SBY  5:02:14 [ct_bmc] engine_0: ======== ABC command line "read_aiger model/design_aiger.aig; fold; strash; bmc3 -F 24 -v; write_cex -a engine_0/trace.aiw"
SBY  5:02:14 [ct_bmc] engine_0: Warning: The last 2 outputs are interpreted as constraints.
SBY  5:02:14 [ct_bmc] engine_0: Running "bmc3". PI/PO/Reg = 144/3/95. And =    994. Lev =    15. ObjNums =   652.
SBY  5:02:14 [ct_bmc] engine_0: Params: FramesMax = 24. Start = 0. ConfLimit = 0. TimeOut = 0. SolveAll = 0.
SBY  5:02:14 [ct_bmc] engine_0: 0 + : Var =       1. Cla =        0. Conf =      0. Learn =      0.    0 MB   4 MB     0.01 sec
SBY  5:02:14 [ct_bmc] engine_0: 1 + : Var =     236. Cla =      501. Conf =      0. Learn =      0.    0 MB   4 MB     0.01 sec
SBY  5:02:14 [ct_bmc] engine_0: 2 + : Var =     602. Cla =     1449. Conf =      2. Learn =      1.    0 MB   4 MB     0.01 sec
SBY  5:02:14 [ct_bmc] engine_0: 3 + : Var =     968. Cla =     2397. Conf =     24. Learn =     21.    0 MB   4 MB     0.01 sec
SBY  5:02:14 [ct_bmc] engine_0: 4 + : Var =    1334. Cla =     3345. Conf =    107. Learn =    101.    0 MB   4 MB     0.01 sec
SBY  5:02:14 [ct_bmc] engine_0: 5 + : Var =    1700. Cla =     4293. Conf =    352. Learn =    343.    0 MB   4 MB     0.01 sec
SBY  5:02:14 [ct_bmc] engine_0: 6 + : Var =    2066. Cla =     5241. Conf =    850. Learn =    838.    0 MB   4 MB     0.01 sec
SBY  5:02:14 [ct_bmc] engine_0: 7 + : Var =    2432. Cla =     6189. Conf =   1661. Learn =   1646.    0 MB   4 MB     0.02 sec
SBY  5:02:14 [ct_bmc] engine_0: 8 + : Var =    2798. Cla =     7137. Conf =   2870. Learn =   2852.    0 MB   4 MB     0.03 sec
SBY  5:02:14 [ct_bmc] engine_0: 9 + : Var =    3164. Cla =     8085. Conf =   4508. Learn =   4487.    0 MB   4 MB     0.05 sec
SBY  5:02:14 [ct_bmc] engine_0: 10 + : Var =    3530. Cla =     9033. Conf =   6844. Learn =   6820.    0 MB   4 MB     0.07 sec
SBY  5:02:15 [ct_bmc] engine_0: 11 + : Var =    3896. Cla =     9981. Conf =  10011. Learn =   9984.    0 MB   6 MB     0.11 sec
SBY  5:02:15 [ct_bmc] engine_0: 12 + : Var =    4262. Cla =    10929. Conf =  14053. Learn =   9664.    0 MB   6 MB     0.17 sec
SBY  5:02:15 [ct_bmc] engine_0: 13 + : Var =    4628. Cla =    11877. Conf =  18154. Learn =  13762.    0 MB   6 MB     0.23 sec
SBY  5:02:15 [ct_bmc] engine_0: 14 + : Var =    4994. Cla =    12825. Conf =  23241. Learn =  12873.    0 MB   6 MB     0.31 sec
SBY  5:02:15 [ct_bmc] engine_0: 15 + : Var =    5360. Cla =    13773. Conf =  28348. Learn =  17977.    0 MB   7 MB     0.39 sec
SBY  5:02:15 [ct_bmc] engine_0: 16 + : Var =    5726. Cla =    14721. Conf =  34494. Learn =  16623.    0 MB   6 MB     0.50 sec
SBY  5:02:15 [ct_bmc] engine_0: 17 + : Var =    6092. Cla =    15669. Conf =  40928. Learn =  18721.    0 MB   7 MB     0.62 sec
SBY  5:02:15 [ct_bmc] engine_0: 18 + : Var =    6458. Cla =    16617. Conf =  48060. Learn =  21123.    0 MB   7 MB     0.76 sec
SBY  5:02:15 [ct_bmc] engine_0: 19 + : Var =    6824. Cla =    17565. Conf =  55282. Learn =  23140.    0 MB   7 MB     0.90 sec
SBY  5:02:15 [ct_bmc] engine_0: 20 + : Var =    7190. Cla =    18513. Conf =  62644. Learn =  24984.    0 MB   7 MB     1.04 sec
SBY  5:02:16 [ct_bmc] engine_0: 21 + : Var =    7556. Cla =    19461. Conf =  70424. Learn =  26837.    0 MB   8 MB     1.19 sec
SBY  5:02:16 [ct_bmc] engine_0: 22 + : Var =    7922. Cla =    20409. Conf =  78704. Learn =  28807.    0 MB   9 MB     1.36 sec
SBY  5:02:16 [ct_bmc] engine_0: 23 + : Var =    8288. Cla =    21357. Conf =  86880. Learn =  30337.    0 MB   9 MB     1.54 sec
SBY  5:02:16 [ct_bmc] engine_0: Runtime:  CNF = 0.0 sec (0.2 %)  UNSAT = 1.5 sec (99.0 %)  SAT = 0.0 sec (0.0 %)  UNDEC = 0.0 sec (0.0 %)
SBY  5:02:16 [ct_bmc] engine_0: LStart(P) = 10000  LDelta(Q) = 2000  LRatio(R) = 80  ReduceDB = 13  Vars = 8288  Used = 8147 (98.30 %)
SBY  5:02:16 [ct_bmc] engine_0: Buffs = 2141. Dups = 0.   Hash hits = 0.  Hash misses = 4996.  UniProps = 0.
SBY  5:02:16 [ct_bmc] engine_0: No output asserted in 24 frames. Resource limit reached (conf limit 0). Time =     1.54 sec
SBY  5:02:16 [ct_bmc] engine_0: Counter-example is not available.
SBY  5:02:16 [ct_bmc] engine_0: finished (returncode=0)
SBY  5:02:16 [ct_bmc] engine_0: Status returned by engine: PASS
SBY  5:02:16 [ct_bmc] summary: Elapsed clock time [H:MM:SS (secs)]: 0:00:01 (1)
SBY  5:02:16 [ct_bmc] summary: Elapsed process time [H:MM:SS (secs)]: 0:00:01 (1)
SBY  5:02:16 [ct_bmc] summary: engine_0 (abc bmc3) returned PASS
SBY  5:02:16 [ct_bmc] summary: engine_0 did not produce any traces
SBY  5:02:16 [ct_bmc] DONE (PASS, rc=0)
