SBY 19:47:45 [golden_prove_p0] Removing directory '/tmp/work/checks/golden_prove_p0'.
SBY 19:47:45 [golden_prove_p0] Copy '/tmp/work/checks/golden.v' to '/tmp/work/checks/golden_prove_p0/src/golden.v'.
SBY 19:47:45 [golden_prove_p0] Copy '/tmp/work/checks/props.sv' to '/tmp/work/checks/golden_prove_p0/src/props.sv'.
SBY 19:47:45 [golden_prove_p0] engine_0: abc pdr
SBY 19:47:45 [golden_prove_p0] base: starting process "cd golden_prove_p0/src; yosys -ql ../model/design.log ../model/design.ys"
SBY 19:47:45 [golden_prove_p0] base: finished (returncode=0)
SBY 19:47:45 [golden_prove_p0] prep: starting process "cd golden_prove_p0/model; yosys -ql design_prep.log design_prep.ys"
SBY 19:47:45 [golden_prove_p0] prep: finished (returncode=0)
SBY 19:47:45 [golden_prove_p0] aig: starting process "cd golden_prove_p0/model; yosys -ql design_aiger.log design_aiger.ys"
SBY 19:47:45 [golden_prove_p0] aig: Warning: Treating undriven bit ct_props_top.\clk like $anyseq.
SBY 19:47:45 [golden_prove_p0] aig: Warning: Treating undriven bit ct_props_top.\wr_en like $anyseq.
SBY 19:47:45 [golden_prove_p0] aig: Warning: Treating undriven bit ct_props_top.\rst like $anyseq.
SBY 19:47:45 [golden_prove_p0] aig: Warning: Treating undriven bit ct_props_top.\rd_en like $anyseq.
SBY 19:47:45 [golden_prove_p0] aig: Warning: Treating undriven bit ct_props_top.\din [0] like $anyseq.
SBY 19:47:45 [golden_prove_p0] aig: Warning: Treating undriven bit ct_props_top.\din [1] like $anyseq.
SBY 19:47:45 [golden_prove_p0] aig: Warning: Treating undriven bit ct_props_top.\din [2] like $anyseq.
SBY 19:47:45 [golden_prove_p0] aig: Warning: Treating undriven bit ct_props_top.\din [3] like $anyseq.
SBY 19:47:45 [golden_prove_p0] aig: Warning: Treating undriven bit ct_props_top.\din [4] like $anyseq.
SBY 19:47:45 [golden_prove_p0] aig: Warning: Treating undriven bit ct_props_top.\din [5] like $anyseq.
SBY 19:47:45 [golden_prove_p0] aig: Warning: Treating undriven bit ct_props_top.\din [6] like $anyseq.
SBY 19:47:45 [golden_prove_p0] aig: Warning: Treating undriven bit ct_props_top.\din [7] like $anyseq.
SBY 19:47:45 [golden_prove_p0] aig: Warning: Treating a total of 12 undriven bits in ct_props_top like $anyseq.
SBY 19:47:45 [golden_prove_p0] aig: finished (returncode=0)
SBY 19:47:45 [golden_prove_p0] engine_0: starting process "cd golden_prove_p0; yosys-abc -c 'read_aiger model/design_aiger.aig; fold; strash; pdr -v -l; write_cex -a engine_0/trace.aiw'"
SBY 19:47:45 [golden_prove_p0] engine_0: ======== ABC command line "read_aiger model/design_aiger.aig; fold; strash; pdr -v -l; write_cex -a engine_0/trace.aiw"
SBY 19:47:45 [golden_prove_p0] engine_0: Warning: The last 2 outputs are interpreted as constraints.
SBY 19:47:45 [golden_prove_p0] engine_0: VarMax = 300. FrameMax = 10000. QueMax = 0. TimeMax = 159. MonoCNF = no. SkipGen = no. SolveAll = no.
SBY 19:47:45 [golden_prove_p0] engine_0: Frame Clauses                                                     Max Queue Flops Time
SBY 19:47:45 [golden_prove_p0] engine_0: 1 : 0 2                                                                 1     2      0.00 sec  T/O =  0  PRV =  0
SBY 19:47:45 [golden_prove_p0] engine_0: 2 : 0 2 49                                                              2    51      0.01 sec  T/O =  0  PRV =  0
SBY 19:47:45 [golden_prove_p0] engine_0: 2 : 0 9 65                                                              6    72      0.01 sec  T/O =  0  PRV =  0
SBY 19:47:45 [golden_prove_p0] engine_0: 3 : 0 4 6 7 ~57                                                          2    72      0.01 sec  T/O =  0  PRV =  0
SBY 19:47:45 [golden_prove_p0] engine_0: 4 : 0 7 15 34 22 ~57                                                    13    84      0.02 sec  T/O =  0  PRV =  0
SBY 19:47:45 [golden_prove_p0] engine_0: 4 : 0 7 15 63 58 ~57                                                     5   108      0.03 sec  T/O =  0  PRV =  0
SBY 19:47:45 [golden_prove_p0] engine_0: 4 : 0 7 15 91 94 ~57                                                     5   126      0.05 sec  T/O =  0  PRV =  0
SBY 19:47:45 [golden_prove_p0] engine_0: 4 : 0 7 15 95 106 ~57                                                    5   127      0.05 sec  T/O =  0  PRV =  0
SBY 19:47:45 [golden_prove_p0] engine_0: 5 : 0 6 10 50 104 7 ~57                                                  0   127      0.06 sec  T/O =  0  PRV =  0
SBY 19:47:45 [golden_prove_p0] engine_0: 6 : 0 6 10 51 116 39 17 ~57                                             22   131      0.08 sec  T/O =  0  PRV =  0
SBY 19:47:45 [golden_prove_p0] engine_0: 6 : 0 6 10 51 116 68 52 ~57                                             20   131      0.09 sec  T/O =  0  PRV =  0
SBY 19:47:45 [golden_prove_p0] engine_0: 6 : 0 6 10 51 120 91 86 ~57                                              9   139      0.11 sec  T/O =  0  PRV =  0
SBY 19:47:45 [golden_prove_p0] engine_0: 6 : 0 6 10 51 124 116 122 ~57                                            9   141      0.13 sec  T/O =  0  PRV =  0
SBY 19:47:45 [golden_prove_p0] engine_0: 6 : 0 6 10 51 128 139 158 ~57                                            9   145      0.15 sec  T/O =  0  PRV =  0
SBY 19:47:45 [golden_prove_p0] engine_0: 6 : 0 6 10 51 132 166 191 ~57                                            9   149      0.16 sec  T/O =  0  PRV =  0
SBY 19:47:45 [golden_prove_p0] engine_0: 6 : 0 6 10 51 136 190 227 ~57                                            9   155      0.18 sec  T/O =  0  PRV =  0
SBY 19:47:45 [golden_prove_p0] engine_0: 6 : 0 6 10 51 140 215 262 ~57                                            9   155      0.20 sec  T/O =  0  PRV =  0
SBY 19:47:45 [golden_prove_p0] engine_0: 6 : 0 6 10 51 144 240 297 ~57                                            9   159      0.21 sec  T/O =  0  PRV =  0
SBY 19:47:45 [golden_prove_p0] engine_0: 6 : 0 6 10 51 144 244 310 ~57                                            9   159      0.22 sec  T/O =  0  PRV =  0
SBY 19:47:45 [golden_prove_p0] engine_0: Timing out on output 0 in frame 6 (retrying in next anytime pass).
SBY 19:47:45 [golden_prove_p0] engine_0: 6 : 0 6 10 51 144 244 312 ~57                                            1   159      0.22 sec  T/O =  1  PRV =  0
SBY 19:47:45 [golden_prove_p0] engine_0: 7 : 0 6 10 29 54 63 192 143 ~57                                          0   159      0.25 sec  T/O =  1  PRV =  0
SBY 19:47:46 [golden_prove_p0] engine_0: 8 : 0 6 10 29 54 63 189 59 81 ~57                                        0   159      0.27 sec  T/O =  1  PRV =  0
SBY 19:47:46 [golden_prove_p0] engine_0: 9 : 0 6 10 29 54 63 189 59 14 67 ~57                                     0   159      0.29 sec  T/O =  1  PRV =  0
SBY 19:47:46 [golden_prove_p0] engine_0: 10 : 0 6 10 29 54 63 189 59 14 0 67 ~57                                   0   159      0.30 sec  T/O =  1  PRV =  0
SBY 19:47:46 [golden_prove_p0] engine_0: Proved output 1 in frame -2 (converged).
SBY 19:47:46 [golden_prove_p0] engine_0: Proved output 2 in frame -2 (converged).
SBY 19:47:46 [golden_prove_p0] engine_0: Starting new anytime pass, reusing clauses.
SBY 19:47:46 [golden_prove_p0] engine_0: Frame Clauses                                                     Max Queue Flops Time
SBY 19:47:46 [golden_prove_p0] engine_0: 1 : 0 319 ~124                                                           0     0      0.03 sec  T/O =  0  PRV =  2
SBY 19:47:46 [golden_prove_p0] engine_0: 2 : 0 3 316 ~124                                                         0     0      0.03 sec  T/O =  0  PRV =  2
SBY 19:47:46 [golden_prove_p0] engine_0: 3 : 0 3 3 313 ~124                                                       0     0      0.03 sec  T/O =  0  PRV =  2
SBY 19:47:46 [golden_prove_p0] engine_0: 4 : 0 3 3 19 294 ~124                                                    0     0      0.03 sec  T/O =  0  PRV =  2
SBY 19:47:46 [golden_prove_p0] engine_0: 5 : 0 3 3 19 26 268 ~124                                                 0     0      0.04 sec  T/O =  0  PRV =  2
SBY 19:47:46 [golden_prove_p0] engine_0: 6 : 0 3 3 19 28 33 263 ~124                                              9    22      0.04 sec  T/O =  0  PRV =  2
SBY 19:47:46 [golden_prove_p0] engine_0: 7 : 0 3 3 19 23 23 186 80 ~113                                           0    22      0.07 sec  T/O =  0  PRV =  2
SBY 19:47:46 [golden_prove_p0] engine_0: 8 : 0 3 3 19 23 23 192 88 42 ~113                                       11    35      0.10 sec  T/O =  0  PRV =  2
SBY 19:47:46 [golden_prove_p0] engine_0: 8 : 0 3 3 19 23 23 198 115 67 ~113                                      11    42      0.12 sec  T/O =  0  PRV =  2
SBY 19:47:46 [golden_prove_p0] engine_0: 8 : 0 3 3 19 23 23 201 141 101 ~113                                     10    56      0.14 sec  T/O =  0  PRV =  2
SBY 19:47:46 [golden_prove_p0] engine_0: 8 : 0 3 3 19 23 23 206 170 128 ~113                                     11    74      0.16 sec  T/O =  0  PRV =  2
SBY 19:47:46 [golden_prove_p0] engine_0: 8 : 0 3 3 19 23 23 207 190 156 ~113                                     11    76      0.17 sec  T/O =  0  PRV =  2
SBY 19:47:46 [golden_prove_p0] engine_0: 9 : 0 3 3 12 19 25 99 108 93 116 ~170                                   16    87      0.22 sec  T/O =  0  PRV =  2
SBY 19:47:46 [golden_prove_p0] engine_0: 9 : 0 3 3 12 19 25 104 127 106 135 ~170                                 15    87      0.24 sec  T/O =  0  PRV =  2
SBY 19:47:46 [golden_prove_p0] engine_0: 9 : 0 3 3 12 19 25 106 140 131 157 ~170                                 19    88      0.26 sec  T/O =  0  PRV =  2
SBY 19:47:46 [golden_prove_p0] engine_0: 9 : 0 3 3 12 19 25 108 153 156 180 ~170                                 15    88      0.28 sec  T/O =  0  PRV =  2
SBY 19:47:46 [golden_prove_p0] engine_0: 9 : 0 3 3 12 19 25 109 163 174 208 ~170                                 13    92      0.29 sec  T/O =  0  PRV =  2
SBY 19:47:46 [golden_prove_p0] engine_0: 9 : 0 3 3 12 19 25 111 166 187 223 ~170                                 10    98      0.30 sec  T/O =  0  PRV =  2
SBY 19:47:46 [golden_prove_p0] engine_0: Timing out on output 0 in frame 9 (retrying in next anytime pass).
SBY 19:47:46 [golden_prove_p0] engine_0: 9 : 0 3 3 12 19 25 111 166 187 223 ~170                                  0    98      0.30 sec  T/O =  1  PRV =  2
SBY 19:47:46 [golden_prove_p0] engine_0: 10 : 0 3 3 5 11 19 30 52 86 88 99 ~281                                    0    98      0.34 sec  T/O =  1  PRV =  2
SBY 19:47:46 [golden_prove_p0] engine_0: All outputs solved or timed out in frame 10.
SBY 19:47:46 [golden_prove_p0] engine_0: Starting new anytime pass, reusing clauses.
SBY 19:47:46 [golden_prove_p0] engine_0: Frame Clauses                                                     Max Queue Flops Time
SBY 19:47:46 [golden_prove_p0] engine_0: 1 : 0 254 ~314                                                           0     0      0.04 sec  T/O =  0  PRV =  2
SBY 19:47:46 [golden_prove_p0] engine_0: 2 : 0 3 251 ~314                                                         0     0      0.04 sec  T/O =  0  PRV =  2
SBY 19:47:46 [golden_prove_p0] engine_0: 3 : 0 3 3 248 ~314                                                       0     0      0.04 sec  T/O =  0  PRV =  2
SBY 19:47:46 [golden_prove_p0] engine_0: 4 : 0 3 3 5 243 ~314                                                     0     0      0.04 sec  T/O =  0  PRV =  2
SBY 19:47:46 [golden_prove_p0] engine_0: 5 : 0 3 3 5 9 234 ~314                                                   0     0      0.04 sec  T/O =  0  PRV =  2
SBY 19:47:46 [golden_prove_p0] engine_0: 6 : 0 3 3 5 9 17 217 ~314                                                0     0      0.05 sec  T/O =  0  PRV =  2
SBY 19:47:46 [golden_prove_p0] engine_0: 7 : 0 3 3 5 9 17 18 199 ~314                                             0     0      0.05 sec  T/O =  0  PRV =  2
SBY 19:47:46 [golden_prove_p0] engine_0: 8 : 0 3 3 5 9 17 18 37 162 ~314                                          0     0      0.05 sec  T/O =  0  PRV =  2
SBY 19:47:46 [golden_prove_p0] engine_0: 9 : 0 3 3 5 9 17 18 41 80 105 ~314                                       8    18      0.06 sec  T/O =  0  PRV =  2
SBY 19:47:46 [golden_prove_p0] engine_0: 10 : 0 3 3 4 7 16 13 35 75 99 49 ~287                                     8    32      0.10 sec  T/O =  0  PRV =  2
SBY 19:47:46 [golden_prove_p0] engine_0: 11 : 0 3 3 4 7 16 12 28 60 85 67 26 ~300                                 12    38      0.14 sec  T/O =  0  PRV =  2
SBY 19:47:46 [golden_prove_p0] engine_0: 11 : 0 3 3 4 7 16 12 30 64 98 77 53 ~300                                  9    46      0.16 sec  T/O =  0  PRV =  2
SBY 19:47:46 [golden_prove_p0] engine_0: 11 : 0 3 3 4 7 16 12 31 68 113 93 71 ~300                                12    59      0.17 sec  T/O =  0  PRV =  2
SBY 19:47:46 [golden_prove_p0] engine_0: 11 : 0 3 3 4 7 16 12 32 75 124 109 88 ~300                               15    65      0.19 sec  T/O =  0  PRV =  2
SBY 19:47:46 [golden_prove_p0] engine_0: 11 : 0 3 3 4 7 16 12 32 80 135 129 111 ~300                              13    67      0.21 sec  T/O =  0  PRV =  2
SBY 19:47:46 [golden_prove_p0] engine_0: 11 : 0 3 3 4 7 16 12 32 81 141 140 129 ~300                               9    67      0.22 sec  T/O =  0  PRV =  2
SBY 19:47:46 [golden_prove_p0] engine_0: 12 : 0 3 3 4 7 10 6 5 15 31 58 35 81 ~406                                10    76      0.27 sec  T/O =  0  PRV =  2
SBY 19:47:46 [golden_prove_p0] engine_0: 12 : 0 3 3 4 7 10 6 5 17 37 69 48 104 ~406                               11    80      0.29 sec  T/O =  0  PRV =  2
SBY 19:47:46 [golden_prove_p0] engine_0: 12 : 0 3 3 4 7 10 6 5 17 37 69 52 114 ~406                               10    80      0.29 sec  T/O =  0  PRV =  2
SBY 19:47:46 [golden_prove_p0] engine_0: 13 : 0 3 3 4 6 8 4 4 4 9 27 23 18 -11 ~527                         9    84      0.34 sec  T/O =  0  PRV =  2
SBY 19:47:46 [golden_prove_p0] engine_0: 14 : 0 3 3 4 4 6 4 4 4 5 8 5 6 3 -52 ~505                          8    86      0.39 sec  T/O =  0  PRV =  2
SBY 19:47:46 [golden_prove_p0] engine_0: Proved output 0 in frame 14.
SBY 19:47:46 [golden_prove_p0] engine_0: 15 : 0 3 3 4 3 5 4 4 4 5 6 1 0 0 0 -76 ~508                        0    86      0.43 sec  T/O =  0  PRV =  3
SBY 19:47:46 [golden_prove_p0] engine_0: Block =   20  Oblig =  3492  Clause =  2096  Call = 27754 (sat=62.2%)  Cex =   0  Start =  76
SBY 19:47:46 [golden_prove_p0] engine_0: SAT solving =     0.68 sec ( 62.37 %)
SBY 19:47:46 [golden_prove_p0] engine_0: unsat     =     0.13 sec ( 11.60 %)
SBY 19:47:46 [golden_prove_p0] engine_0: sat       =     0.56 sec ( 50.76 %)
SBY 19:47:46 [golden_prove_p0] engine_0: Generalize  =     0.45 sec ( 41.20 %)
SBY 19:47:46 [golden_prove_p0] engine_0: Push clause =     0.25 sec ( 22.44 %)
SBY 19:47:46 [golden_prove_p0] engine_0: Ternary sim =     0.02 sec (  1.45 %)
SBY 19:47:46 [golden_prove_p0] engine_0: Containment =     0.00 sec (  0.37 %)
SBY 19:47:46 [golden_prove_p0] engine_0: CNF compute =     0.04 sec (  3.68 %)
SBY 19:47:46 [golden_prove_p0] engine_0: Refinement  =     0.00 sec (  0.00 %)
SBY 19:47:46 [golden_prove_p0] engine_0: TOTAL       =     1.10 sec (100.00 %)
SBY 19:47:46 [golden_prove_p0] engine_0: Property proved.  Time =     1.11 sec
SBY 19:47:46 [golden_prove_p0] engine_0: Counter-example is not available.
SBY 19:47:46 [golden_prove_p0] engine_0: finished (returncode=0)
SBY 19:47:46 [golden_prove_p0] engine_0: Status returned by engine: PASS
SBY 19:47:46 [golden_prove_p0] summary: Elapsed clock time [H:MM:SS (secs)]: 0:00:01 (1)
SBY 19:47:46 [golden_prove_p0] summary: Elapsed process time [H:MM:SS (secs)]: 0:00:01 (1)
SBY 19:47:46 [golden_prove_p0] summary: engine_0 (abc pdr) returned PASS
SBY 19:47:46 [golden_prove_p0] summary: engine_0 did not produce any traces
SBY 19:47:46 [golden_prove_p0] DONE (PASS, rc=0)
