CTTRACE 1 DEPTH=4 WIDTH=8
0 1 1 0 f d7 1 1
1 0 0 1 e1 d7 1 1
2 0 1 1 6f d7 1 1
3 0 1 1 4 d7 1 1
4 0 0 0 5e d7 1 1
5 0 1 0 63 d7 1 1
6 0 1 0 34 d7 1 1
7 0 1 0 f8 d7 1 1
8 0 1 0 42 d7 1 1
9 0 0 0 6f d7 1 1
10 0 1 1 9 d7 1 1
11 0 0 0 34 d7 1 1
12 0 0 1 61 d7 1 1
13 0 1 1 10 d7 1 1
14 0 0 1 d9 d7 1 1
15 0 1 1 b4 d7 1 1
16 0 0 1 cf d7 1 1
17 0 0 0 1f d7 1 1
18 0 0 0 73 d7 1 1
19 0 0 1 bb d7 1 1
20 0 1 1 d d7 1 1
21 0 0 1 26 d7 1 1
22 0 0 1 8e d7 1 1
23 0 1 1 58 d7 1 1
24 0 1 1 5d d7 1 1
25 0 1 0 9c d7 1 1
26 0 1 0 de d7 1 1
27 0 1 0 f4 d7 1 1
28 0 1 1 67 d7 1 1
29 0 1 1 bf d7 1 1
30 0 1 1 d5 d7 1 1
31 0 0 0 e4 d7 1 1
32 0 1 0 61 d7 1 1
33 0 1 1 32 d7 1 1
34 0 1 1 50 d7 1 1
35 0 1 0 8e d7 1 1
36 0 0 1 48 d7 1 1
37 0 0 1 cf d7 1 1
38 0 0 1 e8 d7 1 1
39 0 0 0 d8 d7 1 1
40 0 1 0 a3 d7 1 1
41 0 1 1 34 d7 1 1
42 0 0 1 98 d7 1 1
43 0 0 1 21 d7 1 1
44 0 0 1 f6 d7 1 1
45 0 0 1 d0 d7 1 1
46 0 1 0 f0 d7 1 1
47 0 0 1 75 d7 1 1
48 0 1 1 f3 d7 1 1
49 0 1 0 21 d7 1 1
50 0 1 0 64 d7 1 1
51 0 1 1 b3 d7 1 1
52 0 0 0 ab d7 1 1
53 0 0 0 ac d7 1 1
54 0 1 1 3e d7 1 1
55 0 1 1 36 d7 1 1
56 0 1 0 23 d7 1 1
57 0 1 0 fd d7 1 1
58 0 1 0 87 d7 1 1
59 0 0 1 17 d7 1 1
60 0 0 1 99 d7 1 1
61 0 0 1 3e d7 1 1
62 0 0 0 6f d7 1 1
63 0 0 0 7b d7 1 1
64 0 1 1 19 d7 1 1
65 0 0 1 c3 d7 1 1
66 0 0 1 e5 d7 1 1
67 0 0 1 51 d7 1 1
68 0 0 1 96 d7 1 1
69 0 1 0 37 d7 1 1
70 0 0 1 e2 d7 1 1
71 0 0 1 f6 d7 1 1
72 0 1 0 4a d7 1 1
73 0 0 0 35 d7 1 1
74 0 0 0 b3 d7 1 1
75 0 1 1 a0 d7 1 1
76 0 1 0 a0 d7 1 1
77 0 1 1 2a d7 1 1
78 0 1 1 c9 d7 1 1
79 0 1 1 e6 d7 1 1
80 0 1 0 8f d7 1 1
81 0 1 0 16 d7 1 1
82 0 1 0 da d7 1 1
83 0 0 0 ae d7 1 1
84 0 1 1 8d d7 1 1
85 1 0 1 52 d7 1 1
86 0 0 0 d9 d7 1 1
87 0 0 1 de d7 1 1
88 0 1 1 ff d7 1 1
89 0 0 1 6d d7 1 1
90 0 0 1 6c d7 1 1
91 0 0 0 1a d7 1 1
92 0 1 1 11 d7 1 1
93 0 1 1 ad d7 1 1
94 0 0 0 98 d7 1 1
95 0 0 0 1b d7 1 1
96 0 0 1 1b d7 1 1
97 0 0 0 d9 d7 1 1
98 0 0 0 ba d7 1 1
99 0 1 0 c9 d7 1 1
100 0 1 0 a2 d7 1 1
101 0 1 0 6e d7 1 1
102 0 1 0 58 d7 1 1
103 0 1 0 b6 d7 1 1
104 0 0 0 9a d7 1 1
105 0 1 0 aa d7 1 1
106 0 1 1 21 d7 1 1
107 0 1 0 4 d7 1 1
108 0 0 1 75 d7 1 1
109 0 0 1 6b d7 1 1
110 0 0 1 a5 d7 1 1
111 0 1 1 42 d7 1 1
112 0 0 1 80 d7 1 1
113 0 0 1 c7 d7 1 1
114 0 1 1 ef d7 1 1
115 0 1 1 62 d7 1 1
116 0 1 1 3a d7 1 1
117 0 0 0 6c d7 1 1
118 0 1 1 e d7 1 1
119 0 0 1 82 d7 1 1
120 0 1 0 80 d7 1 1
121 0 1 1 b2 d7 1 1
122 0 1 0 35 d7 1 1
123 0 1 0 db d7 1 1
124 0 1 0 18 d7 1 1
125 0 0 0 e2 d7 1 1
126 0 0 0 c3 d7 1 1
127 0 1 1 32 d7 1 1
128 0 1 0 e6 d7 1 1
129 0 1 0 b9 d7 1 1
130 0 1 0 b9 d7 1 1
131 0 1 0 ed d7 1 1
132 0 0 1 8c d7 1 1
133 0 0 1 3 d7 1 1
134 0 1 1 c3 d7 1 1
135 0 0 1 a9 d7 1 1
136 0 1 1 78 d7 1 1
137 0 1 1 7a d7 1 1
138 0 0 1 7d d7 1 1
139 0 1 1 65 d7 1 1
140 1 1 0 b4 d7 1 1
141 0 0 1 f4 d7 1 1
142 0 1 1 b d7 1 1
143 0 0 0 66 d7 1 1
144 1 1 0 75 d7 1 1
145 0 1 1 39 d7 1 1
146 0 1 0 b5 d7 1 1
147 0 1 0 28 d7 1 1
148 0 1 1 90 d7 1 1
149 0 0 0 3 d7 1 1
150 0 0 0 9 d7 1 1
151 0 1 1 7e d7 1 1
152 0 1 0 79 d7 1 1
153 0 1 0 9b d7 1 1
154 0 1 0 ec d7 1 1
155 0 1 0 98 d7 1 1
156 0 0 1 90 d7 1 1
157 0 0 0 51 d7 1 1
158 0 1 1 7f d7 1 1
159 0 0 1 95 d7 1 1
END 160
