CTTRACE 1 DEPTH=4 WIDTH=8
0 1 0 0 c7 d7 1 1
1 0 1 1 a9 d7 1 1
2 0 0 1 59 d7 1 1
3 0 0 0 5a d7 1 1
4 0 1 1 f4 d7 1 1
5 0 1 0 22 d7 1 1
6 0 1 0 c8 d7 1 1
7 0 1 1 d0 d7 1 1
8 0 1 0 97 d7 1 1
9 0 1 0 67 d7 1 1
10 0 1 0 f5 d7 1 1
11 0 0 0 2 d7 1 1
12 0 0 1 2d d7 1 1
13 0 0 0 34 d7 1 1
14 0 0 1 67 d7 1 1
15 0 1 1 4a d7 1 1
16 0 0 1 3e d7 1 1
17 0 0 1 84 d7 1 1
18 0 0 1 93 d7 1 1
19 0 1 0 b d7 1 1
20 0 0 1 e3 d7 1 1
21 1 0 1 41 d7 1 1
22 0 1 0 82 d7 1 1
23 0 0 1 4d d7 1 1
24 0 1 1 8a d7 1 1
25 0 1 1 75 d7 1 1
26 0 1 0 29 d7 1 1
27 0 1 0 74 d7 1 1
28 0 1 0 fb d7 1 1
29 0 1 1 23 d7 1 1
30 0 0 0 83 d7 1 1
31 0 1 0 95 d7 1 1
32 1 1 0 4 d7 1 1
33 0 0 0 c6 d7 1 1
34 0 1 1 7f d7 1 1
35 0 1 0 46 d7 1 1
36 0 0 0 51 d7 1 1
37 0 0 1 f3 d7 1 1
38 0 0 1 aa d7 1 1
39 0 1 1 8e d7 1 1
40 0 0 1 0 d7 1 1
41 0 1 1 94 d7 1 1
42 0 0 0 d6 d7 1 1
43 0 0 1 97 d7 1 1
44 0 1 1 ce d7 1 1
45 0 1 1 cc d7 1 1
46 0 0 1 c9 d7 1 1
47 0 0 1 fa d7 1 1
48 0 1 1 87 d7 1 1
49 0 0 1 65 d7 1 1
50 0 1 0 54 d7 1 1
51 0 0 0 dc d7 1 1
52 0 1 0 9 d7 1 1
53 0 1 0 c7 d7 1 1
54 0 1 1 b9 d7 1 1
55 0 0 0 a8 d7 1 1
56 0 1 1 e0 d7 1 1
57 0 1 0 54 d7 1 1
58 0 1 1 f4 d7 1 1
59 0 1 0 3b d7 1 1
60 0 1 1 25 d7 1 1
61 0 0 1 c5 d7 1 1
62 0 1 1 29 d7 1 1
63 0 0 1 3c d7 1 1
64 0 0 0 b0 d7 1 1
65 0 1 1 57 d7 1 1
66 0 0 1 28 d7 1 1
67 0 1 1 24 d7 1 1
68 0 0 0 3c d7 1 1
69 0 0 1 b1 d7 1 1
70 0 0 0 c d7 1 1
71 0 1 1 5e d7 1 1
72 0 1 1 10 d7 1 1
73 0 1 1 bf d7 1 1
74 0 1 0 7f d7 1 1
75 1 1 1 f d7 1 1
76 0 1 0 7 d7 1 1
77 0 1 0 c0 d7 1 1
78 0 1 0 b3 d7 1 1
79 0 1 1 6d d7 1 1
80 0 1 0 d6 d7 1 1
81 0 1 0 e6 d7 1 1
82 0 1 0 bc d7 1 1
83 0 1 1 61 d7 1 1
84 0 0 1 81 d7 1 1
85 0 0 1 22 d7 1 1
86 0 1 1 6f d7 1 1
87 0 0 1 1b d7 1 1
88 0 1 0 44 d7 1 1
89 0 0 1 53 d7 1 1
90 0 0 1 67 d7 1 1
91 0 1 0 53 d7 1 1
92 0 0 1 fe d7 1 1
93 0 0 1 54 d7 1 1
94 0 1 1 b8 d7 1 1
95 0 1 1 1f d7 1 1
96 0 0 0 b1 d7 1 1
97 1 1 1 8 d7 1 1
98 0 1 0 fb d7 1 1
99 0 0 1 38 d7 1 1
100 0 1 1 15 d7 1 1
101 0 1 1 5 d7 1 1
102 0 1 0 a2 d7 1 1
103 0 1 1 75 d7 1 1
104 0 1 0 38 d7 1 1
105 0 0 0 e2 d7 1 1
106 0 0 1 a4 d7 1 1
107 0 0 0 c d7 1 1
108 0 1 1 a1 d7 1 1
109 0 0 0 10 d7 1 1
110 0 1 1 20 d7 1 1
111 0 1 1 da d7 1 1
112 0 1 1 5b d7 1 1
113 0 1 1 f0 d7 1 1
114 0 0 1 60 d7 1 1
115 0 1 1 85 d7 1 1
116 0 1 1 64 d7 1 1
117 0 1 0 e d7 1 1
118 0 0 1 94 d7 1 1
119 0 1 0 b9 d7 1 1
120 0 1 0 6d d7 1 1
121 0 0 0 67 d7 1 1
122 0 1 1 c d7 1 1
123 0 1 0 41 d7 1 1
124 0 1 0 7a d7 1 1
125 0 1 1 80 d7 1 1
126 0 0 0 19 d7 1 1
127 0 0 1 a d7 1 1
128 0 0 1 d4 d7 1 1
129 0 0 1 e8 d7 1 1
130 0 1 0 22 d7 1 1
131 0 1 0 15 d7 1 1
132 0 0 1 fe d7 1 1
133 0 1 1 b9 d7 1 1
134 0 0 0 f8 d7 1 1
135 0 0 1 30 d7 1 1
136 0 0 1 a1 d7 1 1
137 0 0 1 bb d7 1 1
138 0 0 0 c3 d7 1 1
139 0 1 1 72 d7 1 1
140 0 0 1 fa d7 1 1
141 0 0 0 c4 d7 1 1
142 0 0 1 e9 d7 1 1
143 0 0 1 3e d7 1 1
144 0 1 0 76 d7 1 1
145 0 1 1 2e d7 1 1
146 0 1 0 d6 d7 1 1
147 0 1 0 90 d7 1 1
148 0 1 1 18 d7 1 1
149 0 0 0 3b d7 1 1
150 0 0 0 e6 d7 1 1
151 0 1 0 70 d7 1 1
152 0 1 0 8 d7 1 1
153 0 1 0 31 d7 1 1
154 0 1 0 fd d7 1 1
155 0 1 1 86 d7 1 1
156 0 1 0 af d7 1 1
157 0 0 0 54 d7 1 1
158 0 1 0 78 d7 1 1
159 0 1 1 46 d7 1 1
END 160
