CTTRACE 1 DEPTH=4 WIDTH=8
0 1 0 0 73 d7 1 1
1 0 1 0 84 d7 1 1
2 0 1 0 95 d7 1 1
3 0 1 0 a6 d7 1 1
4 0 0 1 b7 d7 1 1
5 0 0 1 c8 d7 1 1
6 0 1 0 d9 d7 1 1
7 0 1 0 ea d7 1 1
8 0 1 0 fb d7 1 1
9 0 1 0 c d7 1 1
10 0 0 1 1d d7 1 1
11 0 0 1 2e d7 1 1
12 0 0 1 3f d7 1 1
13 0 0 1 50 d7 1 1
14 0 1 0 61 d7 1 1
15 0 1 0 72 d7 1 1
16 0 1 0 83 d7 1 1
17 0 1 0 94 d7 1 1
18 0 1 1 a5 d7 1 1
19 0 1 1 b6 d7 1 1
20 0 1 1 c7 d7 1 1
21 0 1 1 d8 d7 1 1
22 0 0 1 e9 d7 1 1
23 0 0 1 fa d7 1 1
24 0 0 1 b d7 1 1
25 0 0 1 1c d7 1 1
26 0 0 1 2d d7 1 1
END 27
