
 /----------------------------------------------------------------------------\
 |  yosys -- Yosys Open SYnthesis Suite                                       |
 |  Copyright (C) 2012 - 2026  Claire Xenia Wolf <claire@yosyshq.com>         |
 |  Distributed under an ISC-like license, type "license" to see terms        |
 \----------------------------------------------------------------------------/
 Yosys 0.69+158 (git sha1 a1a0ad7d4-dirty, Release, GNU /usr/bin/aarch64-linux-gnu-g++ 15.2.0)

-- Running command `read -formal -D CT_DUT=fifo dut.v; read -formal -D CT_DUT=fifo ct_formal_top.sv; chparam -set DEPTH 4 -set WIDTH 8 ct_formal_top; prep -top ct_formal_top; write_json /out/dut/properties.json' --

1. Executing Verilog-2005 frontend: dut.v
Parsing formal SystemVerilog input from `dut.v' to AST representation.
Storing AST representation for module `$abstract\fifo'.
Successfully finished Verilog frontend.

2. Executing Verilog-2005 frontend: ct_formal_top.sv
Parsing formal SystemVerilog input from `ct_formal_top.sv' to AST representation.
Storing AST representation for module `$abstract\ct_formal_top'.
Successfully finished Verilog frontend.
Parameter \DEPTH = 4
Parameter \WIDTH = 8

3. Executing AST frontend in derive mode using pre-parsed AST for module `\ct_formal_top'.
Parameter \DEPTH = 4
Parameter \WIDTH = 8
Generating RTLIL representation for module `$paramod$25dcd299f09ed78007805917ca368c961625b300\ct_formal_top'.

4. Executing PREP pass.

4.1. Executing HIERARCHY pass (managing design hierarchy).

4.2. Executing AST frontend in derive mode using pre-parsed AST for module `\ct_formal_top'.
Generating RTLIL representation for module `\ct_formal_top'.

4.2.1. Analyzing design hierarchy..
Top module:  \ct_formal_top
Parameter \DEPTH = 4
Parameter \WIDTH = 8

4.2.2. Executing AST frontend in derive mode using pre-parsed AST for module `\fifo'.
Parameter \DEPTH = 4
Parameter \WIDTH = 8
Generating RTLIL representation for module `$paramod$25dcd299f09ed78007805917ca368c961625b300\fifo'.

4.2.3. Analyzing design hierarchy..
Top module:  \ct_formal_top
Used module:     $paramod$25dcd299f09ed78007805917ca368c961625b300\fifo

4.2.4. Analyzing design hierarchy..
Top module:  \ct_formal_top
Used module:     $paramod$25dcd299f09ed78007805917ca368c961625b300\fifo
Removing unused module `$abstract\ct_formal_top'.
Removing unused module `$abstract\fifo'.
Removed 2 unused modules.
Module ct_formal_top directly or indirectly contains formal properties -> setting "keep" attribute.

4.3. Executing PROC pass (convert processes to netlists).

4.3.1. Executing PROC_CLEAN pass (remove empty switches from decision trees).
Cleaned up 0 empty switches.

4.3.2. Executing PROC_RMDEAD pass (remove dead branches from decision trees).
Marked 2 switch rules as full_case in process $proc$dut.v:34$138 in module $paramod$25dcd299f09ed78007805917ca368c961625b300\fifo.
Marked 2 switch rules as full_case in process $proc$ct_formal_top.sv:49$81 in module ct_formal_top.
Removed a total of 0 dead cases.

4.3.3. Executing PROC_PRUNE pass (remove redundant assignments in processes).
Removed 2 redundant assignments.
Promoted 9 assignments to connections.

4.3.4. Executing PROC_INIT pass (extract init attributes).
Found init rule in `\ct_formal_top.$proc$ct_formal_top.sv:31$130'.
  Set init value: \released = 1'0
Found init rule in `\ct_formal_top.$proc$ct_formal_top.sv:30$129'.
  Set init value: \past_valid = 1'0

4.3.5. Executing PROC_ARST pass (detect async resets in processes).

4.3.6. Executing PROC_ROM pass (convert switches to ROMs).
Converted 0 switches.
<suppressed ~14 debug messages>

4.3.7. Executing PROC_MUX pass (convert decision trees to multiplexers).
Creating decoders for process `$paramod$25dcd299f09ed78007805917ca368c961625b300\fifo.$proc$dut.v:34$138'.
     1/11: $2$memwr$\ram$dut.v:41$131_EN[7:0]$147
     2/11: $2$memwr$\ram$dut.v:41$131_DATA[7:0]$146
     3/11: $2$memwr$\ram$dut.v:41$131_ADDR[1:0]$145
     4/11: $1$memwr$\ram$dut.v:41$131_EN[7:0]$144
     5/11: $1$memwr$\ram$dut.v:41$131_DATA[7:0]$143
     6/11: $1$memwr$\ram$dut.v:41$131_ADDR[1:0]$142
     7/11: $0\empty_r[0:0]
     8/11: $0\full_r[0:0]
     9/11: $0\rp[1:0]
    10/11: $0\wp[1:0]
    11/11: $0\dout[7:0]
Creating decoders for process `\ct_formal_top.$proc$ct_formal_top.sv:31$130'.
Creating decoders for process `\ct_formal_top.$proc$ct_formal_top.sv:30$129'.
Creating decoders for process `\ct_formal_top.$proc$ct_formal_top.sv:83$105'.
     1/12: \cov_recurrent_reset_EN
     2/12: \cov_wrap_read_EN
     3/12: \cov_wrap_write_EN
     4/12: \cov_both_full_EN
     5/12: \cov_both_mid_EN
     6/12: \cov_both_empty_EN
     7/12: \cov_read_empty_EN
     8/12: \cov_write_full_EN
     9/12: \cov_full_EN
    10/12: \cov_read_accepted_EN
    11/12: \cov_write_accepted_EN
    12/12: \cov_reset_release_EN
Creating decoders for process `\ct_formal_top.$proc$ct_formal_top.sv:73$101'.
     1/3: \ct_read_data_EN
     2/3: \ct_full_flag_EN
     3/3: \ct_empty_flag_EN
Creating decoders for process `\ct_formal_top.$proc$ct_formal_top.sv:49$81'.
     1/13: $2$memwr$\ref_mem$ct_formal_top.sv:65$66_EN[7:0]$92
     2/13: $2$memwr$\ref_mem$ct_formal_top.sv:65$66_DATA[7:0]$91
     3/13: $2$memwr$\ref_mem$ct_formal_top.sv:65$66_ADDR[1:0]$90
     4/13: $0\exp_valid[0:0]
     5/13: $0\ref_count[2:0]
     6/13: $1$memwr$\ref_mem$ct_formal_top.sv:65$66_EN[7:0]$87
     7/13: $1$memwr$\ref_mem$ct_formal_top.sv:65$66_DATA[7:0]$86
     8/13: $1$memwr$\ref_mem$ct_formal_top.sv:65$66_ADDR[1:0]$85
     9/13: $0\reads_seen[3:0]
    10/13: $0\writes_seen[3:0]
    11/13: $0\exp_dout[7:0]
    12/13: $0\ref_head[1:0]
    13/13: $0\released[0:0]
Creating decoders for process `\ct_formal_top.$proc$ct_formal_top.sv:47$78'.
     1/1: $assume$ct_formal_top.sv:47$80_EN

4.3.8. Executing PROC_DLATCH pass (convert process syncs to latches).

4.3.9. Executing PROC_DFF pass (convert process syncs to FFs).
Creating register for signal `$paramod$25dcd299f09ed78007805917ca368c961625b300\fifo.\dout' using process `$paramod$25dcd299f09ed78007805917ca368c961625b300\fifo.$proc$dut.v:34$138'.
  created $dff cell `$procdff$296' with positive edge clock.
Creating register for signal `$paramod$25dcd299f09ed78007805917ca368c961625b300\fifo.\wp' using process `$paramod$25dcd299f09ed78007805917ca368c961625b300\fifo.$proc$dut.v:34$138'.
  created $dff cell `$procdff$297' with positive edge clock.
Creating register for signal `$paramod$25dcd299f09ed78007805917ca368c961625b300\fifo.\rp' using process `$paramod$25dcd299f09ed78007805917ca368c961625b300\fifo.$proc$dut.v:34$138'.
  created $dff cell `$procdff$298' with positive edge clock.
Creating register for signal `$paramod$25dcd299f09ed78007805917ca368c961625b300\fifo.\full_r' using process `$paramod$25dcd299f09ed78007805917ca368c961625b300\fifo.$proc$dut.v:34$138'.
  created $dff cell `$procdff$299' with positive edge clock.
Creating register for signal `$paramod$25dcd299f09ed78007805917ca368c961625b300\fifo.\empty_r' using process `$paramod$25dcd299f09ed78007805917ca368c961625b300\fifo.$proc$dut.v:34$138'.
  created $dff cell `$procdff$300' with positive edge clock.
Creating register for signal `$paramod$25dcd299f09ed78007805917ca368c961625b300\fifo.$memwr$\ram$dut.v:41$131_ADDR' using process `$paramod$25dcd299f09ed78007805917ca368c961625b300\fifo.$proc$dut.v:34$138'.
  created $dff cell `$procdff$301' with positive edge clock.
Creating register for signal `$paramod$25dcd299f09ed78007805917ca368c961625b300\fifo.$memwr$\ram$dut.v:41$131_DATA' using process `$paramod$25dcd299f09ed78007805917ca368c961625b300\fifo.$proc$dut.v:34$138'.
  created $dff cell `$procdff$302' with positive edge clock.
Creating register for signal `$paramod$25dcd299f09ed78007805917ca368c961625b300\fifo.$memwr$\ram$dut.v:41$131_EN' using process `$paramod$25dcd299f09ed78007805917ca368c961625b300\fifo.$proc$dut.v:34$138'.
  created $dff cell `$procdff$303' with positive edge clock.
Creating register for signal `\ct_formal_top.\past_valid' using process `\ct_formal_top.$proc$ct_formal_top.sv:49$81'.
  created $dff cell `$procdff$304' with positive edge clock.
Creating register for signal `\ct_formal_top.\released' using process `\ct_formal_top.$proc$ct_formal_top.sv:49$81'.
  created $dff cell `$procdff$305' with positive edge clock.
Creating register for signal `\ct_formal_top.\ref_head' using process `\ct_formal_top.$proc$ct_formal_top.sv:49$81'.
  created $dff cell `$procdff$306' with positive edge clock.
Creating register for signal `\ct_formal_top.\ref_count' using process `\ct_formal_top.$proc$ct_formal_top.sv:49$81'.
  created $dff cell `$procdff$307' with positive edge clock.
Creating register for signal `\ct_formal_top.\exp_valid' using process `\ct_formal_top.$proc$ct_formal_top.sv:49$81'.
  created $dff cell `$procdff$308' with positive edge clock.
Creating register for signal `\ct_formal_top.\exp_dout' using process `\ct_formal_top.$proc$ct_formal_top.sv:49$81'.
  created $dff cell `$procdff$309' with positive edge clock.
Creating register for signal `\ct_formal_top.\writes_seen' using process `\ct_formal_top.$proc$ct_formal_top.sv:49$81'.
  created $dff cell `$procdff$310' with positive edge clock.
Creating register for signal `\ct_formal_top.\reads_seen' using process `\ct_formal_top.$proc$ct_formal_top.sv:49$81'.
  created $dff cell `$procdff$311' with positive edge clock.
Creating register for signal `\ct_formal_top.$memwr$\ref_mem$ct_formal_top.sv:65$66_ADDR' using process `\ct_formal_top.$proc$ct_formal_top.sv:49$81'.
  created $dff cell `$procdff$312' with positive edge clock.
Creating register for signal `\ct_formal_top.$memwr$\ref_mem$ct_formal_top.sv:65$66_DATA' using process `\ct_formal_top.$proc$ct_formal_top.sv:49$81'.
  created $dff cell `$procdff$313' with positive edge clock.
Creating register for signal `\ct_formal_top.$memwr$\ref_mem$ct_formal_top.sv:65$66_EN' using process `\ct_formal_top.$proc$ct_formal_top.sv:49$81'.
  created $dff cell `$procdff$314' with positive edge clock.

4.3.10. Executing PROC_MEMWR pass (convert process memory writes to cells).

4.3.11. Executing PROC_CLEAN pass (remove empty switches from decision trees).
Found and cleaned up 4 empty switches in `$paramod$25dcd299f09ed78007805917ca368c961625b300\fifo.$proc$dut.v:34$138'.
Removing empty process `$paramod$25dcd299f09ed78007805917ca368c961625b300\fifo.$proc$dut.v:34$138'.
Removing empty process `ct_formal_top.$proc$ct_formal_top.sv:31$130'.
Removing empty process `ct_formal_top.$proc$ct_formal_top.sv:30$129'.
Found and cleaned up 2 empty switches in `\ct_formal_top.$proc$ct_formal_top.sv:83$105'.
Removing empty process `ct_formal_top.$proc$ct_formal_top.sv:83$105'.
Found and cleaned up 2 empty switches in `\ct_formal_top.$proc$ct_formal_top.sv:73$101'.
Removing empty process `ct_formal_top.$proc$ct_formal_top.sv:73$101'.
Found and cleaned up 5 empty switches in `\ct_formal_top.$proc$ct_formal_top.sv:49$81'.
Removing empty process `ct_formal_top.$proc$ct_formal_top.sv:49$81'.
Found and cleaned up 1 empty switch in `\ct_formal_top.$proc$ct_formal_top.sv:47$78'.
Removing empty process `ct_formal_top.$proc$ct_formal_top.sv:47$78'.
Cleaned up 14 empty switches.

4.3.12. Executing OPT_EXPR pass (perform const folding).
Optimizing module $paramod$25dcd299f09ed78007805917ca368c961625b300\fifo.
Optimizing module ct_formal_top.
<suppressed ~2 debug messages>

4.4. Executing FUTURE pass.

4.5. Executing OPT_EXPR pass (perform const folding).
Optimizing module $paramod$25dcd299f09ed78007805917ca368c961625b300\fifo.
Optimizing module ct_formal_top.

4.6. Executing CHECK pass (checking for obvious problems).
Checking module $paramod$25dcd299f09ed78007805917ca368c961625b300\fifo...
Checking module ct_formal_top...
Found and reported 0 problems.

4.7. Executing OPT_CLEAN pass (remove unused cells and wires).
Finding unused cells or wires in module $paramod$25dcd299f09ed78007805917ca368c961625b300\fifo..
Finding unused cells or wires in module \ct_formal_top..
Removed 7 unused cells and 119 unused wires.
<suppressed ~9 debug messages>

4.8. Executing OPT pass (performing simple optimizations).

4.8.1. Executing OPT_EXPR pass (perform const folding).
Optimizing module $paramod$25dcd299f09ed78007805917ca368c961625b300\fifo.
Optimizing module ct_formal_top.

4.8.2. Executing OPT_MERGE pass (detect identical cells).
Finding identical cells in module `$paramod$25dcd299f09ed78007805917ca368c961625b300\fifo'.
Computing hashes of 38 cells of `$paramod$25dcd299f09ed78007805917ca368c961625b300\fifo'.
Finding duplicate cells in `$paramod$25dcd299f09ed78007805917ca368c961625b300\fifo'.
Computing hashes of 36 cells of `$paramod$25dcd299f09ed78007805917ca368c961625b300\fifo'.
Finding duplicate cells in `$paramod$25dcd299f09ed78007805917ca368c961625b300\fifo'.
<suppressed ~6 debug messages>
Finding identical cells in module `\ct_formal_top'.
Computing hashes of 110 cells of `\ct_formal_top'.
Finding duplicate cells in `\ct_formal_top'.
Computing hashes of 104 cells of `\ct_formal_top'.
Finding duplicate cells in `\ct_formal_top'.
<suppressed ~18 debug messages>
Removed a total of 8 cells.

4.8.3. Executing OPT_MUXTREE pass (detect dead branches in mux trees).
Running muxtree optimizer on module $paramod$25dcd299f09ed78007805917ca368c961625b300\fifo..
  Creating internal representation of mux trees.
  Evaluating internal representation of mux trees.
  Analyzing evaluation results.
    dead port 1/2 on $mux $procmux$167.
    dead port 1/2 on $mux $procmux$161.
    dead port 1/2 on $mux $procmux$155.
Running muxtree optimizer on module \ct_formal_top..
  Creating internal representation of mux trees.
  Evaluating internal representation of mux trees.
  Analyzing evaluation results.
    dead port 1/2 on $mux $procmux$254.
    dead port 1/2 on $mux $procmux$248.
    dead port 1/2 on $mux $procmux$242.
Removed 6 multiplexer ports.
<suppressed ~90 debug messages>

4.8.4. Executing OPT_REDUCE pass (consolidate $*mux and $reduce_* inputs).
  Optimizing cells in module $paramod$25dcd299f09ed78007805917ca368c961625b300\fifo.
    Consolidated identical input bits for $mux cell $procmux$152:
      Old ports: A=8'00000000, B=8'11111111, Y=$procmux$152_Y
      New ports: A=1'0, B=1'1, Y=$procmux$152_Y [0]
      New connections: $procmux$152_Y [7:1] = { $procmux$152_Y [0] $procmux$152_Y [0] $procmux$152_Y [0] $procmux$152_Y [0] $procmux$152_Y [0] $procmux$152_Y [0] $procmux$152_Y [0] }
  Optimizing cells in module $paramod$25dcd299f09ed78007805917ca368c961625b300\fifo.
    Consolidated identical input bits for $mux cell $procmux$170:
      Old ports: A=$2$memwr$\ram$dut.v:41$131_EN[7:0]$147, B=8'00000000, Y=$0$memwr$\ram$dut.v:41$131_EN[7:0]$141
      New ports: A=$procmux$152_Y [0], B=1'0, Y=$0$memwr$\ram$dut.v:41$131_EN[7:0]$141 [0]
      New connections: $0$memwr$\ram$dut.v:41$131_EN[7:0]$141 [7:1] = { $0$memwr$\ram$dut.v:41$131_EN[7:0]$141 [0] $0$memwr$\ram$dut.v:41$131_EN[7:0]$141 [0] $0$memwr$\ram$dut.v:41$131_EN[7:0]$141 [0] $0$memwr$\ram$dut.v:41$131_EN[7:0]$141 [0] $0$memwr$\ram$dut.v:41$131_EN[7:0]$141 [0] $0$memwr$\ram$dut.v:41$131_EN[7:0]$141 [0] $0$memwr$\ram$dut.v:41$131_EN[7:0]$141 [0] }
  Optimizing cells in module $paramod$25dcd299f09ed78007805917ca368c961625b300\fifo.
  Optimizing cells in module \ct_formal_top.
    Consolidated identical input bits for $mux cell $procmux$239:
      Old ports: A=8'00000000, B=8'11111111, Y=$procmux$239_Y
      New ports: A=1'0, B=1'1, Y=$procmux$239_Y [0]
      New connections: $procmux$239_Y [7:1] = { $procmux$239_Y [0] $procmux$239_Y [0] $procmux$239_Y [0] $procmux$239_Y [0] $procmux$239_Y [0] $procmux$239_Y [0] $procmux$239_Y [0] }
  Optimizing cells in module \ct_formal_top.
    Consolidated identical input bits for $mux cell $procmux$263:
      Old ports: A=$2$memwr$\ref_mem$ct_formal_top.sv:65$66_EN[7:0]$92, B=8'00000000, Y=$0$memwr$\ref_mem$ct_formal_top.sv:65$66_EN[7:0]$84
      New ports: A=$procmux$239_Y [0], B=1'0, Y=$0$memwr$\ref_mem$ct_formal_top.sv:65$66_EN[7:0]$84 [0]
      New connections: $0$memwr$\ref_mem$ct_formal_top.sv:65$66_EN[7:0]$84 [7:1] = { $0$memwr$\ref_mem$ct_formal_top.sv:65$66_EN[7:0]$84 [0] $0$memwr$\ref_mem$ct_formal_top.sv:65$66_EN[7:0]$84 [0] $0$memwr$\ref_mem$ct_formal_top.sv:65$66_EN[7:0]$84 [0] $0$memwr$\ref_mem$ct_formal_top.sv:65$66_EN[7:0]$84 [0] $0$memwr$\ref_mem$ct_formal_top.sv:65$66_EN[7:0]$84 [0] $0$memwr$\ref_mem$ct_formal_top.sv:65$66_EN[7:0]$84 [0] $0$memwr$\ref_mem$ct_formal_top.sv:65$66_EN[7:0]$84 [0] }
  Optimizing cells in module \ct_formal_top.
Performed a total of 4 changes.

4.8.5. Executing OPT_MERGE pass (detect identical cells).
Finding identical cells in module `$paramod$25dcd299f09ed78007805917ca368c961625b300\fifo'.
Computing hashes of 33 cells of `$paramod$25dcd299f09ed78007805917ca368c961625b300\fifo'.
Finding duplicate cells in `$paramod$25dcd299f09ed78007805917ca368c961625b300\fifo'.
Finding identical cells in module `\ct_formal_top'.
Computing hashes of 101 cells of `\ct_formal_top'.
Finding duplicate cells in `\ct_formal_top'.
Computing hashes of 90 cells of `\ct_formal_top'.
Finding duplicate cells in `\ct_formal_top'.
<suppressed ~33 debug messages>
Removed a total of 11 cells.

4.8.6. Executing OPT_CLEAN pass (remove unused cells and wires).
Finding unused cells or wires in module $paramod$25dcd299f09ed78007805917ca368c961625b300\fifo..
Finding unused cells or wires in module \ct_formal_top..
Removed 0 unused cells and 14 unused wires.
<suppressed ~2 debug messages>

4.8.7. Executing OPT_EXPR pass (perform const folding).
Optimizing module $paramod$25dcd299f09ed78007805917ca368c961625b300\fifo.
Optimizing module ct_formal_top.

4.8.8. Rerunning OPT passes. (Maybe there is more to do..)

4.8.9. Executing OPT_MUXTREE pass (detect dead branches in mux trees).
Running muxtree optimizer on module $paramod$25dcd299f09ed78007805917ca368c961625b300\fifo..
  Creating internal representation of mux trees.
  Evaluating internal representation of mux trees.
  Analyzing evaluation results.
Running muxtree optimizer on module \ct_formal_top..
  Creating internal representation of mux trees.
  Evaluating internal representation of mux trees.
  Analyzing evaluation results.
Removed 0 multiplexer ports.
<suppressed ~62 debug messages>

4.8.10. Executing OPT_REDUCE pass (consolidate $*mux and $reduce_* inputs).
  Optimizing cells in module $paramod$25dcd299f09ed78007805917ca368c961625b300\fifo.
  Optimizing cells in module \ct_formal_top.
Performed a total of 0 changes.

4.8.11. Executing OPT_MERGE pass (detect identical cells).
Finding identical cells in module `$paramod$25dcd299f09ed78007805917ca368c961625b300\fifo'.
Computing hashes of 33 cells of `$paramod$25dcd299f09ed78007805917ca368c961625b300\fifo'.
Finding duplicate cells in `$paramod$25dcd299f09ed78007805917ca368c961625b300\fifo'.
Finding identical cells in module `\ct_formal_top'.
Computing hashes of 90 cells of `\ct_formal_top'.
Finding duplicate cells in `\ct_formal_top'.
Removed a total of 0 cells.

4.8.12. Executing OPT_CLEAN pass (remove unused cells and wires).
Finding unused cells or wires in module $paramod$25dcd299f09ed78007805917ca368c961625b300\fifo..
Finding unused cells or wires in module \ct_formal_top..

4.8.13. Executing OPT_EXPR pass (perform const folding).
Optimizing module $paramod$25dcd299f09ed78007805917ca368c961625b300\fifo.
Optimizing module ct_formal_top.

4.8.14. Finished fast OPT passes. (There is nothing left to do.)

4.9. Executing WREDUCE pass (reducing word size of cells).
Removed top 1 bits (of 2) from port B of cell $paramod$25dcd299f09ed78007805917ca368c961625b300\fifo.$procmux$185_CMP0 ($eq).
Removed top 2 bits (of 3) from port B of cell ct_formal_top.$add$ct_formal_top.sv:66$93 ($add).
Removed top 2 bits (of 3) from port B of cell ct_formal_top.$sub$ct_formal_top.sv:66$94 ($sub).
Removed top 1 bits (of 4) from port B of cell ct_formal_top.$ne$ct_formal_top.sv:67$95 ($ne).
Removed top 1 bits (of 4) from port B of cell ct_formal_top.$ne$ct_formal_top.sv:68$98 ($ne).
Removed top 1 bits (of 4) from port B of cell ct_formal_top.$eq$ct_formal_top.sv:94$123 ($eq).
Removed top 1 bits (of 4) from port B of cell ct_formal_top.$eq$ct_formal_top.sv:95$125 ($eq).

4.10. Executing OPT_CLEAN pass (remove unused cells and wires).
Finding unused cells or wires in module $paramod$25dcd299f09ed78007805917ca368c961625b300\fifo..
Finding unused cells or wires in module \ct_formal_top..

4.11. Executing MEMORY_COLLECT pass (generating $mem cells).

4.12. Executing OPT pass (performing simple optimizations).

4.12.1. Executing OPT_EXPR pass (perform const folding).
Optimizing module $paramod$25dcd299f09ed78007805917ca368c961625b300\fifo.
Optimizing module ct_formal_top.

4.12.2. Executing OPT_MERGE pass (detect identical cells).
Finding identical cells in module `$paramod$25dcd299f09ed78007805917ca368c961625b300\fifo'.
Computing hashes of 32 cells of `$paramod$25dcd299f09ed78007805917ca368c961625b300\fifo'.
Finding duplicate cells in `$paramod$25dcd299f09ed78007805917ca368c961625b300\fifo'.
Finding identical cells in module `\ct_formal_top'.
Computing hashes of 89 cells of `\ct_formal_top'.
Finding duplicate cells in `\ct_formal_top'.
Removed a total of 0 cells.

4.12.3. Executing OPT_CLEAN pass (remove unused cells and wires).
Finding unused cells or wires in module $paramod$25dcd299f09ed78007805917ca368c961625b300\fifo..
Finding unused cells or wires in module \ct_formal_top..

4.12.4. Finished fast OPT passes.

4.13. Executing SORT pass.

4.14. Printing statistics.

=== $paramod$25dcd299f09ed78007805917ca368c961625b300\fifo ===

        +----------Local Count, excluding submodules.
        | 
       39 wires
      112 wire bits
       16 public wires
       34 public wire bits
        8 ports
       22 port bits
       32 cells
        2   $add
        5   $dff
        4   $eq
        2   $logic_and
        2   $logic_not
        1   $mem_v2
       14   $mux
        2   $pmux

=== ct_formal_top ===

        +----------Local Count, excluding submodules.
        | 
       91 wires
      200 wire bits
       36 public wires
       67 public wire bits
        5 ports
       12 port bits
       88 cells
        5   $add
       16   $check
        8   $dff
        6   $eq
       20   $logic_and
        6   $logic_not
        1   $mem_v2
       23   $mux
        2   $ne
        1   $sub
        1 submodules
        1   $paramod$25dcd299f09ed78007805917ca368c961625b300\fifo

=== design hierarchy ===

        +----------Count including submodules.
        | 
      120 ct_formal_top
       32 $paramod$25dcd299f09ed78007805917ca368c961625b300\fifo

        +----------Count including submodules.
        | 
      130 wires
      312 wire bits
       52 public wires
      101 public wire bits
       13 ports
       34 port bits
        - memories
        - memory bits
        - processes
      120 cells
        7   $add
       16   $check
       13   $dff
       10   $eq
       22   $logic_and
        8   $logic_not
        2   $mem_v2
       37   $mux
        2   $ne
        2   $pmux
        1   $sub
        1 submodules
        1   $paramod$25dcd299f09ed78007805917ca368c961625b300\fifo

4.15. Executing CHECK pass (checking for obvious problems).
Checking module $paramod$25dcd299f09ed78007805917ca368c961625b300\fifo...
Checking module ct_formal_top...
Found and reported 0 problems.

5. Executing JSON backend.

End of script. Logfile hash: 5f7f4d04f1, time: 0.01s, user: 0.01s, system: 0.00s, MEM: 24.36 MB peak
Yosys 0.69+158 (git sha1 a1a0ad7d4-dirty, Release, GNU /usr/bin/aarch64-linux-gnu-g++ 15.2.0)
Time spent: 16% 1x hierarchy (0 sec), 14% 5x opt_clean (0 sec), ...
