CTTRACE 1 DEPTH=4 WIDTH=8
0 1 1 0 f d7 1 0
1 0 0 1 e1 d7 1 0
2 0 1 1 6f d7 0 0
3 0 1 1 4 6f 0 0
4 0 0 0 5e 6f 0 0
5 0 1 0 63 6f 0 0
6 0 1 0 34 6f 0 0
7 0 1 0 f8 6f 0 1
8 0 1 0 42 6f 0 1
9 0 0 0 6f 6f 0 1
10 0 1 1 9 42 0 1
11 0 0 0 34 42 0 1
12 0 0 1 61 9 0 0
13 0 1 1 10 34 0 0
14 0 0 1 d9 f8 0 0
15 0 1 1 b4 42 0 0
16 0 0 1 cf 9 0 0
17 0 0 0 1f 9 0 0
18 0 0 0 73 9 0 0
19 0 0 1 bb 10 1 0
20 0 1 1 d 10 0 0
21 0 0 1 26 b4 1 0
22 0 0 1 8e b4 1 0
23 0 1 1 58 b4 0 0
24 0 1 1 5d d 0 0
25 0 1 0 9c d 0 0
26 0 1 0 de d 0 0
27 0 1 0 f4 d 0 1
28 0 1 1 67 f4 0 1
29 0 1 1 bf 67 0 1
30 0 1 1 d5 bf 0 1
31 0 0 0 e4 bf 0 1
32 0 1 0 61 bf 0 1
33 0 1 1 32 d5 0 1
34 0 1 1 50 61 0 1
35 0 1 0 8e 61 0 1
36 0 0 1 48 32 0 0
37 0 0 1 cf 50 0 0
38 0 0 1 e8 8e 0 0
39 0 0 0 d8 8e 0 0
40 0 1 0 a3 8e 0 0
41 0 1 1 34 a3 0 0
42 0 0 1 98 34 0 0
43 0 0 1 21 50 1 0
44 0 0 1 f6 50 1 0
45 0 0 1 d0 50 1 0
46 0 1 0 f0 50 0 0
47 0 0 1 75 8e 1 0
48 0 1 1 f3 8e 0 0
49 0 1 0 21 8e 0 0
50 0 1 0 64 8e 0 0
51 0 1 1 b3 21 0 0
52 0 0 0 ab 21 0 0
53 0 0 0 ac 21 0 0
54 0 1 1 3e 64 0 0
55 0 1 1 36 b3 0 0
56 0 1 0 23 b3 0 1
57 0 1 0 fd b3 0 1
58 0 1 0 87 b3 0 1
59 0 0 1 17 87 0 0
60 0 0 1 99 36 0 0
61 0 0 1 3e 23 0 0
62 0 0 0 6f 23 0 0
63 0 0 0 7b 23 0 0
64 0 1 1 19 fd 0 0
65 0 0 1 c3 87 1 0
66 0 0 1 e5 87 1 0
67 0 0 1 51 87 1 0
68 0 0 1 96 87 1 0
69 0 1 0 37 87 0 0
70 0 0 1 e2 19 1 0
71 0 0 1 f6 19 1 0
72 0 1 0 4a 19 0 0
73 0 0 0 35 19 0 0
74 0 0 0 b3 19 0 0
75 0 1 1 a0 37 0 0
76 0 1 0 a0 37 0 0
77 0 1 1 2a 4a 0 0
78 0 1 1 c9 a0 0 0
79 0 1 1 e6 a0 0 0
80 0 1 0 8f a0 0 0
81 0 1 0 16 a0 0 1
82 0 1 0 da a0 0 1
83 0 0 0 ae a0 0 1
84 0 1 1 8d 16 0 1
85 1 0 1 52 16 1 0
86 0 0 0 d9 16 1 0
87 0 0 1 de 16 1 0
88 0 1 1 ff 16 0 0
89 0 0 1 6d ff 1 0
90 0 0 1 6c ff 1 0
91 0 0 0 1a ff 1 0
92 0 1 1 11 ff 0 0
93 0 1 1 ad 11 0 0
94 0 0 0 98 11 0 0
95 0 0 0 1b 11 0 0
96 0 0 1 1b ad 1 0
97 0 0 0 d9 ad 1 0
98 0 0 0 ba ad 1 0
99 0 1 0 c9 ad 0 0
100 0 1 0 a2 ad 0 0
101 0 1 0 6e ad 0 0
102 0 1 0 58 ad 0 1
103 0 1 0 b6 ad 0 1
104 0 0 0 9a ad 0 1
105 0 1 0 aa ad 0 1
106 0 1 1 21 b6 0 1
107 0 1 0 4 b6 0 1
108 0 0 1 75 aa 0 0
109 0 0 1 6b 21 0 0
110 0 0 1 a5 4 0 0
111 0 1 1 42 b6 0 0
112 0 0 1 80 aa 1 0
113 0 0 1 c7 aa 1 0
114 0 1 1 ef aa 0 0
115 0 1 1 62 21 0 0
116 0 1 1 3a 4 0 0
117 0 0 0 6c 4 0 0
118 0 1 1 e 42 0 0
119 0 0 1 82 ef 1 0
120 0 1 0 80 ef 0 0
121 0 1 1 b2 62 0 0
122 0 1 0 35 62 0 0
123 0 1 0 db 62 0 0
124 0 1 0 18 62 0 1
125 0 0 0 e2 62 0 1
126 0 0 0 c3 62 0 1
127 0 1 1 32 35 0 1
128 0 1 0 e6 35 0 1
129 0 1 0 b9 35 0 1
130 0 1 0 b9 35 0 1
131 0 1 0 ed 35 0 1
132 0 0 1 8c b9 0 0
133 0 0 1 3 b9 0 0
134 0 1 1 c3 ed 0 0
135 0 0 1 a9 c3 0 0
136 0 1 1 78 b9 0 0
137 0 1 1 7a b9 0 0
138 0 0 1 7d ed 1 0
139 0 1 1 65 ed 0 0
140 1 1 0 b4 ed 1 0
141 0 0 1 f4 ed 1 0
142 0 1 1 b ed 0 0
143 0 0 0 66 ed 0 0
144 1 1 0 75 ed 1 0
145 0 1 1 39 ed 0 0
146 0 1 0 b5 ed 0 0
147 0 1 0 28 ed 0 0
148 0 1 1 90 39 0 0
149 0 0 0 3 39 0 0
150 0 0 0 9 39 0 0
151 0 1 1 7e b5 0 0
152 0 1 0 79 b5 0 1
153 0 1 0 9b b5 0 1
154 0 1 0 ec b5 0 1
155 0 1 0 98 b5 0 1
156 0 0 1 90 9b 0 0
157 0 0 0 51 9b 0 0
158 0 1 1 7f ec 0 0
159 0 0 1 95 98 0 0
END 160
