CTTRACE 1 DEPTH=4 WIDTH=8
0 1 1 1 8f d7 1 0
1 0 1 0 96 d7 0 0
2 0 0 1 7f 96 1 0
3 0 1 1 20 96 0 0
4 0 1 0 b2 96 0 0
5 0 1 0 75 96 0 0
6 0 1 0 98 96 0 1
7 0 1 1 18 20 0 1
8 0 0 0 e5 20 0 1
9 0 1 0 ca 20 0 1
10 0 1 1 85 ca 0 1
11 0 1 0 18 ca 0 1
12 0 0 1 db 85 0 0
13 0 0 1 62 18 0 0
14 0 0 0 d0 18 0 0
15 0 0 1 99 18 0 0
16 0 0 0 46 18 0 0
17 0 0 1 a9 ca 1 0
18 0 0 0 1d ca 1 0
19 0 1 1 5f ca 0 0
20 0 0 1 9e 85 1 0
21 0 1 1 f7 85 0 0
22 0 0 1 7e 18 1 0
23 0 0 1 60 18 1 0
24 0 1 0 f4 18 0 0
25 0 1 1 6f 5f 0 0
26 0 1 0 58 5f 0 0
27 0 0 0 13 5f 0 0
28 0 1 0 9f 5f 0 0
29 0 1 1 b 9f 0 0
30 0 0 0 5 9f 0 0
31 0 0 0 e9 9f 0 0
32 0 0 0 11 9f 0 0
33 0 1 0 fe 9f 0 1
34 0 1 0 d2 9f 0 1
35 0 1 0 91 9f 0 1
36 0 0 1 6c b 0 0
37 0 0 0 49 b 0 0
38 0 0 0 e6 b 0 0
39 0 0 0 4e b 0 0
40 0 0 0 c8 b 0 0
41 0 0 0 77 b 0 0
42 0 0 1 88 fe 0 0
43 0 0 1 51 d2 0 0
44 0 0 1 65 91 1 0
45 0 0 1 e9 91 1 0
46 0 1 0 33 91 0 0
47 0 0 0 62 91 0 0
48 0 1 0 a2 91 0 0
49 0 1 0 c2 91 0 0
50 0 0 1 93 33 0 0
51 0 1 0 8c 33 0 0
52 0 1 1 92 a2 0 0
53 0 1 0 eb a2 0 1
54 0 1 0 d8 a2 0 1
55 0 1 0 8a a2 0 1
56 0 1 1 d1 d8 0 1
57 0 1 0 e7 d8 0 1
58 0 1 0 9d d8 0 1
59 0 1 0 60 d8 0 1
60 0 0 1 c6 60 0 0
61 0 1 1 3 d1 0 0
62 0 0 1 8d e7 0 0
63 0 1 1 79 9d 0 0
64 0 0 1 2 60 0 0
65 0 0 1 61 3 1 0
66 0 0 0 22 3 1 0
67 0 1 0 75 3 0 0
68 0 0 1 69 79 1 0
69 0 0 1 2d 79 1 0
70 0 1 1 ac 79 0 0
71 0 0 1 c3 75 1 0
72 0 1 0 d5 75 0 0
73 0 0 0 15 75 0 0
74 0 1 0 44 75 0 0
75 0 0 0 8f 75 0 0
76 0 1 1 79 ac 0 0
77 0 1 0 70 ac 0 0
78 0 1 0 e6 ac 0 1
79 0 1 1 88 e6 0 1
80 0 1 0 85 e6 0 1
81 0 1 1 83 88 0 1
82 0 1 1 87 85 0 1
83 0 1 0 24 85 0 1
84 0 0 1 d7 83 0 0
85 0 1 0 d 83 0 1
86 0 0 0 fe 83 0 1
87 0 0 0 a9 83 0 1
88 1 0 1 af 83 1 0
89 0 0 1 3d 83 1 0
90 0 1 1 d8 83 0 0
91 0 0 1 18 d8 1 0
92 0 0 1 25 d8 1 0
93 0 0 1 93 d8 1 0
94 0 1 1 eb d8 0 0
95 0 0 0 9d d8 0 0
96 0 0 0 87 d8 0 0
97 0 1 1 7b eb 0 0
98 0 1 0 87 eb 0 0
99 0 1 0 78 eb 0 0
100 0 1 1 e5 7b 0 0
101 0 1 0 88 7b 0 1
102 0 1 0 d1 7b 0 1
103 0 1 1 ed d1 0 1
104 0 1 0 ee d1 0 1
105 0 1 1 49 ed 0 1
106 0 0 0 b1 ed 0 1
107 0 1 0 6d ed 0 1
108 0 0 1 8 ee 0 0
109 0 0 1 97 49 0 0
110 0 0 0 92 49 0 0
111 0 0 1 e4 6d 0 0
112 0 0 1 b9 ed 1 0
113 0 0 0 e1 ed 1 0
114 0 0 0 a2 ed 1 0
115 0 0 1 79 ed 1 0
116 0 0 1 5e ed 1 0
117 0 0 1 97 ed 1 0
118 0 0 1 dc ed 1 0
119 0 0 1 6 ed 1 0
120 0 1 1 4b ed 0 0
121 1 1 1 b3 ed 1 0
122 0 0 0 d9 ed 1 0
123 0 0 1 f6 ed 1 0
124 0 1 1 22 ed 0 0
125 0 1 1 e2 22 0 0
126 0 0 1 bf e2 1 0
127 0 0 0 c6 e2 1 0
128 0 1 0 b6 e2 0 0
129 0 1 0 89 e2 0 0
130 0 1 0 af e2 0 0
131 0 0 0 ca e2 0 0
132 0 0 0 e6 e2 0 0
133 0 0 1 19 b6 0 0
134 0 1 1 8e 89 0 0
135 0 0 1 4e af 0 0
136 0 1 1 9d 8e 0 0
137 0 0 1 3b 9d 1 0
138 0 0 0 35 9d 1 0
139 0 1 1 1 9d 0 0
140 0 1 1 66 1 0 0
141 0 1 1 3b 66 0 0
142 0 0 1 db 3b 1 0
143 0 1 1 2b 3b 0 0
144 0 1 0 57 3b 0 0
145 0 1 0 c6 3b 0 0
146 0 1 0 0 3b 0 1
147 0 1 1 83 2b 0 1
148 0 1 0 80 2b 0 1
149 1 1 0 7d 2b 1 0
150 0 1 0 97 2b 0 0
151 0 1 1 d9 97 0 0
152 0 1 1 af d9 0 0
153 0 0 0 cb d9 0 0
154 0 0 1 14 af 1 0
155 0 1 0 e8 af 0 0
156 0 0 0 2f af 0 0
157 0 0 0 b9 af 0 0
158 0 1 0 8 af 0 0
159 0 0 1 3a e8 0 0
END 160
