CTTRACE 1 DEPTH=4 WIDTH=8
0 1 0 1 c1 d7 1 0
1 0 1 0 92 d7 0 0
2 0 1 0 b2 d7 0 0
3 0 1 0 3f d7 0 0
4 0 1 1 2b 3f 0 0
5 0 1 0 27 3f 0 1
6 0 1 0 3 3f 0 1
7 0 1 0 c0 3f 0 1
8 0 1 0 94 3f 0 1
9 0 1 0 a4 3f 0 1
10 0 1 0 cc 3f 0 1
11 0 1 0 ac 3f 0 1
12 0 1 1 23 2b 0 0
13 0 0 0 b5 2b 0 0
14 0 1 0 7c 2b 0 1
15 0 0 0 5 2b 0 1
16 0 0 1 f2 27 0 0
17 0 0 1 33 7c 0 0
18 0 0 0 82 7c 0 0
19 0 0 0 be 7c 0 0
20 0 0 0 8c 7c 0 0
21 0 0 1 56 3f 0 0
22 0 1 1 15 2b 0 0
23 0 0 1 69 27 1 0
24 0 1 1 73 27 0 0
25 0 0 1 23 7c 1 0
26 1 0 0 b7 7c 1 0
27 0 1 0 ba 7c 0 0
28 0 0 0 a3 7c 0 0
29 0 0 1 dd 15 1 0
30 0 1 0 cf 15 0 0
31 0 1 0 e2 15 0 0
32 0 1 1 dc 73 0 0
33 0 0 0 ea 73 0 0
34 0 1 0 c1 73 0 0
35 0 1 0 11 73 0 1
36 0 0 0 ce 73 0 1
37 0 0 1 18 c1 0 0
38 0 1 0 23 c1 0 1
39 0 0 1 26 11 0 0
40 0 1 0 8d 11 0 1
41 0 0 1 a0 23 0 0
42 0 1 1 bf 8d 0 0
43 1 0 0 12 8d 1 0
44 0 0 1 d8 8d 1 0
45 0 1 0 37 8d 0 0
46 0 0 1 c 23 1 0
47 0 0 1 e2 23 1 0
48 0 1 0 85 23 0 0
49 0 1 1 28 8d 0 0
50 0 1 1 8f bf 0 0
51 0 1 0 91 bf 0 0
52 0 1 1 1c 91 0 0
53 0 1 1 6c 1c 0 0
54 0 1 0 43 1c 0 0
55 0 0 0 c8 1c 0 0
56 0 1 0 15 1c 0 1
57 0 0 1 e5 6c 0 0
58 0 1 1 18 43 0 0
59 0 1 0 6e 43 0 1
60 0 0 0 33 43 0 1
61 0 0 1 f6 15 0 0
62 0 1 1 7f 18 0 0
63 0 0 0 71 18 0 0
64 0 0 1 77 6e 0 0
65 0 0 0 db 6e 0 0
66 0 0 1 aa 7f 0 0
67 0 1 1 69 15 0 0
68 1 0 1 37 15 1 0
69 0 0 1 69 15 1 0
70 0 1 1 5 15 0 0
71 0 0 1 85 5 1 0
72 0 1 1 b8 5 0 0
73 0 1 0 c 5 0 0
74 0 1 1 17 b8 0 0
75 0 0 1 70 c 0 0
76 0 1 0 d5 c 0 0
77 0 1 0 ed c 0 0
78 0 1 0 6e c 0 1
79 0 1 0 67 c 0 1
80 0 1 0 fd c 0 1
81 0 1 0 90 c 0 1
82 0 1 0 d8 c 0 1
83 0 1 0 37 c 0 1
84 0 1 1 36 17 0 0
85 0 0 1 fd d5 0 0
86 0 0 0 67 d5 0 0
87 0 0 1 2e ed 0 0
88 1 0 1 5a ed 1 0
89 0 0 1 7b ed 1 0
90 0 0 1 1e ed 1 0
91 0 0 1 5 ed 1 0
92 0 1 1 42 ed 0 0
93 0 1 1 48 d5 0 0
94 0 1 1 be ed 0 0
95 0 0 1 b9 6e 1 0
96 0 1 1 fd 6e 0 0
97 0 1 0 a8 6e 0 0
98 0 1 0 96 6e 0 0
99 0 1 0 b9 6e 0 1
100 0 0 1 a0 a8 0 0
101 0 1 0 7a a8 0 1
102 0 1 0 73 a8 0 1
103 0 0 0 f2 a8 0 1
104 0 1 1 56 96 0 0
105 0 1 0 e2 96 0 1
106 0 1 1 56 b9 0 0
107 0 1 0 d0 b9 0 1
108 0 1 1 91 7a 0 0
109 0 0 1 3b e2 0 0
110 0 0 1 a d0 0 0
111 0 0 1 1 b9 1 0
112 0 1 0 38 b9 0 0
113 0 0 0 58 b9 0 0
114 0 1 1 77 7a 0 0
115 0 0 0 16 7a 0 0
116 0 1 0 d7 7a 0 0
117 0 1 0 df 7a 0 0
118 0 0 1 ae d7 0 0
119 0 0 1 b5 df 0 0
120 0 1 1 c6 38 0 0
121 0 0 1 4 77 1 0
122 0 1 0 c9 77 0 0
123 0 1 0 f6 77 0 0
124 0 0 1 ad f6 0 0
125 0 0 1 18 df 1 0
126 0 1 0 26 df 0 0
127 0 1 0 7d df 0 0
128 0 1 0 e9 df 0 0
129 0 1 0 a3 df 0 1
130 0 0 0 2 df 0 1
131 0 0 1 94 7d 0 0
132 0 1 1 75 e9 0 0
133 0 0 0 66 e9 0 0
134 0 0 1 3b a3 0 0
135 0 0 1 f6 75 0 0
136 0 0 1 82 7d 1 0
137 0 0 1 12 7d 1 0
138 0 1 1 e9 7d 0 0
139 0 1 1 a2 e9 0 0
140 0 1 1 ca a3 0 0
141 0 1 0 6f a3 0 0
142 0 1 1 fd 6f 0 0
143 0 1 0 90 6f 0 0
144 0 1 1 47 fd 0 0
145 0 0 0 36 fd 0 0
146 0 1 0 43 fd 0 1
147 0 1 0 9c fd 0 1
148 0 1 0 f5 fd 0 1
149 0 1 0 59 fd 0 1
150 0 1 0 db fd 0 1
151 0 1 1 62 90 0 0
152 0 1 1 64 47 0 0
153 0 1 1 ef 43 0 0
154 0 1 1 fc 64 0 0
155 0 1 0 97 64 0 1
156 0 0 1 a4 ef 0 0
157 0 1 1 a1 fc 0 0
158 0 0 1 6c 97 0 0
159 0 0 1 f8 a1 0 0
END 160
