SBY 19:46:50 [golden_prove_p0] Removing directory '/tmp/work/checks/golden_prove_p0'.
SBY 19:46:50 [golden_prove_p0] Copy '/tmp/work/checks/golden.v' to '/tmp/work/checks/golden_prove_p0/src/golden.v'.
SBY 19:46:50 [golden_prove_p0] Copy '/tmp/work/checks/props.sv' to '/tmp/work/checks/golden_prove_p0/src/props.sv'.
SBY 19:46:50 [golden_prove_p0] engine_0: abc pdr
SBY 19:46:50 [golden_prove_p0] base: starting process "cd golden_prove_p0/src; yosys -ql ../model/design.log ../model/design.ys"
SBY 19:46:50 [golden_prove_p0] base: finished (returncode=0)
SBY 19:46:50 [golden_prove_p0] prep: starting process "cd golden_prove_p0/model; yosys -ql design_prep.log design_prep.ys"
SBY 19:46:50 [golden_prove_p0] prep: finished (returncode=0)
SBY 19:46:50 [golden_prove_p0] aig: starting process "cd golden_prove_p0/model; yosys -ql design_aiger.log design_aiger.ys"
SBY 19:46:50 [golden_prove_p0] aig: Warning: Treating undriven bit ct_props_top.\clk like $anyseq.
SBY 19:46:50 [golden_prove_p0] aig: Warning: Treating undriven bit ct_props_top.\wr_en like $anyseq.
SBY 19:46:50 [golden_prove_p0] aig: Warning: Treating undriven bit ct_props_top.\rst like $anyseq.
SBY 19:46:50 [golden_prove_p0] aig: Warning: Treating undriven bit ct_props_top.\rd_en like $anyseq.
SBY 19:46:50 [golden_prove_p0] aig: Warning: Treating undriven bit ct_props_top.\din [0] like $anyseq.
SBY 19:46:50 [golden_prove_p0] aig: Warning: Treating undriven bit ct_props_top.\din [1] like $anyseq.
SBY 19:46:50 [golden_prove_p0] aig: Warning: Treating undriven bit ct_props_top.\din [2] like $anyseq.
SBY 19:46:50 [golden_prove_p0] aig: Warning: Treating undriven bit ct_props_top.\din [3] like $anyseq.
SBY 19:46:50 [golden_prove_p0] aig: Warning: Treating undriven bit ct_props_top.\din [4] like $anyseq.
SBY 19:46:50 [golden_prove_p0] aig: Warning: Treating undriven bit ct_props_top.\din [5] like $anyseq.
SBY 19:46:50 [golden_prove_p0] aig: Warning: Treating undriven bit ct_props_top.\din [6] like $anyseq.
SBY 19:46:50 [golden_prove_p0] aig: Warning: Treating undriven bit ct_props_top.\din [7] like $anyseq.
SBY 19:46:50 [golden_prove_p0] aig: Warning: Treating a total of 12 undriven bits in ct_props_top like $anyseq.
SBY 19:46:50 [golden_prove_p0] aig: finished (returncode=0)
SBY 19:46:50 [golden_prove_p0] engine_0: starting process "cd golden_prove_p0; yosys-abc -c 'read_aiger model/design_aiger.aig; fold; strash; pdr -v -l; write_cex -a engine_0/trace.aiw'"
SBY 19:46:50 [golden_prove_p0] engine_0: ======== ABC command line "read_aiger model/design_aiger.aig; fold; strash; pdr -v -l; write_cex -a engine_0/trace.aiw"
SBY 19:46:50 [golden_prove_p0] engine_0: Warning: The last 2 outputs are interpreted as constraints.
SBY 19:46:50 [golden_prove_p0] engine_0: VarMax = 300. FrameMax = 10000. QueMax = 0. TimeMax = 159. MonoCNF = no. SkipGen = no. SolveAll = no.
SBY 19:46:50 [golden_prove_p0] engine_0: Frame Clauses                                                     Max Queue Flops Time
SBY 19:46:50 [golden_prove_p0] engine_0: 1 : 0 2                                                                 1     2      0.00 sec  T/O =  0  PRV =  0
SBY 19:46:50 [golden_prove_p0] engine_0: 2 : 0 2 49                                                              2    51      0.00 sec  T/O =  0  PRV =  0
SBY 19:46:50 [golden_prove_p0] engine_0: 2 : 0 9 65                                                              6    72      0.01 sec  T/O =  0  PRV =  0
SBY 19:46:50 [golden_prove_p0] engine_0: 3 : 0 4 6 7 ~57                                                          2    72      0.01 sec  T/O =  0  PRV =  0
SBY 19:46:50 [golden_prove_p0] engine_0: 4 : 0 7 15 34 22 ~57                                                    13    84      0.02 sec  T/O =  0  PRV =  0
SBY 19:46:50 [golden_prove_p0] engine_0: 4 : 0 7 15 63 58 ~57                                                     5   108      0.03 sec  T/O =  0  PRV =  0
SBY 19:46:50 [golden_prove_p0] engine_0: 4 : 0 7 15 91 94 ~57                                                     5   126      0.04 sec  T/O =  0  PRV =  0
SBY 19:46:50 [golden_prove_p0] engine_0: 4 : 0 7 15 95 106 ~57                                                    5   127      0.05 sec  T/O =  0  PRV =  0
SBY 19:46:50 [golden_prove_p0] engine_0: 5 : 0 6 10 50 104 7 ~57                                                  0   127      0.05 sec  T/O =  0  PRV =  0
SBY 19:46:50 [golden_prove_p0] engine_0: 6 : 0 6 10 51 116 39 17 ~57                                             22   131      0.07 sec  T/O =  0  PRV =  0
SBY 19:46:50 [golden_prove_p0] engine_0: 6 : 0 6 10 51 116 68 52 ~57                                             20   131      0.08 sec  T/O =  0  PRV =  0
SBY 19:46:50 [golden_prove_p0] engine_0: 6 : 0 6 10 51 120 91 86 ~57                                              9   139      0.10 sec  T/O =  0  PRV =  0
SBY 19:46:50 [golden_prove_p0] engine_0: 6 : 0 6 10 51 124 116 122 ~57                                            9   141      0.11 sec  T/O =  0  PRV =  0
SBY 19:46:50 [golden_prove_p0] engine_0: 6 : 0 6 10 51 128 139 158 ~57                                            9   145      0.13 sec  T/O =  0  PRV =  0
SBY 19:46:50 [golden_prove_p0] engine_0: 6 : 0 6 10 51 132 166 191 ~57                                            9   149      0.14 sec  T/O =  0  PRV =  0
SBY 19:46:50 [golden_prove_p0] engine_0: 6 : 0 6 10 51 136 190 227 ~57                                            9   155      0.16 sec  T/O =  0  PRV =  0
SBY 19:46:50 [golden_prove_p0] engine_0: 6 : 0 6 10 51 140 215 262 ~57                                            9   155      0.17 sec  T/O =  0  PRV =  0
SBY 19:46:50 [golden_prove_p0] engine_0: 6 : 0 6 10 51 144 240 297 ~57                                            9   159      0.19 sec  T/O =  0  PRV =  0
SBY 19:46:50 [golden_prove_p0] engine_0: 6 : 0 6 10 51 146 257 331 ~57                                            9   159      0.20 sec  T/O =  0  PRV =  0
SBY 19:46:50 [golden_prove_p0] engine_0: 7 : 0 6 10 29 53 65 205 149 ~57                                          0   159      0.24 sec  T/O =  0  PRV =  0
SBY 19:46:51 [golden_prove_p0] engine_0: 8 : 0 6 10 29 53 65 208 78 95 ~57                                       10   159      0.27 sec  T/O =  0  PRV =  0
SBY 19:46:51 [golden_prove_p0] engine_0: Timing out on output 0 in frame 8 (retrying in next anytime pass).
SBY 19:46:51 [golden_prove_p0] engine_0: 8 : 0 6 10 29 53 65 208 78 95 ~57                                        0   159      0.27 sec  T/O =  1  PRV =  0
SBY 19:46:51 [golden_prove_p0] engine_0: Proved output 1 in frame 8.
SBY 19:46:51 [golden_prove_p0] engine_0: Proved output 2 in frame 8.
SBY 19:46:51 [golden_prove_p0] engine_0: 9 : 0 6 10 28 53 45 172 84 27 14 ~133                                    0   159      0.29 sec  T/O =  1  PRV =  2
SBY 19:46:51 [golden_prove_p0] engine_0: 10 : 0 6 10 28 53 45 172 84 27 1 13 ~133                                  0   159      0.31 sec  T/O =  1  PRV =  2
SBY 19:46:51 [golden_prove_p0] engine_0: All outputs solved or timed out in frame 10.
SBY 19:46:51 [golden_prove_p0] engine_0: Starting new anytime pass, reusing clauses.
SBY 19:46:51 [golden_prove_p0] engine_0: Frame Clauses                                                     Max Queue Flops Time
SBY 19:46:51 [golden_prove_p0] engine_0: 1 : 0 327 ~133                                                           0     0      0.03 sec  T/O =  0  PRV =  2
SBY 19:46:51 [golden_prove_p0] engine_0: 2 : 0 3 324 ~133                                                         0     0      0.03 sec  T/O =  0  PRV =  2
SBY 19:46:51 [golden_prove_p0] engine_0: 3 : 0 3 3 321 ~133                                                       0     0      0.03 sec  T/O =  0  PRV =  2
SBY 19:46:51 [golden_prove_p0] engine_0: 4 : 0 3 3 18 303 ~133                                                    0     0      0.03 sec  T/O =  0  PRV =  2
SBY 19:46:51 [golden_prove_p0] engine_0: 5 : 0 3 3 18 22 281 ~133                                                 0     0      0.03 sec  T/O =  0  PRV =  2
SBY 19:46:51 [golden_prove_p0] engine_0: 6 : 0 3 3 18 22 19 262 ~133                                              0     0      0.03 sec  T/O =  0  PRV =  2
SBY 19:46:51 [golden_prove_p0] engine_0: 7 : 0 3 3 18 22 19 154 108 ~133                                          0     0      0.04 sec  T/O =  0  PRV =  2
SBY 19:46:51 [golden_prove_p0] engine_0: 8 : 0 3 3 18 22 19 156 106 56 ~133                                      10    34      0.07 sec  T/O =  0  PRV =  2
SBY 19:46:51 [golden_prove_p0] engine_0: 8 : 0 3 3 18 22 19 161 130 90 ~133                                       9    46      0.08 sec  T/O =  0  PRV =  2
SBY 19:46:51 [golden_prove_p0] engine_0: 8 : 0 3 3 18 22 19 166 151 124 ~133                                      9    56      0.10 sec  T/O =  0  PRV =  2
SBY 19:46:51 [golden_prove_p0] engine_0: 8 : 0 3 3 18 22 19 167 167 147 ~133                                     10    68      0.12 sec  T/O =  0  PRV =  2
SBY 19:46:51 [golden_prove_p0] engine_0: 9 : 0 3 3 12 17 20 103 101 87 96 ~180                                   14    76      0.16 sec  T/O =  0  PRV =  2
SBY 19:46:51 [golden_prove_p0] engine_0: 9 : 0 3 3 12 17 20 105 118 107 113 ~180                                 16    76      0.18 sec  T/O =  0  PRV =  2
SBY 19:46:51 [golden_prove_p0] engine_0: 9 : 0 3 3 12 17 20 106 130 130 144 ~180                                 24    78      0.20 sec  T/O =  0  PRV =  2
SBY 19:46:51 [golden_prove_p0] engine_0: 9 : 0 3 3 12 17 20 106 143 153 170 ~180                                 15    78      0.22 sec  T/O =  0  PRV =  2
SBY 19:46:51 [golden_prove_p0] engine_0: 9 : 0 3 3 12 17 20 108 157 181 190 ~180                                 16    96      0.24 sec  T/O =  0  PRV =  2
SBY 19:46:51 [golden_prove_p0] engine_0: 9 : 0 3 3 12 17 20 109 166 198 226 ~180                                 14    98      0.26 sec  T/O =  0  PRV =  2
SBY 19:46:51 [golden_prove_p0] engine_0: 9 : 0 3 3 12 17 20 109 166 198 231 ~180                                  0    98      0.26 sec  T/O =  0  PRV =  2
SBY 19:46:51 [golden_prove_p0] engine_0: 10 : 0 3 3 4 10 20 21 32 35 20 250 ~296                                   7    98      0.31 sec  T/O =  0  PRV =  2
SBY 19:46:51 [golden_prove_p0] engine_0: Timing out on output 0 in frame 10 (retrying in next anytime pass).
SBY 19:46:51 [golden_prove_p0] engine_0: 10 : 0 3 3 4 10 20 21 32 35 20 250 ~296                                   0    98      0.31 sec  T/O =  1  PRV =  2
SBY 19:46:51 [golden_prove_p0] engine_0: 11 : 0 3 3 4 10 20 21 26 22 12 2 -19 ~509                          0    98      0.33 sec  T/O =  1  PRV =  2
SBY 19:46:51 [golden_prove_p0] engine_0: All outputs solved or timed out in frame 11.
SBY 19:46:51 [golden_prove_p0] engine_0: Starting new anytime pass, reusing clauses.
SBY 19:46:51 [golden_prove_p0] engine_0: Frame Clauses                                                     Max Queue Flops Time
SBY 19:46:51 [golden_prove_p0] engine_0: 1 : 0 70 ~416                                                            0     0      0.02 sec  T/O =  0  PRV =  2
SBY 19:46:51 [golden_prove_p0] engine_0: 2 : 0 3 67 ~416                                                          0     0      0.02 sec  T/O =  0  PRV =  2
SBY 19:46:51 [golden_prove_p0] engine_0: 3 : 0 3 3 64 ~416                                                        0     0      0.02 sec  T/O =  0  PRV =  2
SBY 19:46:51 [golden_prove_p0] engine_0: 4 : 0 3 3 4 60 ~416                                                      0     0      0.02 sec  T/O =  0  PRV =  2
SBY 19:46:51 [golden_prove_p0] engine_0: 5 : 0 3 3 4 9 51 ~416                                                    0     0      0.02 sec  T/O =  0  PRV =  2
SBY 19:46:51 [golden_prove_p0] engine_0: 6 : 0 3 3 4 9 19 32 ~416                                                 0     0      0.02 sec  T/O =  0  PRV =  2
SBY 19:46:51 [golden_prove_p0] engine_0: 7 : 0 3 3 4 9 19 11 21 ~416                                              0     0      0.02 sec  T/O =  0  PRV =  2
SBY 19:46:51 [golden_prove_p0] engine_0: 8 : 0 3 3 4 9 19 11 21 0 ~416                                            0     0      0.02 sec  T/O =  0  PRV =  2
SBY 19:46:51 [golden_prove_p0] engine_0: 9 : 0 3 3 4 9 19 11 21 20 -20 ~416                                0     0      0.02 sec  T/O =  0  PRV =  2
SBY 19:46:51 [golden_prove_p0] engine_0: 10 : 0 3 3 4 9 19 11 21 28 23 -4 ~416                            10    32      0.04 sec  T/O =  0  PRV =  2
SBY 19:46:51 [golden_prove_p0] engine_0: 11 : 0 3 3 4 9 19 11 9 7 9 8 0 ~431                                       8    39      0.06 sec  T/O =  0  PRV =  2
SBY 19:46:51 [golden_prove_p0] engine_0: 12 : 0 3 3 4 9 18 10 6 2 4 3 3 -10 ~455                            6    41      0.07 sec  T/O =  0  PRV =  2
SBY 19:46:51 [golden_prove_p0] engine_0: Proved output 0 in frame 12.
SBY 19:46:51 [golden_prove_p0] engine_0: 13 : 0 3 3 4 9 17 9 5 0 0 0 0 0 -24 ~464                           0    41      0.08 sec  T/O =  0  PRV =  3
SBY 19:46:51 [golden_prove_p0] engine_0: Block =   18  Oblig =  2663  Clause =  1632  Call = 21533 (sat=62.7%)  Cex =   0  Start =  59
SBY 19:46:51 [golden_prove_p0] engine_0: SAT solving =     0.49 sec ( 66.69 %)
SBY 19:46:51 [golden_prove_p0] engine_0: unsat     =     0.10 sec ( 13.34 %)
SBY 19:46:51 [golden_prove_p0] engine_0: sat       =     0.39 sec ( 53.35 %)
SBY 19:46:51 [golden_prove_p0] engine_0: Generalize  =     0.32 sec ( 44.37 %)
SBY 19:46:51 [golden_prove_p0] engine_0: Push clause =     0.16 sec ( 22.24 %)
SBY 19:46:51 [golden_prove_p0] engine_0: Ternary sim =     0.01 sec (  1.57 %)
SBY 19:46:51 [golden_prove_p0] engine_0: Containment =     0.00 sec (  0.36 %)
SBY 19:46:51 [golden_prove_p0] engine_0: CNF compute =     0.02 sec (  2.34 %)
SBY 19:46:51 [golden_prove_p0] engine_0: Refinement  =     0.00 sec (  0.00 %)
SBY 19:46:51 [golden_prove_p0] engine_0: TOTAL       =     0.73 sec (100.00 %)
SBY 19:46:51 [golden_prove_p0] engine_0: Property proved.  Time =     0.73 sec
SBY 19:46:51 [golden_prove_p0] engine_0: Counter-example is not available.
SBY 19:46:51 [golden_prove_p0] engine_0: finished (returncode=0)
SBY 19:46:51 [golden_prove_p0] engine_0: Status returned by engine: PASS
SBY 19:46:51 [golden_prove_p0] summary: Elapsed clock time [H:MM:SS (secs)]: 0:00:00 (0)
SBY 19:46:51 [golden_prove_p0] summary: Elapsed process time [H:MM:SS (secs)]: 0:00:00 (0)
SBY 19:46:51 [golden_prove_p0] summary: engine_0 (abc pdr) returned PASS
SBY 19:46:51 [golden_prove_p0] summary: engine_0 did not produce any traces
SBY 19:46:51 [golden_prove_p0] DONE (PASS, rc=0)
