SBY 19:46:51 [golden_prove_p1] Removing directory '/tmp/work/checks/golden_prove_p1'.
SBY 19:46:51 [golden_prove_p1] Copy '/tmp/work/checks/golden.v' to '/tmp/work/checks/golden_prove_p1/src/golden.v'.
SBY 19:46:51 [golden_prove_p1] Copy '/tmp/work/checks/props.sv' to '/tmp/work/checks/golden_prove_p1/src/props.sv'.
SBY 19:46:51 [golden_prove_p1] engine_0: abc pdr
SBY 19:46:51 [golden_prove_p1] base: starting process "cd golden_prove_p1/src; yosys -ql ../model/design.log ../model/design.ys"
SBY 19:46:51 [golden_prove_p1] base: finished (returncode=0)
SBY 19:46:51 [golden_prove_p1] prep: starting process "cd golden_prove_p1/model; yosys -ql design_prep.log design_prep.ys"
SBY 19:46:51 [golden_prove_p1] prep: finished (returncode=0)
SBY 19:46:51 [golden_prove_p1] aig: starting process "cd golden_prove_p1/model; yosys -ql design_aiger.log design_aiger.ys"
SBY 19:46:51 [golden_prove_p1] aig: Warning: Treating undriven bit ct_props_top.\clk like $anyseq.
SBY 19:46:51 [golden_prove_p1] aig: Warning: Treating undriven bit ct_props_top.\wr_en like $anyseq.
SBY 19:46:51 [golden_prove_p1] aig: Warning: Treating undriven bit ct_props_top.\rst like $anyseq.
SBY 19:46:51 [golden_prove_p1] aig: Warning: Treating undriven bit ct_props_top.\rd_en like $anyseq.
SBY 19:46:51 [golden_prove_p1] aig: Warning: Treating undriven bit ct_props_top.\din [0] like $anyseq.
SBY 19:46:51 [golden_prove_p1] aig: Warning: Treating undriven bit ct_props_top.\din [1] like $anyseq.
SBY 19:46:51 [golden_prove_p1] aig: Warning: Treating undriven bit ct_props_top.\din [2] like $anyseq.
SBY 19:46:51 [golden_prove_p1] aig: Warning: Treating undriven bit ct_props_top.\din [3] like $anyseq.
SBY 19:46:51 [golden_prove_p1] aig: Warning: Treating undriven bit ct_props_top.\din [4] like $anyseq.
SBY 19:46:51 [golden_prove_p1] aig: Warning: Treating undriven bit ct_props_top.\din [5] like $anyseq.
SBY 19:46:51 [golden_prove_p1] aig: Warning: Treating undriven bit ct_props_top.\din [6] like $anyseq.
SBY 19:46:51 [golden_prove_p1] aig: Warning: Treating undriven bit ct_props_top.\din [7] like $anyseq.
SBY 19:46:51 [golden_prove_p1] aig: Warning: Treating a total of 12 undriven bits in ct_props_top like $anyseq.
SBY 19:46:51 [golden_prove_p1] aig: finished (returncode=0)
SBY 19:46:51 [golden_prove_p1] engine_0: starting process "cd golden_prove_p1; yosys-abc -c 'read_aiger model/design_aiger.aig; fold; strash; pdr -v -l; write_cex -a engine_0/trace.aiw'"
SBY 19:46:51 [golden_prove_p1] engine_0: ======== ABC command line "read_aiger model/design_aiger.aig; fold; strash; pdr -v -l; write_cex -a engine_0/trace.aiw"
SBY 19:46:51 [golden_prove_p1] engine_0: Warning: The last 2 outputs are interpreted as constraints.
SBY 19:46:51 [golden_prove_p1] engine_0: VarMax = 300. FrameMax = 10000. QueMax = 0. TimeMax = 159. MonoCNF = no. SkipGen = no. SolveAll = no.
SBY 19:46:51 [golden_prove_p1] engine_0: Frame Clauses                                                     Max Queue Flops Time
SBY 19:46:51 [golden_prove_p1] engine_0: 1 : 0 2                                                                 1     2      0.00 sec  T/O =  0  PRV =  0
SBY 19:46:51 [golden_prove_p1] engine_0: 2 : 0 2 49                                                              2    51      0.00 sec  T/O =  0  PRV =  0
SBY 19:46:52 [golden_prove_p1] engine_0: 2 : 0 8 68                                                              5    74      0.01 sec  T/O =  0  PRV =  0
SBY 19:46:52 [golden_prove_p1] engine_0: 3 : 0 5 6 6 ~58                                                          2    74      0.01 sec  T/O =  0  PRV =  0
SBY 19:46:52 [golden_prove_p1] engine_0: 4 : 0 6 10 30 28 ~58                                                    10   101      0.02 sec  T/O =  0  PRV =  0
SBY 19:46:52 [golden_prove_p1] engine_0: 4 : 0 6 10 54 65 ~58                                                     5   123      0.03 sec  T/O =  0  PRV =  0
SBY 19:46:52 [golden_prove_p1] engine_0: 4 : 0 6 10 66 92 ~58                                                     5   124      0.04 sec  T/O =  0  PRV =  0
SBY 19:46:52 [golden_prove_p1] engine_0: 5 : 0 6 8 18 1 99 ~60                                                    0   124      0.04 sec  T/O =  0  PRV =  0
SBY 19:46:52 [golden_prove_p1] engine_0: 6 : 0 6 8 18 2 2 101 ~60                                                 4   124      0.05 sec  T/O =  0  PRV =  0
SBY 19:46:52 [golden_prove_p1] engine_0: Proved output 0 in frame 6.
SBY 19:46:52 [golden_prove_p1] engine_0: Proved output 1 in frame 6.
SBY 19:46:52 [golden_prove_p1] engine_0: Proved output 2 in frame 6.
SBY 19:46:52 [golden_prove_p1] engine_0: 7 : 0 6 8 17 0 0 0 1 ~161                                                0   124      0.05 sec  T/O =  0  PRV =  3
SBY 19:46:52 [golden_prove_p1] engine_0: Block =   10  Oblig =   412  Clause =   242  Call =  1910 (sat=56.9%)  Cex =   0  Start =   4
SBY 19:46:52 [golden_prove_p1] engine_0: SAT solving =     0.03 sec ( 51.61 %)
SBY 19:46:52 [golden_prove_p1] engine_0: unsat     =     0.00 sec (  8.12 %)
SBY 19:46:52 [golden_prove_p1] engine_0: sat       =     0.02 sec ( 43.48 %)
SBY 19:46:52 [golden_prove_p1] engine_0: Generalize  =     0.02 sec ( 42.85 %)
SBY 19:46:52 [golden_prove_p1] engine_0: Push clause =     0.01 sec (  9.69 %)
SBY 19:46:52 [golden_prove_p1] engine_0: Ternary sim =     0.00 sec (  2.88 %)
SBY 19:46:52 [golden_prove_p1] engine_0: Containment =     0.00 sec (  0.23 %)
SBY 19:46:52 [golden_prove_p1] engine_0: CNF compute =     0.00 sec (  2.74 %)
SBY 19:46:52 [golden_prove_p1] engine_0: Refinement  =     0.00 sec (  0.00 %)
SBY 19:46:52 [golden_prove_p1] engine_0: TOTAL       =     0.06 sec (100.00 %)
SBY 19:46:52 [golden_prove_p1] engine_0: Property proved.  Time =     0.06 sec
SBY 19:46:52 [golden_prove_p1] engine_0: Counter-example is not available.
SBY 19:46:52 [golden_prove_p1] engine_0: finished (returncode=0)
SBY 19:46:52 [golden_prove_p1] engine_0: Status returned by engine: PASS
SBY 19:46:52 [golden_prove_p1] summary: Elapsed clock time [H:MM:SS (secs)]: 0:00:00 (0)
SBY 19:46:52 [golden_prove_p1] summary: Elapsed process time [H:MM:SS (secs)]: 0:00:00 (0)
SBY 19:46:52 [golden_prove_p1] summary: engine_0 (abc pdr) returned PASS
SBY 19:46:52 [golden_prove_p1] summary: engine_0 did not produce any traces
SBY 19:46:52 [golden_prove_p1] DONE (PASS, rc=0)
