SBY 17:12:45 [ct_prove] Removing directory '/tmp/work/dut/ct_prove'.
SBY 17:12:45 [ct_prove] Copy '/tmp/work/dut/dut.v' to '/tmp/work/dut/ct_prove/src/dut.v'.
SBY 17:12:45 [ct_prove] Copy '/tmp/work/dut/ct_formal_top.sv' to '/tmp/work/dut/ct_prove/src/ct_formal_top.sv'.
SBY 17:12:45 [ct_prove] engine_0: abc pdr
SBY 17:12:45 [ct_prove] base: starting process "cd ct_prove/src; yosys -ql ../model/design.log ../model/design.ys"
SBY 17:12:45 [ct_prove] base: finished (returncode=0)
SBY 17:12:45 [ct_prove] prep: starting process "cd ct_prove/model; yosys -ql design_prep.log design_prep.ys"
SBY 17:12:45 [ct_prove] prep: finished (returncode=0)
SBY 17:12:45 [ct_prove] aig: starting process "cd ct_prove/model; yosys -ql design_aiger.log design_aiger.ys"
SBY 17:12:45 [ct_prove] aig: Warning: Treating undriven bit ct_formal_top.\clk like $anyseq.
SBY 17:12:45 [ct_prove] aig: Warning: Treating undriven bit ct_formal_top.\wr_en like $anyseq.
SBY 17:12:45 [ct_prove] aig: Warning: Treating undriven bit ct_formal_top.\rst like $anyseq.
SBY 17:12:45 [ct_prove] aig: Warning: Treating undriven bit ct_formal_top.\rd_en like $anyseq.
SBY 17:12:45 [ct_prove] aig: Warning: Treating undriven bit ct_formal_top.\din [0] like $anyseq.
SBY 17:12:45 [ct_prove] aig: Warning: Treating undriven bit ct_formal_top.\din [1] like $anyseq.
SBY 17:12:45 [ct_prove] aig: Warning: Treating undriven bit ct_formal_top.\din [2] like $anyseq.
SBY 17:12:45 [ct_prove] aig: Warning: Treating undriven bit ct_formal_top.\din [3] like $anyseq.
SBY 17:12:45 [ct_prove] aig: Warning: Treating undriven bit ct_formal_top.\din [4] like $anyseq.
SBY 17:12:45 [ct_prove] aig: Warning: Treating undriven bit ct_formal_top.\din [5] like $anyseq.
SBY 17:12:45 [ct_prove] aig: Warning: Treating undriven bit ct_formal_top.\din [6] like $anyseq.
SBY 17:12:45 [ct_prove] aig: Warning: Treating undriven bit ct_formal_top.\din [7] like $anyseq.
SBY 17:12:45 [ct_prove] aig: Warning: Treating a total of 12 undriven bits in ct_formal_top like $anyseq.
SBY 17:12:45 [ct_prove] aig: finished (returncode=0)
SBY 17:12:45 [ct_prove] engine_0: starting process "cd ct_prove; yosys-abc -c 'read_aiger model/design_aiger.aig; fold; strash; pdr -v -l; write_cex -a engine_0/trace.aiw'"
SBY 17:12:45 [ct_prove] engine_0: ======== ABC command line "read_aiger model/design_aiger.aig; fold; strash; pdr -v -l; write_cex -a engine_0/trace.aiw"
SBY 17:12:45 [ct_prove] engine_0: Warning: The last 2 outputs are interpreted as constraints.
SBY 17:12:45 [ct_prove] engine_0: VarMax = 300. FrameMax = 10000. QueMax = 0. TimeMax = 159. MonoCNF = no. SkipGen = no. SolveAll = no.
SBY 17:12:45 [ct_prove] engine_0: Frame Clauses                                                     Max Queue Flops Time
SBY 17:12:45 [ct_prove] engine_0: 1 : 0 8                                                                 1    10      0.00 sec  T/O =  0  PRV =  0
SBY 17:12:45 [ct_prove] engine_0: 2 : 0 2 7 ~1                                                             1    10      0.00 sec  T/O =  0  PRV =  0
SBY 17:12:45 [ct_prove] engine_0: 3 : 0 3 25 44 ~1                                                         5    48      0.02 sec  T/O =  0  PRV =  0
SBY 17:12:45 [ct_prove] engine_0: 4 : 0 3 23 82 79 ~1                                                      5    64      0.05 sec  T/O =  0  PRV =  0
SBY 17:12:45 [ct_prove] engine_0: Proved output 0 in frame 4.
SBY 17:12:45 [ct_prove] engine_0: Proved output 1 in frame 4.
SBY 17:12:45 [ct_prove] engine_0: 5 : 0 3 7 35 139 79 ~7                                                   4    80      0.10 sec  T/O =  0  PRV =  2
SBY 17:12:46 [ct_prove] engine_0: 6 : 0 3 7 22 87 205 218 ~7                                               7    96      0.22 sec  T/O =  0  PRV =  2
SBY 17:12:46 [ct_prove] engine_0: 7 : 0 3 7 21 82 92 152 123 ~22                                           5    96      0.27 sec  T/O =  0  PRV =  2
SBY 17:12:46 [ct_prove] engine_0: Timing out on output 2 in frame 7 (retrying in next anytime pass).
SBY 17:12:46 [ct_prove] engine_0: 7 : 0 3 7 21 82 92 152 123 ~22                                           0    96      0.28 sec  T/O =  1  PRV =  2
SBY 17:12:46 [ct_prove] engine_0: 8 : 0 3 7 21 80 80 130 123 1 ~19                                         0    96      0.30 sec  T/O =  1  PRV =  2
SBY 17:12:46 [ct_prove] engine_0: All outputs solved or timed out in frame 8.
SBY 17:12:46 [ct_prove] engine_0: Starting new anytime pass, reusing clauses.
SBY 17:12:46 [ct_prove] engine_0: Frame Clauses                                                     Max Queue Flops Time
SBY 17:12:46 [ct_prove] engine_0: 1 : 0 445 ~19                                                            0     0      0.02 sec  T/O =  0  PRV =  2
SBY 17:12:46 [ct_prove] engine_0: 2 : 0 3 442 ~19                                                          0     0      0.02 sec  T/O =  0  PRV =  2
SBY 17:12:46 [ct_prove] engine_0: 3 : 0 3 7 435 ~19                                                        0     0      0.02 sec  T/O =  0  PRV =  2
SBY 17:12:46 [ct_prove] engine_0: 4 : 0 3 7 21 414 ~19                                                     0     0      0.03 sec  T/O =  0  PRV =  2
SBY 17:12:46 [ct_prove] engine_0: 5 : 0 3 7 21 80 334 ~19                                                  0     0      0.03 sec  T/O =  0  PRV =  2
SBY 17:12:46 [ct_prove] engine_0: 6 : 0 3 7 21 80 80 254 ~19                                               0     0      0.03 sec  T/O =  0  PRV =  2
SBY 17:12:46 [ct_prove] engine_0: 7 : 0 3 7 21 80 80 173 175 ~19                                           6    34      0.08 sec  T/O =  0  PRV =  2
SBY 17:12:46 [ct_prove] engine_0: 8 : 0 3 7 21 80 58 164 283 158 ~19                                       7    76      0.20 sec  T/O =  0  PRV =  2
SBY 17:12:46 [ct_prove] engine_0: 9 : 0 3 7 13 73 56 34 59 73 320 ~19                                      4    76      0.25 sec  T/O =  0  PRV =  2
SBY 17:12:46 [ct_prove] engine_0: 10 : 0 3 7 13 63 56 34 51 57 67 66 ~290                                   6    77      0.34 sec  T/O =  0  PRV =  2
SBY 17:12:46 [ct_prove] engine_0: 11 : 0 3 7 13 46 48 34 27 12 17 13 42 ~275                                4    77      0.38 sec  T/O =  0  PRV =  2
SBY 17:12:46 [ct_prove] engine_0: Timing out on output 2 in frame 11 (retrying in next anytime pass).
SBY 17:12:46 [ct_prove] engine_0: 11 : 0 3 7 13 46 48 34 27 12 17 13 42 ~275                                0    77      0.39 sec  T/O =  1  PRV =  2
SBY 17:12:46 [ct_prove] engine_0: 12 : 0 3 7 13 46 47 32 21 10 13 10 0 -6 ~324                      0    77      0.40 sec  T/O =  1  PRV =  2
SBY 17:12:46 [ct_prove] engine_0: All outputs solved or timed out in frame 12.
SBY 17:12:46 [ct_prove] engine_0: Starting new anytime pass, reusing clauses.
SBY 17:12:46 [ct_prove] engine_0: Frame Clauses                                                     Max Queue Flops Time
SBY 17:12:46 [ct_prove] engine_0: 1 : 0 124 ~320                                                           0     0      0.02 sec  T/O =  0  PRV =  2
SBY 17:12:46 [ct_prove] engine_0: 2 : 0 1 123 ~320                                                         0     0      0.02 sec  T/O =  0  PRV =  2
SBY 17:12:46 [ct_prove] engine_0: 3 : 0 1 3 120 ~320                                                       0     0      0.02 sec  T/O =  0  PRV =  2
SBY 17:12:46 [ct_prove] engine_0: 4 : 0 1 3 10 110 ~320                                                    0     0      0.03 sec  T/O =  0  PRV =  2
SBY 17:12:46 [ct_prove] engine_0: 5 : 0 1 3 10 27 83 ~320                                                  0     0      0.03 sec  T/O =  0  PRV =  2
SBY 17:12:46 [ct_prove] engine_0: 6 : 0 1 3 10 27 34 49 ~320                                               0     0      0.03 sec  T/O =  0  PRV =  2
SBY 17:12:46 [ct_prove] engine_0: 7 : 0 1 3 10 27 34 16 33 ~320                                            0     0      0.03 sec  T/O =  0  PRV =  2
SBY 17:12:46 [ct_prove] engine_0: 8 : 0 1 3 10 27 34 16 14 19 ~320                                         0     0      0.04 sec  T/O =  0  PRV =  2
SBY 17:12:46 [ct_prove] engine_0: 9 : 0 1 3 10 27 34 16 14 10 9 ~320                                       0     0      0.04 sec  T/O =  0  PRV =  2
SBY 17:12:46 [ct_prove] engine_0: 10 : 0 1 3 10 27 34 16 14 10 12 -3 ~320                           0     0      0.04 sec  T/O =  0  PRV =  2
SBY 17:12:46 [ct_prove] engine_0: 11 : 0 1 3 10 27 34 16 14 10 21 25 17 ~320                                6    28      0.07 sec  T/O =  0  PRV =  2
SBY 17:12:46 [ct_prove] engine_0: Proved output 2 in frame 11.
SBY 17:12:46 [ct_prove] engine_0: 12 : 0 1 3 10 27 32 14 12 0 0 0 0 11 ~348                                 0    28      0.08 sec  T/O =  0  PRV =  3
SBY 17:12:46 [ct_prove] engine_0: Block =  135  Oblig =  2000  Clause =  1247  Call = 18000 (sat=65.2%)  Cex =   0  Start =  48
SBY 17:12:46 [ct_prove] engine_0: SAT solving =     0.51 sec ( 65.12 %)
SBY 17:12:46 [ct_prove] engine_0: unsat     =     0.09 sec ( 11.70 %)
SBY 17:12:46 [ct_prove] engine_0: sat       =     0.42 sec ( 53.42 %)
SBY 17:12:46 [ct_prove] engine_0: Generalize  =     0.33 sec ( 41.92 %)
SBY 17:12:46 [ct_prove] engine_0: Push clause =     0.18 sec ( 22.47 %)
SBY 17:12:46 [ct_prove] engine_0: Ternary sim =     0.01 sec (  1.42 %)
SBY 17:12:46 [ct_prove] engine_0: Containment =     0.00 sec (  0.22 %)
SBY 17:12:46 [ct_prove] engine_0: CNF compute =     0.02 sec (  2.39 %)
SBY 17:12:46 [ct_prove] engine_0: Refinement  =     0.00 sec (  0.00 %)
SBY 17:12:46 [ct_prove] engine_0: TOTAL       =     0.79 sec (100.00 %)
SBY 17:12:46 [ct_prove] engine_0: Property proved.  Time =     0.79 sec
SBY 17:12:46 [ct_prove] engine_0: Counter-example is not available.
SBY 17:12:46 [ct_prove] engine_0: finished (returncode=0)
SBY 17:12:46 [ct_prove] engine_0: Status returned by engine: PASS
SBY 17:12:46 [ct_prove] summary: Elapsed clock time [H:MM:SS (secs)]: 0:00:00 (0)
SBY 17:12:46 [ct_prove] summary: Elapsed process time [H:MM:SS (secs)]: 0:00:00 (0)
SBY 17:12:46 [ct_prove] summary: engine_0 (abc pdr) returned PASS
SBY 17:12:46 [ct_prove] summary: engine_0 did not produce any traces
SBY 17:12:46 [ct_prove] DONE (PASS, rc=0)
