CTTRACE 1 DEPTH=4 WIDTH=8
0 1 1 1 8f d7 1 0
1 0 1 0 96 d7 0 0
2 0 0 1 7f 96 0 0
3 0 1 1 20 cc 0 0
4 0 1 0 b2 cc 0 0
5 0 1 0 75 cc 0 0
6 0 1 0 98 cc 0 0
7 0 1 1 18 b2 0 0
8 0 0 0 e5 b2 0 0
9 0 1 0 ca b2 0 1
10 0 1 1 85 75 1 0
11 0 1 0 18 75 0 1
12 0 0 1 db 98 1 0
13 0 0 1 62 98 0 0
14 0 0 0 d0 98 0 0
15 0 0 1 99 18 0 0
16 0 0 0 46 18 0 0
17 0 0 1 a9 ca 0 0
18 0 0 0 1d ca 0 0
19 0 1 1 5f 18 0 0
20 0 0 1 9e 5f 0 0
21 0 1 1 f7 18 0 0
22 0 0 1 7e ca 1 0
23 0 0 1 60 ca 0 0
24 0 1 0 f4 ca 0 1
25 0 1 1 6f 18 1 0
26 0 1 0 58 18 0 1
27 0 0 0 13 18 0 0
28 0 1 0 9f 18 0 0
29 0 1 1 b 9f 0 0
30 0 0 0 5 9f 0 0
31 0 0 0 e9 9f 0 0
32 0 0 0 11 9f 0 0
33 0 1 0 fe 9f 0 0
34 0 1 0 d2 9f 0 0
35 0 1 0 91 9f 0 1
36 0 0 1 6c b 1 0
37 0 0 0 49 b 0 0
38 0 0 0 e6 b 0 0
39 0 0 0 4e b 0 0
40 0 0 0 c8 b 0 0
41 0 0 0 77 b 0 0
42 0 0 1 88 fe 0 0
43 0 0 1 51 d2 0 0
44 0 0 1 65 91 0 0
45 0 0 1 e9 b 1 0
46 0 1 0 33 b 0 1
47 0 0 0 62 b 0 0
48 0 1 0 a2 b 0 0
49 0 1 0 c2 b 0 0
50 0 0 1 93 a2 0 0
51 0 1 0 8c a2 0 0
52 0 1 1 92 c2 0 0
53 0 1 0 eb c2 0 0
54 0 1 0 d8 c2 0 1
55 0 1 0 8a c2 0 0
56 0 1 1 d1 8c 0 0
57 0 1 0 e7 8c 0 0
58 0 1 0 9d 8c 0 0
59 0 1 0 60 8c 0 0
60 0 0 1 c6 e7 0 0
61 0 1 1 3 9d 0 0
62 0 0 1 8d 60 0 0
63 0 1 1 79 3 0 0
64 0 0 1 2 79 0 0
65 0 0 1 61 9d 1 0
66 0 0 0 22 9d 0 0
67 0 1 0 75 9d 0 1
68 0 0 1 69 60 1 0
69 0 0 1 2d 60 0 0
70 0 1 1 ac 3 0 0
71 0 0 1 c3 79 0 0
72 0 1 0 d5 79 0 0
73 0 0 0 15 79 0 0
74 0 1 0 44 79 0 1
75 0 0 0 8f 79 0 0
76 0 1 1 79 75 0 0
77 0 1 0 70 75 0 0
78 0 1 0 e6 75 0 0
79 0 1 1 88 70 0 0
80 0 1 0 85 70 0 0
81 0 1 1 83 e6 0 0
82 0 1 1 87 88 0 0
83 0 1 0 24 88 0 1
84 0 0 1 d7 85 1 0
85 0 1 0 d 85 0 1
86 0 0 0 fe 85 0 0
87 0 0 0 a9 85 0 0
88 1 0 1 af 85 1 0
89 0 0 1 3d 85 0 0
90 0 1 1 d8 87 0 0
91 0 0 1 18 24 1 0
92 0 0 1 25 24 0 0
93 0 0 1 93 d 0 0
94 0 1 1 eb 83 0 0
95 0 0 0 9d 83 0 0
96 0 0 0 87 83 0 0
97 0 1 1 7b d8 0 0
98 0 1 0 87 d8 0 0
99 0 1 0 78 d8 0 1
100 0 1 1 e5 eb 1 0
101 0 1 0 88 eb 0 1
102 0 1 0 d1 eb 0 0
103 0 1 1 ed 7b 0 0
104 0 1 0 ee 7b 0 0
105 0 1 1 49 ee 0 0
106 0 0 0 b1 ee 0 0
107 0 1 0 6d ee 0 0
108 0 0 1 8 49 0 0
109 0 0 1 97 6d 0 0
110 0 0 0 92 6d 0 0
111 0 0 1 e4 ed 1 0
112 0 0 1 b9 ed 0 0
113 0 0 0 e1 ed 0 0
114 0 0 0 a2 ed 0 0
115 0 0 1 79 ee 0 0
116 0 0 1 5e 49 0 0
117 0 0 1 97 6d 0 0
118 0 0 1 dc ed 1 0
119 0 0 1 6 ed 0 0
120 0 1 1 4b ee 0 0
121 1 1 1 b3 ee 1 0
122 0 0 0 d9 ee 0 0
123 0 0 1 f6 49 1 0
124 0 1 1 22 49 0 1
125 0 1 1 e2 6d 1 0
126 0 0 1 bf 6d 0 0
127 0 0 0 c6 6d 0 0
128 0 1 0 b6 6d 0 1
129 0 1 0 89 6d 0 0
130 0 1 0 af 6d 0 0
131 0 0 0 ca 6d 0 0
132 0 0 0 e6 6d 0 0
133 0 0 1 19 af 0 0
134 0 1 1 8e ee 0 0
135 0 0 1 4e 22 1 0
136 0 1 1 9d 22 0 1
137 0 0 1 3b b6 1 0
138 0 0 0 35 b6 0 0
139 0 1 1 1 af 0 0
140 0 1 1 66 8e 0 0
141 0 1 1 3b 9d 0 0
142 0 0 1 db 1 0 0
143 0 1 1 2b 66 0 0
144 0 1 0 57 66 0 0
145 0 1 0 c6 66 0 1
146 0 1 0 0 66 0 0
147 0 1 1 83 3b 0 0
148 0 1 0 80 3b 0 0
149 1 1 0 7d 3b 1 0
150 0 1 0 97 3b 0 0
151 0 1 1 d9 97 0 0
152 0 1 1 af d9 0 0
153 0 0 0 cb d9 0 0
154 0 0 1 14 af 0 0
155 0 1 0 e8 af 0 0
156 0 0 0 2f af 0 0
157 0 0 0 b9 af 0 0
158 0 1 0 8 af 0 0
159 0 0 1 3a e8 0 0
END 160
