CTTRACE 1 DEPTH=4 WIDTH=8
0 1 1 0 f d7 1 0
1 0 0 1 e1 d7 0 0
2 0 1 1 6f cc 0 0
3 0 1 1 4 cc 0 0
4 0 0 0 5e cc 0 0
5 0 1 0 63 cc 0 0
6 0 1 0 34 cc 0 0
7 0 1 0 f8 cc 0 0
8 0 1 0 42 cc 0 1
9 0 0 0 6f cc 0 0
10 0 1 1 9 63 0 0
11 0 0 0 34 63 0 0
12 0 0 1 61 34 1 0
13 0 1 1 10 34 0 1
14 0 0 1 d9 f8 1 0
15 0 1 1 b4 f8 0 1
16 0 0 1 cf 42 1 0
17 0 0 0 1f 42 0 0
18 0 0 0 73 42 0 0
19 0 0 1 bb 9 0 0
20 0 1 1 d 10 0 0
21 0 0 1 26 b4 0 0
22 0 0 1 8e d 0 0
23 0 1 1 58 9 0 0
24 0 1 1 5d 10 0 0
25 0 1 0 9c 10 0 0
26 0 1 0 de 10 0 0
27 0 1 0 f4 10 0 0
28 0 1 1 67 9c 0 0
29 0 1 1 bf de 0 0
30 0 1 1 d5 f4 0 0
31 0 0 0 e4 f4 0 0
32 0 1 0 61 f4 0 1
33 0 1 1 32 67 1 0
34 0 1 1 50 67 0 1
35 0 1 0 8e 67 0 0
36 0 0 1 48 bf 1 0
37 0 0 1 cf bf 0 0
38 0 0 1 e8 d5 0 0
39 0 0 0 d8 d5 0 0
40 0 1 0 a3 d5 0 0
41 0 1 1 34 61 0 0
42 0 0 1 98 50 0 0
43 0 0 1 21 a3 0 0
44 0 0 1 f6 34 0 0
45 0 0 1 d0 61 1 0
46 0 1 0 f0 61 0 1
47 0 0 1 75 50 1 0
48 0 1 1 f3 50 0 1
49 0 1 0 21 50 0 0
50 0 1 0 64 50 0 0
51 0 1 1 b3 64 0 0
52 0 0 0 ab 64 0 0
53 0 0 0 ac 64 0 0
54 0 1 1 3e b3 0 0
55 0 1 1 36 3e 0 0
56 0 1 0 23 3e 0 0
57 0 1 0 fd 3e 0 0
58 0 1 0 87 3e 0 1
59 0 0 1 17 36 1 0
60 0 0 1 99 36 0 0
61 0 0 1 3e 23 0 0
62 0 0 0 6f 23 0 0
63 0 0 0 7b 23 0 0
64 0 1 1 19 fd 0 0
65 0 0 1 c3 87 0 0
66 0 0 1 e5 19 0 0
67 0 0 1 51 23 1 0
68 0 0 1 96 23 0 0
69 0 1 0 37 23 0 1
70 0 0 1 e2 fd 1 0
71 0 0 1 f6 fd 0 0
72 0 1 0 4a fd 0 1
73 0 0 0 35 fd 0 0
74 0 0 0 b3 fd 0 0
75 0 1 1 a0 87 0 0
76 0 1 0 a0 87 0 0
77 0 1 1 2a a0 0 0
78 0 1 1 c9 2a 0 0
79 0 1 1 e6 c9 0 0
80 0 1 0 8f c9 0 0
81 0 1 0 16 c9 0 0
82 0 1 0 da c9 0 1
83 0 0 0 ae c9 0 0
84 0 1 1 8d e6 0 0
85 1 0 1 52 e6 1 0
86 0 0 0 d9 e6 0 0
87 0 0 1 de 16 1 0
88 0 1 1 ff 16 0 1
89 0 0 1 6d da 1 0
90 0 0 1 6c da 0 0
91 0 0 0 1a da 0 0
92 0 1 1 11 8d 0 0
93 0 1 1 ad 8f 0 0
94 0 0 0 98 8f 0 0
95 0 0 0 1b 8f 0 0
96 0 0 1 1b ff 0 0
97 0 0 0 d9 ff 0 0
98 0 0 0 ba ff 0 0
99 0 1 0 c9 ff 0 0
100 0 1 0 a2 ff 0 1
101 0 1 0 6e ff 0 0
102 0 1 0 58 ff 0 0
103 0 1 0 b6 ff 0 0
104 0 0 0 9a ff 0 0
105 0 1 0 aa ff 0 0
106 0 1 1 21 58 0 0
107 0 1 0 4 58 0 1
108 0 0 1 75 b6 1 0
109 0 0 1 6b b6 0 0
110 0 0 1 a5 aa 0 0
111 0 1 1 42 21 0 0
112 0 0 1 80 4 0 0
113 0 0 1 c7 42 0 0
114 0 1 1 ef aa 0 0
115 0 1 1 62 21 0 0
116 0 1 1 3a 4 0 0
117 0 0 0 6c 4 0 0
118 0 1 1 e 42 0 0
119 0 0 1 82 ef 1 0
120 0 1 0 80 ef 0 1
121 0 1 1 b2 62 1 0
122 0 1 0 35 62 0 1
123 0 1 0 db 62 0 0
124 0 1 0 18 62 0 0
125 0 0 0 e2 62 0 0
126 0 0 0 c3 62 0 0
127 0 1 1 32 18 0 0
128 0 1 0 e6 18 0 0
129 0 1 0 b9 18 0 0
130 0 1 0 b9 18 0 1
131 0 1 0 ed 18 0 0
132 0 0 1 8c 32 1 0
133 0 0 1 3 32 0 0
134 0 1 1 c3 e6 0 0
135 0 0 1 a9 b9 0 0
136 0 1 1 78 b9 0 0
137 0 1 1 7a c3 0 0
138 0 0 1 7d 78 0 0
139 0 1 1 65 7a 0 0
140 1 1 0 b4 7a 1 0
141 0 0 1 f4 7a 0 0
142 0 1 1 b 7a 0 0
143 0 0 0 66 7a 0 0
144 1 1 0 75 7a 1 0
145 0 1 1 39 7a 0 0
146 0 1 0 b5 7a 0 0
147 0 1 0 28 7a 0 0
148 0 1 1 90 39 0 0
149 0 0 0 3 39 0 0
150 0 0 0 9 39 0 0
151 0 1 1 7e b5 0 0
152 0 1 0 79 b5 0 1
153 0 1 0 9b b5 0 0
154 0 1 0 ec b5 0 0
155 0 1 0 98 b5 0 0
156 0 0 1 90 ec 0 0
157 0 0 0 51 ec 0 0
158 0 1 1 7f 98 0 0
159 0 0 1 95 7f 0 0
END 160
