CTTRACE 1 DEPTH=4 WIDTH=8
0 1 0 0 e d7 1 0
1 0 0 1 a d7 0 0
2 0 1 0 7 d7 0 0
3 0 1 0 7e d7 0 0
4 0 1 0 15 d7 0 0
5 0 1 1 7a 7 0 0
6 0 0 0 93 7 0 0
7 0 0 0 46 7 0 0
8 0 1 0 5 7 0 1
9 0 1 0 ad 7 0 0
10 0 0 1 c6 7e 1 0
11 1 1 0 90 7e 1 0
12 0 0 1 ce 7e 0 0
13 0 0 1 90 5 1 0
14 0 0 0 a1 5 0 0
15 0 0 1 36 7e 0 0
16 0 0 0 b4 7e 0 0
17 0 0 0 70 7e 0 0
18 0 0 1 cc 15 0 0
19 0 0 1 d8 7a 0 0
20 0 0 1 e5 5 1 0
21 0 0 1 d7 5 0 0
22 0 0 1 af 7e 0 0
23 0 0 1 b5 15 0 0
24 0 0 0 41 15 0 0
25 0 1 1 1a 7a 0 0
26 0 1 0 eb 7a 0 0
27 0 0 0 3a 7a 0 0
28 0 1 1 de 1a 0 0
29 0 1 0 9b 1a 0 0
30 0 0 1 1f eb 0 0
31 0 1 0 47 eb 0 0
32 0 1 1 19 de 0 0
33 0 1 0 29 de 0 1
34 0 1 1 a8 9b 1 0
35 0 1 1 ad 9b 0 1
36 0 1 0 cd 9b 0 0
37 0 1 0 2b 9b 0 0
38 0 0 0 40 9b 0 0
39 0 0 1 b 2b 0 0
40 0 0 1 8d 19 1 0
41 0 1 1 e1 19 0 1
42 0 1 0 46 19 0 0
43 0 0 0 84 19 0 0
44 0 0 1 3f 29 1 0
45 0 1 1 e6 29 0 1
46 0 0 1 7b ad 1 0
47 0 0 1 c3 ad 0 0
48 0 1 0 bd ad 0 1
49 0 0 0 79 ad 0 0
50 0 0 0 e3 ad 0 0
51 0 1 1 63 2b 0 0
52 0 1 0 38 2b 0 0
53 0 1 0 49 2b 0 0
54 0 1 0 5a 2b 0 0
55 0 1 0 e8 2b 0 1
56 0 0 0 2b 2b 0 0
57 0 0 0 56 2b 0 0
58 0 1 0 69 2b 0 0
59 0 1 1 be 69 0 0
60 0 1 1 f2 be 0 0
61 0 1 1 24 f2 0 0
62 0 0 1 78 24 0 0
63 0 0 0 f7 24 0 0
64 0 1 1 7f 69 0 0
65 0 1 1 50 be 0 0
66 0 0 1 c6 f2 1 0
67 0 1 1 11 f2 0 1
68 0 1 1 51 24 1 0
69 0 0 0 17 24 0 0
70 0 1 1 57 7f 0 0
71 0 0 1 b5 50 0 0
72 0 1 0 34 50 0 0
73 0 1 1 4a 11 0 0
74 0 1 1 91 57 0 0
75 0 1 1 2e 34 0 0
76 0 1 0 cd 34 0 1
77 0 1 0 31 34 0 0
78 0 0 0 61 34 0 0
79 0 0 1 e 4a 1 0
80 0 0 0 c8 4a 0 0
81 0 0 1 ba 91 0 0
82 0 0 1 42 2e 0 0
83 0 1 0 7c 2e 0 0
84 0 0 0 57 2e 0 0
85 0 0 0 96 2e 0 0
86 0 1 1 f0 cd 0 0
87 0 0 1 55 7c 0 0
88 1 0 1 5b 7c 1 0
89 0 0 1 c9 7c 0 0
90 0 0 0 b2 7c 0 0
91 0 0 1 60 2e 1 0
92 0 0 1 99 2e 0 0
93 0 0 1 89 cd 0 0
94 0 1 1 f2 7c 0 0
95 0 0 1 8c f0 0 0
96 0 0 0 79 f0 0 0
97 0 1 1 3c f2 0 0
98 0 0 0 e4 f2 0 0
99 0 0 0 c9 f2 0 0
100 0 1 1 3f 3c 0 0
101 0 1 1 40 3f 0 0
102 0 1 1 c1 40 0 0
103 0 1 1 c9 c1 0 0
104 0 0 1 1a c9 0 0
105 0 1 0 9 c9 0 0
106 0 1 0 44 c9 0 0
107 0 1 1 a9 9 0 0
108 0 0 0 22 9 0 0
109 0 0 1 dc 44 0 0
110 0 1 1 6e a9 0 0
111 0 0 0 48 a9 0 0
112 0 1 1 12 6e 0 0
113 0 0 1 4b 12 0 0
114 0 0 1 bb 44 1 0
115 0 0 1 ec 44 0 0
116 0 1 1 b6 a9 0 0
117 0 1 1 27 6e 0 0
118 0 1 1 89 12 0 0
119 0 0 0 e0 12 0 0
120 0 1 1 59 b6 0 0
121 0 1 0 c3 b6 0 1
122 0 1 0 c9 b6 0 0
123 0 1 0 fe b6 0 0
124 0 1 0 17 b6 0 0
125 0 1 0 96 b6 0 0
126 0 1 0 39 b6 0 1
127 0 1 1 4d fe 1 0
128 0 0 1 2f fe 0 0
129 0 1 0 e9 fe 0 1
130 0 0 0 a5 fe 0 0
131 0 1 1 77 17 0 0
132 0 0 0 b 17 0 0
133 0 0 1 b4 96 1 0
134 0 1 1 18 96 0 1
135 1 1 1 c4 96 1 0
136 0 1 1 a7 96 0 0
137 0 1 1 c2 a7 0 0
138 0 0 1 23 c2 0 0
139 0 1 0 c7 c2 0 0
140 0 0 1 f4 c7 0 0
141 0 0 1 18 39 1 0
142 0 0 0 ff 39 0 0
143 0 1 1 5a a7 0 0
144 0 1 0 16 a7 0 1
145 0 1 0 5e a7 0 0
146 0 1 0 31 a7 0 0
147 0 0 1 42 31 0 0
148 0 1 0 9f 31 0 0
149 0 1 1 2 9f 0 0
150 0 1 0 fb 9f 0 0
151 0 1 1 a8 2 0 0
152 0 0 1 ba fb 0 0
153 0 0 0 e4 fb 0 0
154 0 1 0 92 fb 0 0
155 0 1 1 c4 a8 0 0
156 0 0 1 33 92 0 0
157 0 0 1 8a c4 0 0
158 0 1 1 c3 fb 0 0
159 0 0 1 6 a8 1 0
END 160
