CTTRACE 1 DEPTH=4 WIDTH=8
0 1 1 1 be d7 1 0
1 0 1 0 a3 d7 0 0
2 0 1 1 83 a3 0 0
3 0 1 1 31 83 0 0
4 0 1 0 6 83 0 0
5 0 1 0 5 83 0 0
6 0 0 0 8e 83 0 0
7 0 0 0 dc 83 0 0
8 0 1 1 4e 31 0 0
9 0 1 0 e3 31 0 1
10 0 1 0 49 31 0 0
11 0 1 0 79 31 0 0
12 0 0 1 7d 79 0 0
13 0 0 1 2d 5 1 0
14 0 0 0 d8 5 0 0
15 0 0 1 f2 4e 0 0
16 0 0 0 24 4e 0 0
17 0 1 1 a0 e3 0 0
18 0 1 1 23 79 0 0
19 0 1 1 d8 a0 0 0
20 0 0 1 e6 23 0 0
21 0 0 1 79 d8 0 0
22 0 0 1 33 79 1 0
23 0 0 1 e5 79 0 0
24 0 1 0 b4 79 0 1
25 0 1 0 c3 79 0 0
26 0 0 1 dc a0 1 0
27 0 1 0 89 a0 0 1
28 0 1 0 22 a0 0 0
29 0 1 0 4a a0 0 0
30 0 0 1 2f 4a 0 0
31 0 0 0 d 4a 0 0
32 0 0 0 43 4a 0 0
33 0 1 1 d3 d8 0 0
34 0 1 0 ab d8 0 0
35 1 1 1 fd d8 1 0
36 0 0 1 e d8 0 0
37 0 0 0 c5 d8 0 0
38 0 0 0 69 d8 0 0
39 0 0 1 d 89 1 0
40 0 0 1 62 89 0 0
41 0 0 1 5f 4a 0 0
42 0 0 0 a3 4a 0 0
43 0 0 1 21 d3 0 0
44 0 0 1 da ab 0 0
45 0 0 0 1f ab 0 0
46 0 0 1 40 89 1 0
47 0 0 1 ac 89 0 0
48 0 1 1 6 4a 0 0
49 0 1 0 da 4a 0 1
50 0 0 0 9d 4a 0 0
51 0 1 0 a3 4a 0 0
52 0 1 1 cf a3 0 0
53 0 0 1 ad cf 0 0
54 0 1 0 97 cf 0 0
55 0 1 0 f7 cf 0 0
56 0 0 0 be cf 0 0
57 0 1 1 55 97 0 0
58 0 1 0 96 97 0 0
59 0 1 1 af f7 0 0
60 0 0 1 26 55 0 0
61 0 1 0 4b 55 0 0
62 0 0 1 ce 96 0 0
63 0 0 1 e3 af 0 0
64 0 0 1 d8 4b 0 0
65 0 0 0 de 4b 0 0
66 0 1 0 b8 4b 0 0
67 0 0 1 55 b8 0 0
68 0 0 0 17 b8 0 0
69 1 0 0 3e b8 1 0
70 0 0 1 18 b8 0 0
71 0 1 0 dc b8 0 0
72 0 1 0 71 b8 0 0
73 0 1 1 23 dc 0 0
74 1 0 0 7e dc 1 0
75 0 1 0 e5 dc 0 0
76 0 1 0 2 dc 0 0
77 0 1 0 2e dc 0 0
78 0 1 0 80 dc 0 1
79 0 1 1 3f e5 1 0
80 0 1 0 d3 e5 0 1
81 0 1 0 7b e5 0 0
82 0 1 0 36 e5 0 0
83 0 1 0 30 e5 0 0
84 0 1 1 7b 36 0 0
85 0 0 1 e5 30 0 0
86 0 1 1 e8 7b 0 0
87 0 0 1 e8 e8 0 0
88 0 0 1 57 36 1 0
89 0 1 1 4e 36 0 1
90 0 0 1 ef 30 1 0
91 0 1 0 6f 30 0 1
92 0 0 1 5f 7b 1 0
93 0 0 1 fa 7b 0 0
94 0 1 1 22 e8 0 0
95 0 0 1 b0 4e 0 0
96 0 1 0 2c 4e 0 0
97 0 1 0 82 4e 0 1
98 0 1 1 c 6f 1 0
99 0 1 0 b8 6f 0 1
100 0 1 0 c5 6f 0 0
101 0 1 0 2e 6f 0 0
102 0 0 0 92 6f 0 0
103 0 0 0 e3 6f 0 0
104 0 1 0 58 6f 0 0
105 0 1 1 4f 2e 0 0
106 0 1 0 7b 2e 0 0
107 0 1 1 9f 58 0 0
108 0 0 1 f3 4f 0 0
109 0 1 1 13 7b 0 0
110 0 0 1 1a 9f 0 0
111 0 0 1 38 13 0 0
112 0 0 0 bd 13 0 0
113 0 1 1 4c 4f 0 0
114 0 0 1 7 7b 1 0
115 0 0 1 3e 7b 0 0
116 0 0 1 a3 9f 0 0
117 0 0 0 2b 9f 0 0
118 0 1 1 11 13 0 0
119 0 0 1 f9 4c 0 0
120 0 1 0 3c 4c 0 0
121 0 0 0 bd 4c 0 0
122 0 1 0 68 4c 0 0
123 0 0 1 98 11 0 0
124 0 1 0 fc 11 0 0
125 0 1 0 e4 11 0 1
126 0 1 1 13 3c 1 0
127 0 1 0 b0 3c 0 1
128 0 1 1 bc 68 1 0
129 0 0 0 8d 68 0 0
130 0 1 1 bf fc 0 0
131 0 1 1 7c e4 0 0
132 0 1 0 58 e4 0 1
133 0 1 1 fe b0 1 0
134 0 1 1 e2 b0 0 1
135 0 1 1 a1 bf 1 0
136 0 1 0 dd bf 0 1
137 0 0 1 96 7c 1 0
138 0 1 0 c6 7c 0 1
139 0 0 0 8b 7c 0 0
140 0 1 1 90 58 0 0
141 0 0 1 d6 e2 1 0
142 0 0 1 d6 e2 0 0
143 0 0 1 af dd 0 0
144 0 1 1 0 c6 0 0
145 0 0 1 90 90 0 0
146 0 1 1 31 0 0 0
147 0 1 1 fd 31 0 0
148 0 1 0 4b 31 0 0
149 0 0 0 1 31 0 0
150 0 1 0 14 31 0 0
151 0 1 0 86 31 0 1
152 0 1 0 1e 31 0 0
153 0 1 0 8f 31 0 0
154 0 0 0 27 31 0 0
155 0 1 0 9d 31 0 0
156 0 0 1 52 8f 0 0
157 0 1 0 94 8f 0 0
158 1 1 0 33 8f 1 0
159 0 1 0 5e 8f 0 0
END 160
