CTTRACE 1 DEPTH=4 WIDTH=8
0 1 1 1 25 d7 1 0
1 0 0 1 12 d7 0 0
2 0 0 1 7b cc 1 0
3 0 1 0 48 cc 0 1
4 0 1 0 5a cc 0 0
5 0 1 1 df cc 0 0
6 0 1 1 33 cc 0 0
7 0 1 0 65 cc 0 0
8 0 1 1 71 65 0 0
9 0 1 1 9d 71 0 0
10 0 1 1 c0 9d 0 0
11 0 1 0 33 9d 0 0
12 0 0 1 36 c0 0 0
13 0 0 1 1e 33 0 0
14 0 0 1 d8 71 1 0
15 0 0 0 aa 71 0 0
16 0 1 1 b 9d 0 0
17 0 1 0 31 9d 0 1
18 0 1 0 ba 9d 0 0
19 0 0 0 8d 9d 0 0
20 0 0 1 b9 c0 1 0
21 0 0 1 d2 c0 0 0
22 0 1 1 e 33 0 0
23 0 0 1 93 b 0 0
24 0 1 1 c4 31 0 0
25 0 0 1 df e 0 0
26 0 1 1 1 c4 0 0
27 0 1 0 7a c4 0 0
28 0 1 0 58 c4 0 0
29 0 1 1 a 1 0 0
30 0 0 0 66 1 0 0
31 0 1 0 49 1 0 1
32 0 1 1 77 7a 1 0
33 1 1 1 14 7a 1 0
34 0 1 0 44 7a 0 0
35 0 1 0 4 7a 0 0
36 0 0 1 ae 44 0 0
37 0 0 1 5f 4 0 0
38 0 0 0 26 4 0 0
39 0 0 1 e2 58 1 0
40 0 0 1 16 58 0 0
41 0 1 1 12 a 0 0
42 0 0 1 fb 44 0 0
43 0 0 1 64 4 0 0
44 0 0 1 bb 12 0 0
45 0 0 1 1f a 1 0
46 0 1 0 37 a 0 1
47 0 1 0 2d a 0 0
48 0 0 0 af a 0 0
49 0 1 0 e0 a 0 0
50 0 1 0 40 a 0 0
51 0 1 0 7f a 0 0
52 0 1 1 72 e0 0 0
53 0 0 0 e6 e0 0 0
54 0 1 0 d3 e0 0 1
55 0 1 0 f2 e0 0 0
56 0 0 0 e5 e0 0 0
57 0 1 0 ef e0 0 0
58 0 1 0 98 e0 0 0
59 0 1 0 34 e0 0 0
60 0 1 1 b3 ef 0 0
61 0 0 1 ce 98 0 0
62 0 0 0 0 98 0 0
63 0 0 1 3e 34 0 0
64 0 0 1 8a b3 0 0
65 0 0 1 5b ef 1 0
66 0 0 1 c4 ef 0 0
67 0 0 1 f9 98 0 0
68 0 1 1 39 34 0 0
69 0 0 1 a5 b3 0 0
70 0 1 1 d9 39 0 0
71 0 0 0 b2 39 0 0
72 0 1 0 88 39 0 0
73 0 1 1 3c d9 0 0
74 0 1 1 97 88 0 0
75 0 1 0 13 88 0 0
76 0 1 0 31 88 0 1
77 0 1 0 40 88 0 0
78 0 0 0 63 88 0 0
79 0 0 0 68 88 0 0
80 0 1 1 1c 3c 0 0
81 0 1 0 74 3c 0 0
82 1 1 1 1d 3c 1 0
83 0 1 0 0 3c 0 0
84 0 0 1 db 0 0 0
85 0 0 1 b2 74 1 0
86 0 0 1 86 74 0 0
87 0 1 1 46 13 0 0
88 0 0 1 50 31 0 0
89 0 1 1 99 0 0 0
90 0 0 1 59 46 0 0
91 0 0 1 36 99 0 0
92 0 0 1 af 31 1 0
93 0 1 1 c9 31 0 1
94 0 1 1 18 0 1 0
95 0 1 1 4e 0 0 1
96 0 0 1 c8 46 1 0
97 0 1 0 ca 46 0 1
98 0 1 1 d6 99 1 0
99 0 1 0 ed 99 0 1
100 0 1 0 c3 99 0 0
101 0 1 0 51 99 0 0
102 0 0 0 f6 99 0 0
103 0 1 1 c7 51 0 0
104 0 1 1 22 c7 0 0
105 0 1 0 cd c7 0 0
106 0 1 1 e4 22 0 0
107 0 1 0 87 22 0 0
108 0 0 1 80 cd 0 0
109 0 0 1 4f e4 0 0
110 0 0 1 fb 87 0 0
111 0 0 1 db 22 1 0
112 0 0 1 3d 22 0 0
113 0 0 1 3b cd 0 0
114 0 0 1 a2 e4 0 0
115 0 0 1 ce 87 0 0
116 0 0 0 72 87 0 0
117 0 0 0 ab 87 0 0
118 0 0 1 e2 22 1 0
119 0 0 1 d8 22 0 0
120 0 1 0 2a 22 0 1
121 0 1 1 49 cd 1 0
122 0 1 1 75 cd 0 1
123 0 1 1 cf e4 1 0
124 0 1 0 49 e4 0 1
125 0 1 0 5a e4 0 0
126 0 1 1 84 87 0 0
127 0 1 0 d8 87 0 0
128 0 1 0 e5 87 0 0
129 0 1 1 ad d8 0 0
130 0 1 0 5d d8 0 0
131 0 0 1 81 e5 0 0
132 0 1 0 af e5 0 0
133 0 0 1 d0 ad 0 0
134 0 0 0 64 ad 0 0
135 0 1 1 33 5d 0 0
136 0 0 1 4d af 0 0
137 0 1 0 e7 af 0 0
138 0 1 1 eb 33 0 0
139 0 0 0 88 33 0 0
140 0 0 0 9a 33 0 0
141 0 0 1 84 e7 0 0
142 0 0 1 7d eb 0 0
143 0 0 1 c3 af 1 0
144 0 1 1 94 af 0 1
145 0 1 1 cb 33 1 0
146 0 1 0 70 33 0 1
147 0 1 1 a0 e7 1 0
148 0 0 1 ad e7 0 0
149 0 1 1 e2 eb 0 0
150 0 1 0 94 eb 0 1
151 0 0 0 7c eb 0 0
152 0 1 0 95 eb 0 0
153 0 1 1 d5 95 0 0
154 0 0 0 5b 95 0 0
155 0 0 0 c0 95 0 0
156 0 0 1 26 d5 0 0
157 0 0 1 4e e2 1 0
158 0 1 1 c3 e2 0 1
159 0 0 0 8c e2 0 0
END 160
