CTTRACE 1 DEPTH=4 WIDTH=8
0 1 0 0 73 d7 1 0
1 0 1 0 84 d7 0 0
2 0 1 0 95 d7 0 0
3 0 1 0 a6 d7 0 0
4 0 0 1 b7 84 0 0
5 0 0 1 c8 95 0 0
6 0 1 0 d9 95 0 0
7 0 1 0 ea 95 0 0
8 0 1 0 fb 95 0 1
9 0 1 0 c 95 0 0
10 0 0 1 1d a6 1 0
11 0 0 1 2e a6 0 0
12 0 0 1 3f d9 0 0
13 0 0 1 50 ea 0 0
14 0 1 0 61 ea 0 0
15 0 1 0 72 ea 0 0
16 0 1 0 83 ea 0 1
17 0 1 0 94 ea 0 0
18 0 1 1 a5 fb 0 0
19 0 1 1 b6 61 0 0
20 0 1 1 c7 72 0 0
21 0 1 1 d8 83 0 0
22 0 0 1 e9 a5 1 0
23 0 0 1 fa a5 0 0
24 0 0 1 b b6 0 0
25 0 0 1 1c c7 0 0
26 0 0 1 2d d8 0 0
END 27
