CTTRACE 1 DEPTH=4 WIDTH=8
0 1 1 0 ec d7 1 0
1 0 0 0 bb d7 1 0
2 0 1 0 c6 d7 0 0
3 0 1 0 e7 d7 0 0
4 0 1 0 d8 d7 0 0
5 0 1 0 e3 d7 0 1
6 0 1 1 b9 c6 0 1
7 0 1 0 72 c6 0 1
8 0 0 0 81 c6 0 1
9 0 0 0 b1 c6 0 1
10 0 1 1 be 72 0 1
11 0 1 0 83 72 0 1
12 0 1 0 5f 72 0 1
13 0 1 1 fa be 0 1
14 0 0 0 1f be 0 1
15 0 1 1 c 83 0 1
16 0 1 1 9 5f 0 1
17 0 1 1 49 fa 0 1
18 0 0 1 97 c 0 0
19 0 1 1 6f 9 0 0
20 0 1 0 36 9 0 1
21 0 0 1 75 49 0 0
22 0 0 1 94 6f 0 0
23 0 1 1 b3 36 0 0
24 0 1 1 4c b3 0 0
25 1 1 0 dc b3 1 0
26 0 1 1 47 b3 0 0
27 0 1 0 4d b3 0 0
28 0 1 0 f8 b3 0 0
29 0 0 0 4e b3 0 0
30 0 1 0 ad b3 0 1
31 0 1 0 d7 b3 0 1
32 0 0 1 e9 d7 0 0
33 0 1 1 68 4d 0 0
34 0 1 0 a3 4d 0 1
35 0 1 0 4e 4d 0 1
36 0 0 1 ea a3 0 0
37 0 1 0 3a a3 0 1
38 0 0 1 ce 4e 0 0
39 0 0 1 ca 3a 0 0
40 0 1 1 28 68 0 0
41 0 0 0 cd 68 0 0
42 0 1 1 78 a3 0 0
43 0 0 0 71 a3 0 0
44 0 1 0 91 a3 0 0
45 0 0 1 b6 91 0 0
46 0 0 0 21 91 0 0
47 0 1 1 8e 3a 0 0
48 0 0 1 fb 28 0 0
49 0 1 1 ec 78 0 0
50 0 1 1 6f 91 0 0
51 0 1 1 aa 8e 0 0
52 0 0 0 b 8e 0 0
53 0 0 0 cc 8e 0 0
54 0 1 1 c4 ec 0 0
55 0 1 1 30 6f 0 0
56 0 0 0 a6 6f 0 0
57 0 1 0 d2 6f 0 0
58 0 1 1 e4 aa 0 0
59 0 1 1 78 c4 0 0
60 0 0 0 80 c4 0 0
61 0 1 1 1 30 0 0
62 0 1 1 fe d2 0 0
63 0 0 0 6c d2 0 0
64 0 0 1 12 e4 0 0
65 0 0 1 ff 78 1 0
66 0 1 0 e 78 0 0
67 0 1 1 f3 1 0 0
68 0 1 1 20 fe 0 0
69 0 1 0 20 fe 0 0
70 0 0 1 14 e 0 0
71 0 0 0 cc e 0 0
72 0 0 1 92 f3 1 0
73 0 0 1 1f f3 1 0
74 0 1 0 b2 f3 0 0
75 0 1 0 bd f3 0 0
76 0 1 1 b7 20 0 0
77 0 1 0 4d 20 0 0
78 0 1 1 36 4d 0 0
79 0 1 0 3 4d 0 1
80 0 1 0 bf 4d 0 1
81 0 1 1 b7 36 0 1
82 0 1 0 e1 36 0 1
83 1 1 0 d7 36 1 0
84 0 0 0 0 36 1 0
85 0 0 1 c7 36 1 0
86 0 0 0 82 36 1 0
87 0 1 1 51 36 0 0
88 0 0 1 5e 51 1 0
89 0 0 1 a0 51 1 0
90 0 0 1 51 51 1 0
91 0 0 1 6b 51 1 0
92 0 0 1 67 51 1 0
93 0 0 1 75 51 1 0
94 0 0 1 b1 51 1 0
95 0 0 1 ee 51 1 0
96 0 1 0 e1 51 0 0
97 0 0 0 ba 51 0 0
98 0 0 0 94 51 0 0
99 0 1 0 d7 51 0 0
100 0 1 0 8 51 0 0
101 0 1 0 2 51 0 1
102 0 1 1 d0 e1 0 1
103 0 1 0 f2 e1 0 1
104 0 1 0 d2 e1 0 1
105 0 1 1 5 f2 0 1
106 0 0 0 e f2 0 1
107 0 0 0 e5 f2 0 1
108 0 0 0 92 f2 0 1
109 0 0 0 d4 f2 0 1
110 0 1 1 58 d2 0 1
111 0 0 0 12 d2 0 1
112 0 0 0 48 d2 0 1
113 0 0 1 30 5 0 0
114 0 1 1 bf 58 0 0
115 0 0 1 0 bf 0 0
116 0 0 1 5 d2 0 0
117 0 0 0 10 d2 0 0
118 0 0 1 94 5 1 0
119 0 0 1 33 5 1 0
120 0 1 1 1 5 0 0
121 0 1 0 c4 5 0 0
122 0 1 0 9e 5 0 0
123 0 1 1 6e 9e 0 0
124 0 0 0 65 9e 0 0
125 0 1 1 41 6e 0 0
126 0 1 0 72 6e 0 1
127 0 1 0 f6 6e 0 1
128 0 0 0 5 6e 0 1
129 0 0 0 0 6e 0 1
130 0 1 0 cd 6e 0 1
131 0 1 0 6b 6e 0 1
132 0 0 1 37 6b 0 0
133 0 0 0 64 6b 0 0
134 0 0 1 48 72 0 0
135 0 0 1 15 f6 0 0
136 0 1 1 f6 cd 0 0
137 0 1 1 a7 6b 0 0
138 0 0 0 c3 6b 0 0
139 0 0 1 7e f6 1 0
140 0 1 1 e4 f6 0 0
141 0 0 1 53 a7 1 0
142 0 1 1 e a7 0 0
143 0 0 1 e e4 1 0
144 0 0 1 b1 e4 1 0
145 0 0 1 55 e4 1 0
146 0 1 0 53 e4 0 0
147 0 0 0 ca e4 0 0
148 0 0 1 f0 e 1 0
149 0 1 0 aa e 0 0
150 0 1 0 b8 e 0 0
151 0 1 0 48 e 0 0
152 0 1 0 af e 0 1
153 1 0 0 f3 e 1 0
154 0 1 0 19 e 0 0
155 0 1 1 3d 19 0 0
156 0 0 1 1a 3d 1 0
157 0 1 0 f2 3d 0 0
158 0 0 0 6f 3d 0 0
159 0 0 1 53 f2 1 0
END 160
