CTTRACE 1 DEPTH=4 WIDTH=8
0 1 1 1 25 d7 1 0
1 0 0 1 12 d7 1 0
2 0 0 1 7b d7 1 0
3 0 1 0 48 d7 0 0
4 0 1 0 5a d7 0 0
5 0 1 1 df 48 0 0
6 0 1 1 33 5a 0 0
7 0 1 0 65 5a 0 0
8 0 1 1 71 df 0 0
9 0 1 1 9d 33 0 0
10 0 1 1 c0 65 0 0
11 0 1 0 33 65 0 1
12 0 0 1 36 71 0 0
13 0 0 1 1e 9d 0 0
14 0 0 1 d8 c0 0 0
15 0 0 0 aa c0 0 0
16 0 1 1 b 33 0 0
17 0 1 0 31 33 0 0
18 0 1 0 ba 33 0 0
19 0 0 0 8d 33 0 0
20 0 0 1 b9 b 0 0
21 0 0 1 d2 31 0 0
22 0 1 1 e ba 0 0
23 0 0 1 93 e 1 0
24 0 1 1 c4 e 0 0
25 0 0 1 df c4 1 0
26 0 1 1 1 c4 0 0
27 0 1 0 7a c4 0 0
28 0 1 0 58 c4 0 0
29 0 1 1 a 1 0 0
30 0 0 0 66 1 0 0
31 0 1 0 49 1 0 1
32 0 1 1 77 7a 0 1
33 1 1 1 14 7a 1 0
34 0 1 0 44 7a 0 0
35 0 1 0 4 7a 0 0
36 0 0 1 ae 44 0 0
37 0 0 1 5f 4 1 0
38 0 0 0 26 4 1 0
39 0 0 1 e2 4 1 0
40 0 0 1 16 4 1 0
41 0 1 1 12 4 0 0
42 0 0 1 fb 12 1 0
43 0 0 1 64 12 1 0
44 0 0 1 bb 12 1 0
45 0 0 1 1f 12 1 0
46 0 1 0 37 12 0 0
47 0 1 0 2d 12 0 0
48 0 0 0 af 12 0 0
49 0 1 0 e0 12 0 0
50 0 1 0 40 12 0 1
51 0 1 0 7f 12 0 1
52 0 1 1 72 7f 0 1
53 0 0 0 e6 7f 0 1
54 0 1 0 d3 7f 0 1
55 0 1 0 f2 7f 0 1
56 0 0 0 e5 7f 0 1
57 0 1 0 ef 7f 0 1
58 0 1 0 98 7f 0 1
59 0 1 0 34 7f 0 1
60 0 1 1 b3 98 0 1
61 0 0 1 ce 34 0 0
62 0 0 0 0 34 0 0
63 0 0 1 3e b3 0 0
64 0 0 1 8a ef 0 0
65 0 0 1 5b 98 1 0
66 0 0 1 c4 98 1 0
67 0 0 1 f9 98 1 0
68 0 1 1 39 98 0 0
69 0 0 1 a5 34 1 0
70 0 1 1 d9 34 0 0
71 0 0 0 b2 34 0 0
72 0 1 0 88 34 0 0
73 0 1 1 3c b3 0 0
74 0 1 1 97 39 0 0
75 0 1 0 13 39 0 0
76 0 1 0 31 39 0 1
77 0 1 0 40 39 0 1
78 0 0 0 63 39 0 1
79 0 0 0 68 39 0 1
80 0 1 1 1c 13 0 1
81 0 1 0 74 13 0 1
82 1 1 1 1d 13 1 0
83 0 1 0 0 13 0 0
84 0 0 1 db 0 1 0
85 0 0 1 b2 0 1 0
86 0 0 1 86 0 1 0
87 0 1 1 46 0 0 0
88 0 0 1 50 46 1 0
89 0 1 1 99 46 0 0
90 0 0 1 59 99 1 0
91 0 0 1 36 99 1 0
92 0 0 1 af 99 1 0
93 0 1 1 c9 99 0 0
94 0 1 1 18 c9 0 0
95 0 1 1 4e 18 0 0
96 0 0 1 c8 4e 1 0
97 0 1 0 ca 4e 0 0
98 0 1 1 d6 ca 0 0
99 0 1 0 ed ca 0 0
100 0 1 0 c3 ca 0 0
101 0 1 0 51 ca 0 1
102 0 0 0 f6 ca 0 1
103 0 1 1 c7 d6 0 1
104 0 1 1 22 ed 0 1
105 0 1 0 cd ed 0 1
106 0 1 1 e4 cd 0 1
107 0 1 0 87 cd 0 1
108 0 0 1 80 e4 0 0
109 0 0 1 4f 87 0 0
110 0 0 1 fb 22 0 0
111 0 0 1 db cd 1 0
112 0 0 1 3d cd 1 0
113 0 0 1 3b cd 1 0
114 0 0 1 a2 cd 1 0
115 0 0 1 ce cd 1 0
116 0 0 0 72 cd 1 0
117 0 0 0 ab cd 1 0
118 0 0 1 e2 cd 1 0
119 0 0 1 d8 cd 1 0
120 0 1 0 2a cd 0 0
121 0 1 1 49 e4 0 0
122 0 1 1 75 87 0 0
123 0 1 1 cf 2a 0 0
124 0 1 0 49 2a 0 0
125 0 1 0 5a 2a 0 0
126 0 1 1 84 5a 0 0
127 0 1 0 d8 5a 0 1
128 0 1 0 e5 5a 0 1
129 0 1 1 ad 84 0 1
130 0 1 0 5d 84 0 1
131 0 0 1 81 d8 0 0
132 0 1 0 af d8 0 1
133 0 0 1 d0 e5 0 0
134 0 0 0 64 e5 0 0
135 0 1 1 33 ad 0 0
136 0 0 1 4d 5d 0 0
137 0 1 0 e7 5d 0 0
138 0 1 1 eb af 0 0
139 0 0 0 88 af 0 0
140 0 0 0 9a af 0 0
141 0 0 1 84 33 0 0
142 0 0 1 7d e7 0 0
143 0 0 1 c3 eb 1 0
144 0 1 1 94 eb 0 0
145 0 1 1 cb 94 0 0
146 0 1 0 70 94 0 0
147 0 1 1 a0 cb 0 0
148 0 0 1 ad 70 0 0
149 0 1 1 e2 a0 0 0
150 0 1 0 94 a0 0 0
151 0 0 0 7c a0 0 0
152 0 1 0 95 a0 0 0
153 0 1 1 d5 e2 0 0
154 0 0 0 5b e2 0 0
155 0 0 0 c0 e2 0 0
156 0 0 1 26 94 0 0
157 0 0 1 4e 95 0 0
158 0 1 1 c3 d5 0 0
159 0 0 0 8c d5 0 0
END 160
