SBY 17:11:48 [golden_prove_p0] Removing directory '/tmp/work/checks/golden_prove_p0'.
SBY 17:11:48 [golden_prove_p0] Copy '/tmp/work/checks/golden.v' to '/tmp/work/checks/golden_prove_p0/src/golden.v'.
SBY 17:11:48 [golden_prove_p0] Copy '/tmp/work/checks/props.sv' to '/tmp/work/checks/golden_prove_p0/src/props.sv'.
SBY 17:11:48 [golden_prove_p0] engine_0: abc pdr
SBY 17:11:48 [golden_prove_p0] base: starting process "cd golden_prove_p0/src; yosys -ql ../model/design.log ../model/design.ys"
SBY 17:11:48 [golden_prove_p0] base: finished (returncode=0)
SBY 17:11:48 [golden_prove_p0] prep: starting process "cd golden_prove_p0/model; yosys -ql design_prep.log design_prep.ys"
SBY 17:11:49 [golden_prove_p0] prep: finished (returncode=0)
SBY 17:11:49 [golden_prove_p0] aig: starting process "cd golden_prove_p0/model; yosys -ql design_aiger.log design_aiger.ys"
SBY 17:11:49 [golden_prove_p0] aig: Warning: Treating undriven bit ct_props_top.\clk like $anyseq.
SBY 17:11:49 [golden_prove_p0] aig: Warning: Treating undriven bit ct_props_top.\wr_en like $anyseq.
SBY 17:11:49 [golden_prove_p0] aig: Warning: Treating undriven bit ct_props_top.\rst like $anyseq.
SBY 17:11:49 [golden_prove_p0] aig: Warning: Treating undriven bit ct_props_top.\rd_en like $anyseq.
SBY 17:11:49 [golden_prove_p0] aig: Warning: Treating undriven bit ct_props_top.\din [0] like $anyseq.
SBY 17:11:49 [golden_prove_p0] aig: Warning: Treating undriven bit ct_props_top.\din [1] like $anyseq.
SBY 17:11:49 [golden_prove_p0] aig: Warning: Treating undriven bit ct_props_top.\din [2] like $anyseq.
SBY 17:11:49 [golden_prove_p0] aig: Warning: Treating undriven bit ct_props_top.\din [3] like $anyseq.
SBY 17:11:49 [golden_prove_p0] aig: Warning: Treating undriven bit ct_props_top.\din [4] like $anyseq.
SBY 17:11:49 [golden_prove_p0] aig: Warning: Treating undriven bit ct_props_top.\din [5] like $anyseq.
SBY 17:11:49 [golden_prove_p0] aig: Warning: Treating undriven bit ct_props_top.\din [6] like $anyseq.
SBY 17:11:49 [golden_prove_p0] aig: Warning: Treating undriven bit ct_props_top.\din [7] like $anyseq.
SBY 17:11:49 [golden_prove_p0] aig: Warning: Treating a total of 12 undriven bits in ct_props_top like $anyseq.
SBY 17:11:49 [golden_prove_p0] aig: finished (returncode=0)
SBY 17:11:49 [golden_prove_p0] engine_0: starting process "cd golden_prove_p0; yosys-abc -c 'read_aiger model/design_aiger.aig; fold; strash; pdr -v -l; write_cex -a engine_0/trace.aiw'"
SBY 17:11:49 [golden_prove_p0] engine_0: ======== ABC command line "read_aiger model/design_aiger.aig; fold; strash; pdr -v -l; write_cex -a engine_0/trace.aiw"
SBY 17:11:49 [golden_prove_p0] engine_0: Warning: The last 2 outputs are interpreted as constraints.
SBY 17:11:49 [golden_prove_p0] engine_0: VarMax = 300. FrameMax = 10000. QueMax = 0. TimeMax = 159. MonoCNF = no. SkipGen = no. SolveAll = no.
SBY 17:11:49 [golden_prove_p0] engine_0: Frame Clauses                                                     Max Queue Flops Time
SBY 17:11:49 [golden_prove_p0] engine_0: 1 : 0 2                                                                 1     2      0.01 sec  T/O =  0  PRV =  0
SBY 17:11:49 [golden_prove_p0] engine_0: 2 : 0 9 10                                                              6    16      0.02 sec  T/O =  0  PRV =  0
SBY 17:11:49 [golden_prove_p0] engine_0: 3 : 0 4 7 7 ~1                                                           2    16      0.02 sec  T/O =  0  PRV =  0
SBY 17:11:49 [golden_prove_p0] engine_0: 4 : 0 7 12 35 25 ~1                                                     14    34      0.03 sec  T/O =  0  PRV =  0
SBY 17:11:49 [golden_prove_p0] engine_0: 4 : 0 7 12 68 58 ~1                                                      5    62      0.05 sec  T/O =  0  PRV =  0
SBY 17:11:49 [golden_prove_p0] engine_0: 4 : 0 7 12 99 93 ~1                                                      5    70      0.06 sec  T/O =  0  PRV =  0
SBY 17:11:49 [golden_prove_p0] engine_0: 4 : 0 7 12 104 100 ~1                                                    5    71      0.07 sec  T/O =  0  PRV =  0
SBY 17:11:49 [golden_prove_p0] engine_0: 5 : 0 6 10 65 95 9 ~1                                                    0    71      0.08 sec  T/O =  0  PRV =  0
SBY 17:11:49 [golden_prove_p0] engine_0: 6 : 0 6 10 65 109 43 16 ~1                                              25    73      0.10 sec  T/O =  0  PRV =  0
SBY 17:11:49 [golden_prove_p0] engine_0: 6 : 0 6 10 65 113 66 48 ~1                                              23    79      0.11 sec  T/O =  0  PRV =  0
SBY 17:11:49 [golden_prove_p0] engine_0: 6 : 0 6 10 65 119 89 84 ~1                                              10    87      0.13 sec  T/O =  0  PRV =  0
SBY 17:11:49 [golden_prove_p0] engine_0: 6 : 0 6 10 65 125 110 123 ~1                                            10    91      0.15 sec  T/O =  0  PRV =  0
SBY 17:11:49 [golden_prove_p0] engine_0: 6 : 0 6 10 65 133 133 156 ~1                                            10    91      0.16 sec  T/O =  0  PRV =  0
SBY 17:11:49 [golden_prove_p0] engine_0: 6 : 0 6 10 65 140 156 190 ~1                                            10    95      0.18 sec  T/O =  0  PRV =  0
SBY 17:11:49 [golden_prove_p0] engine_0: 6 : 0 6 10 65 146 179 225 ~1                                            10    99      0.20 sec  T/O =  0  PRV =  0
SBY 17:11:49 [golden_prove_p0] engine_0: 6 : 0 6 10 65 152 203 261 ~1                                            10   103      0.22 sec  T/O =  0  PRV =  0
SBY 17:11:49 [golden_prove_p0] engine_0: 6 : 0 6 10 65 154 217 287 ~1                                            10   103      0.23 sec  T/O =  0  PRV =  0
SBY 17:11:49 [golden_prove_p0] engine_0: 7 : 0 6 10 23 63 71 206 119 ~1                                           0   103      0.26 sec  T/O =  0  PRV =  0
SBY 17:11:49 [golden_prove_p0] engine_0: 8 : 0 6 10 23 55 71 201 113 15 ~1                                        4   103      0.28 sec  T/O =  0  PRV =  0
SBY 17:11:49 [golden_prove_p0] engine_0: 9 : 0 6 10 23 54 69 199 80 9 48 ~5                                      12   103      0.31 sec  T/O =  0  PRV =  0
SBY 17:11:49 [golden_prove_p0] engine_0: Timing out on output 0 in frame 9 (retrying in next anytime pass).
SBY 17:11:49 [golden_prove_p0] engine_0: 9 : 0 6 10 23 54 69 199 80 9 48 ~5                                       0   103      0.31 sec  T/O =  1  PRV =  0
SBY 17:11:49 [golden_prove_p0] engine_0: Proved output 1 in frame 9.
SBY 17:11:49 [golden_prove_p0] engine_0: Proved output 2 in frame 9.
SBY 17:11:49 [golden_prove_p0] engine_0: 10 : 0 6 10 23 53 67 158 108 4 0 8 ~52                                    0   103      0.33 sec  T/O =  1  PRV =  2
SBY 17:11:49 [golden_prove_p0] engine_0: Starting new anytime pass, reusing clauses.
SBY 17:11:49 [golden_prove_p0] engine_0: Frame Clauses                                                     Max Queue Flops Time
SBY 17:11:49 [golden_prove_p0] engine_0: 1 : 0 328 ~52                                                            0     0      0.03 sec  T/O =  0  PRV =  2
SBY 17:11:49 [golden_prove_p0] engine_0: 2 : 0 3 325 ~52                                                          0     0      0.03 sec  T/O =  0  PRV =  2
SBY 17:11:49 [golden_prove_p0] engine_0: 3 : 0 3 2 323 ~52                                                        0     0      0.03 sec  T/O =  0  PRV =  2
SBY 17:11:49 [golden_prove_p0] engine_0: 4 : 0 3 2 16 307 ~52                                                     0     0      0.03 sec  T/O =  0  PRV =  2
SBY 17:11:49 [golden_prove_p0] engine_0: 5 : 0 3 2 16 17 290 ~52                                                  0     0      0.04 sec  T/O =  0  PRV =  2
SBY 17:11:49 [golden_prove_p0] engine_0: 6 : 0 3 2 16 17 37 253 ~52                                               0     0      0.04 sec  T/O =  0  PRV =  2
SBY 17:11:49 [golden_prove_p0] engine_0: 7 : 0 3 2 16 17 37 146 107 ~52                                           0     0      0.04 sec  T/O =  0  PRV =  2
SBY 17:11:49 [golden_prove_p0] engine_0: 8 : 0 3 2 16 17 37 146 104 3 ~52                                         0     0      0.05 sec  T/O =  0  PRV =  2
SBY 17:11:49 [golden_prove_p0] engine_0: 9 : 0 3 2 16 17 37 148 116 30 19 ~52                                    17    20      0.08 sec  T/O =  0  PRV =  2
SBY 17:11:49 [golden_prove_p0] engine_0: 9 : 0 3 2 16 17 37 149 126 52 43 ~52                                    16    30      0.09 sec  T/O =  0  PRV =  2
SBY 17:11:49 [golden_prove_p0] engine_0: 9 : 0 3 2 16 17 37 152 141 72 67 ~52                                    18    40      0.11 sec  T/O =  0  PRV =  2
SBY 17:11:49 [golden_prove_p0] engine_0: 9 : 0 3 2 16 17 37 155 154 98 85 ~52                                    15    46      0.13 sec  T/O =  0  PRV =  2
SBY 17:11:49 [golden_prove_p0] engine_0: 9 : 0 3 2 16 17 37 158 164 121 109 ~52                                  17    56      0.15 sec  T/O =  0  PRV =  2
SBY 17:11:49 [golden_prove_p0] engine_0: 9 : 0 3 2 16 17 37 162 177 145 133 ~52                                  18    66      0.17 sec  T/O =  0  PRV =  2
SBY 17:11:49 [golden_prove_p0] engine_0: 9 : 0 3 2 16 17 37 166 189 169 161 ~52                                  16    76      0.19 sec  T/O =  0  PRV =  2
SBY 17:11:49 [golden_prove_p0] engine_0: 9 : 0 3 2 16 17 37 168 203 195 183 ~52                                  16    76      0.21 sec  T/O =  0  PRV =  2
SBY 17:11:49 [golden_prove_p0] engine_0: 9 : 0 3 2 16 17 37 171 213 213 217 ~52                                  17    86      0.23 sec  T/O =  0  PRV =  2
SBY 17:11:49 [golden_prove_p0] engine_0: 9 : 0 3 2 16 17 37 175 232 236 236 ~52                                  15    86      0.25 sec  T/O =  0  PRV =  2
SBY 17:11:49 [golden_prove_p0] engine_0: 9 : 0 3 2 16 17 37 177 237 253 257 ~52                                  16    94      0.26 sec  T/O =  0  PRV =  2
SBY 17:11:49 [golden_prove_p0] engine_0: Timing out on output 0 in frame 9 (retrying in next anytime pass).
SBY 17:11:49 [golden_prove_p0] engine_0: 9 : 0 3 2 16 17 37 177 237 253 257 ~52                                   0    94      0.26 sec  T/O =  1  PRV =  2
SBY 17:11:49 [golden_prove_p0] engine_0: 10 : 0 3 2 7 12 27 50 18 5 0 375 ~88                                      0    94      0.30 sec  T/O =  1  PRV =  2
SBY 17:11:49 [golden_prove_p0] engine_0: All outputs solved or timed out in frame 10.
SBY 17:11:49 [golden_prove_p0] engine_0: Starting new anytime pass, reusing clauses.
SBY 17:11:49 [golden_prove_p0] engine_0: Frame Clauses                                                     Max Queue Flops Time
SBY 17:11:49 [golden_prove_p0] engine_0: 1 : 0 74 ~462                                                            0     0      0.02 sec  T/O =  0  PRV =  2
SBY 17:11:49 [golden_prove_p0] engine_0: 2 : 0 3 71 ~462                                                          0     0      0.02 sec  T/O =  0  PRV =  2
SBY 17:11:49 [golden_prove_p0] engine_0: 3 : 0 3 2 69 ~462                                                        0     0      0.02 sec  T/O =  0  PRV =  2
SBY 17:11:49 [golden_prove_p0] engine_0: 4 : 0 3 2 7 62 ~462                                                      0     0      0.02 sec  T/O =  0  PRV =  2
SBY 17:11:49 [golden_prove_p0] engine_0: 5 : 0 3 2 7 12 50 ~462                                                   0     0      0.02 sec  T/O =  0  PRV =  2
SBY 17:11:49 [golden_prove_p0] engine_0: 6 : 0 3 2 7 12 25 25 ~462                                                0     0      0.02 sec  T/O =  0  PRV =  2
SBY 17:11:49 [golden_prove_p0] engine_0: 7 : 0 3 2 7 12 25 25 0 ~462                                              0     0      0.02 sec  T/O =  0  PRV =  2
SBY 17:11:49 [golden_prove_p0] engine_0: 8 : 0 3 2 7 12 25 25 16 -16 ~462                                  0     0      0.03 sec  T/O =  0  PRV =  2
SBY 17:11:49 [golden_prove_p0] engine_0: 9 : 0 3 2 7 12 25 26 21 12 -9 ~462                              11    18      0.04 sec  T/O =  0  PRV =  2
SBY 17:11:49 [golden_prove_p0] engine_0: 10 : 0 3 2 7 12 24 20 16 5 4 -11 ~365                              6    21      0.06 sec  T/O =  0  PRV =  2
SBY 17:11:49 [golden_prove_p0] engine_0: Proved output 0 in frame 10.
SBY 17:11:49 [golden_prove_p0] engine_0: 11 : 0 3 2 7 12 24 20 14 0 0 0 -19 ~375                            0    21      0.07 sec  T/O =  0  PRV =  3
SBY 17:11:49 [golden_prove_p0] engine_0: Block =   17  Oblig =  2406  Clause =  1519  Call = 20104 (sat=64.4%)  Cex =   0  Start =  55
SBY 17:11:49 [golden_prove_p0] engine_0: SAT solving =     0.48 sec ( 65.33 %)
SBY 17:11:49 [golden_prove_p0] engine_0: unsat     =     0.09 sec ( 12.69 %)
SBY 17:11:49 [golden_prove_p0] engine_0: sat       =     0.38 sec ( 52.64 %)
SBY 17:11:49 [golden_prove_p0] engine_0: Generalize  =     0.32 sec ( 43.91 %)
SBY 17:11:49 [golden_prove_p0] engine_0: Push clause =     0.16 sec ( 21.41 %)
SBY 17:11:49 [golden_prove_p0] engine_0: Ternary sim =     0.01 sec (  1.57 %)
SBY 17:11:49 [golden_prove_p0] engine_0: Containment =     0.00 sec (  0.31 %)
SBY 17:11:49 [golden_prove_p0] engine_0: CNF compute =     0.02 sec (  2.50 %)
SBY 17:11:49 [golden_prove_p0] engine_0: Refinement  =     0.00 sec (  0.00 %)
SBY 17:11:49 [golden_prove_p0] engine_0: TOTAL       =     0.73 sec (100.00 %)
SBY 17:11:49 [golden_prove_p0] engine_0: Property proved.  Time =     0.73 sec
SBY 17:11:49 [golden_prove_p0] engine_0: Counter-example is not available.
SBY 17:11:49 [golden_prove_p0] engine_0: finished (returncode=0)
SBY 17:11:49 [golden_prove_p0] engine_0: Status returned by engine: PASS
SBY 17:11:49 [golden_prove_p0] summary: Elapsed clock time [H:MM:SS (secs)]: 0:00:00 (0)
SBY 17:11:49 [golden_prove_p0] summary: Elapsed process time [H:MM:SS (secs)]: 0:00:00 (0)
SBY 17:11:49 [golden_prove_p0] summary: engine_0 (abc pdr) returned PASS
SBY 17:11:49 [golden_prove_p0] summary: engine_0 did not produce any traces
SBY 17:11:49 [golden_prove_p0] DONE (PASS, rc=0)
