CTTRACE 1 DEPTH=4 WIDTH=8
0 1 1 1 be d7 1 0
1 0 1 0 a3 d7 0 0
2 0 1 1 83 a3 0 0
3 0 1 1 31 83 0 0
4 0 1 0 6 83 0 0
5 0 1 0 5 83 0 0
6 0 0 0 8e 83 0 0
7 0 0 0 dc 83 0 0
8 0 1 1 4e 31 0 0
9 0 1 0 e3 31 0 1
10 0 1 0 49 31 0 1
11 0 1 0 79 31 0 1
12 0 0 1 7d 6 1 0
13 0 0 1 2d 6 1 0
14 0 0 0 d8 6 1 0
15 0 0 1 f2 6 1 0
16 0 0 0 24 6 1 0
17 0 1 1 a0 6 0 1
18 0 1 1 23 5 1 0
19 0 1 1 d8 5 0 1
20 0 0 1 e6 4e 1 0
21 0 0 1 79 4e 1 0
22 0 0 1 33 4e 1 0
23 0 0 1 e5 4e 1 0
24 0 1 0 b4 4e 0 1
25 0 1 0 c3 4e 0 1
26 0 0 1 dc e3 1 0
27 0 1 0 89 e3 0 1
28 0 1 0 22 e3 0 1
29 0 1 0 4a e3 0 1
30 0 0 1 2f a0 1 0
31 0 0 0 d a0 1 0
32 0 0 0 43 a0 1 0
33 0 1 1 d3 a0 0 1
34 0 1 0 ab a0 0 1
35 1 1 1 fd a0 1 0
36 0 0 1 e a0 1 0
37 0 0 0 c5 a0 1 0
38 0 0 0 69 a0 1 0
39 0 0 1 d a0 1 0
40 0 0 1 62 a0 1 0
41 0 0 1 5f a0 1 0
42 0 0 0 a3 a0 1 0
43 0 0 1 21 a0 1 0
44 0 0 1 da a0 1 0
45 0 0 0 1f a0 1 0
46 0 0 1 40 a0 1 0
47 0 0 1 ac a0 1 0
48 0 1 1 6 a0 0 0
49 0 1 0 da a0 0 0
50 0 0 0 9d a0 0 0
51 0 1 0 a3 a0 0 0
52 0 1 1 cf 6 0 0
53 0 0 1 ad da 0 0
54 0 1 0 97 da 0 0
55 0 1 0 f7 da 0 1
56 0 0 0 be da 0 1
57 0 1 1 55 a3 1 0
58 0 1 0 96 a3 0 1
59 0 1 1 af cf 1 0
60 0 0 1 26 cf 1 0
61 0 1 0 4b cf 0 1
62 0 0 1 ce 97 1 0
63 0 0 1 e3 97 1 0
64 0 0 1 d8 97 1 0
65 0 0 0 de 97 1 0
66 0 1 0 b8 97 0 1
67 0 0 1 55 f7 1 0
68 0 0 0 17 f7 1 0
69 1 0 0 3e f7 1 0
70 0 0 1 18 f7 1 0
71 0 1 0 dc f7 0 0
72 0 1 0 71 f7 0 0
73 0 1 1 23 dc 0 0
74 1 0 0 7e dc 1 0
75 0 1 0 e5 dc 0 0
76 0 1 0 2 dc 0 0
77 0 1 0 2e dc 0 0
78 0 1 0 80 dc 0 1
79 0 1 1 3f e5 1 0
80 0 1 0 d3 e5 0 1
81 0 1 0 7b e5 0 1
82 0 1 0 36 e5 0 1
83 0 1 0 30 e5 0 1
84 0 1 1 7b 2 1 0
85 0 0 1 e5 2 1 0
86 0 1 1 e8 2 0 1
87 0 0 1 e8 2e 1 0
88 0 0 1 57 2e 1 0
89 0 1 1 4e 2e 0 1
90 0 0 1 ef 80 1 0
91 0 1 0 6f 80 0 1
92 0 0 1 5f d3 1 0
93 0 0 1 fa d3 1 0
94 0 1 1 22 d3 0 1
95 0 0 1 b0 e8 1 0
96 0 1 0 2c e8 0 1
97 0 1 0 82 e8 0 1
98 0 1 1 c 4e 1 0
99 0 1 0 b8 4e 0 1
100 0 1 0 c5 4e 0 1
101 0 1 0 2e 4e 0 1
102 0 0 0 92 4e 0 1
103 0 0 0 e3 4e 0 1
104 0 1 0 58 4e 0 1
105 0 1 1 4f 6f 1 0
106 0 1 0 7b 6f 0 1
107 0 1 1 9f 22 1 0
108 0 0 1 f3 22 1 0
109 0 1 1 13 22 0 1
110 0 0 1 1a 2c 1 0
111 0 0 1 38 2c 1 0
112 0 0 0 bd 2c 1 0
113 0 1 1 4c 2c 0 1
114 0 0 1 7 b8 1 0
115 0 0 1 3e b8 1 0
116 0 0 1 a3 b8 1 0
117 0 0 0 2b b8 1 0
118 0 1 1 11 b8 0 1
119 0 0 1 f9 7b 1 0
120 0 1 0 3c 7b 0 1
121 0 0 0 bd 7b 0 1
122 0 1 0 68 7b 0 1
123 0 0 1 98 13 1 0
124 0 1 0 fc 13 0 1
125 0 1 0 e4 13 0 1
126 0 1 1 13 4c 1 0
127 0 1 0 b0 4c 0 1
128 0 1 1 bc 11 1 0
129 0 0 0 8d 11 1 0
130 0 1 1 bf 11 0 1
131 0 1 1 7c 3c 1 0
132 0 1 0 58 3c 0 1
133 0 1 1 fe fc 1 0
134 0 1 1 e2 fc 0 1
135 0 1 1 a1 b0 1 0
136 0 1 0 dd b0 0 1
137 0 0 1 96 bf 1 0
138 0 1 0 c6 bf 0 1
139 0 0 0 8b bf 0 1
140 0 1 1 90 58 1 0
141 0 0 1 d6 58 1 0
142 0 0 1 d6 58 1 0
143 0 0 1 af 58 1 0
144 0 1 1 0 58 0 1
145 0 0 1 90 e2 1 0
146 0 1 1 31 e2 0 1
147 0 1 1 fd dd 1 0
148 0 1 0 4b dd 0 1
149 0 0 0 1 dd 0 1
150 0 1 0 14 dd 0 1
151 0 1 0 86 dd 0 1
152 0 1 0 1e dd 0 1
153 0 1 0 8f dd 0 1
154 0 0 0 27 dd 0 1
155 0 1 0 9d dd 0 1
156 0 0 1 52 c6 1 0
157 0 1 0 94 c6 0 1
158 1 1 0 33 c6 1 0
159 0 1 0 5e c6 0 0
END 160
