CTTRACE 1 DEPTH=4 WIDTH=8
0 1 1 0 ec d7 1 0
1 0 0 0 bb d7 1 0
2 0 1 0 c6 d7 0 0
3 0 1 0 e7 d7 0 0
4 0 1 0 d8 d7 0 0
5 0 1 0 e3 d7 0 1
6 0 1 1 b9 c6 1 0
7 0 1 0 72 c6 0 1
8 0 0 0 81 c6 0 1
9 0 0 0 b1 c6 0 1
10 0 1 1 be e7 1 0
11 0 1 0 83 e7 0 1
12 0 1 0 5f e7 0 1
13 0 1 1 fa d8 1 0
14 0 0 0 1f d8 1 0
15 0 1 1 c d8 0 1
16 0 1 1 9 e3 1 0
17 0 1 1 49 e3 0 1
18 0 0 1 97 72 1 0
19 0 1 1 6f 72 0 1
20 0 1 0 36 72 0 1
21 0 0 1 75 83 1 0
22 0 0 1 94 83 1 0
23 0 1 1 b3 83 0 1
24 0 1 1 4c c 1 0
25 1 1 0 dc c 1 0
26 0 1 1 47 c 0 0
27 0 1 0 4d c 0 0
28 0 1 0 f8 c 0 0
29 0 0 0 4e c 0 0
30 0 1 0 ad c 0 1
31 0 1 0 d7 c 0 1
32 0 0 1 e9 47 1 0
33 0 1 1 68 47 0 1
34 0 1 0 a3 47 0 1
35 0 1 0 4e 47 0 1
36 0 0 1 ea 4d 1 0
37 0 1 0 3a 4d 0 1
38 0 0 1 ce f8 1 0
39 0 0 1 ca f8 1 0
40 0 1 1 28 f8 0 1
41 0 0 0 cd f8 0 1
42 0 1 1 78 ad 1 0
43 0 0 0 71 ad 1 0
44 0 1 0 91 ad 0 1
45 0 0 1 b6 68 1 0
46 0 0 0 21 68 1 0
47 0 1 1 8e 68 0 1
48 0 0 1 fb 3a 1 0
49 0 1 1 ec 3a 0 1
50 0 1 1 6f 28 1 0
51 0 1 1 aa 28 0 1
52 0 0 0 b 28 0 1
53 0 0 0 cc 28 0 1
54 0 1 1 c4 91 1 0
55 0 1 1 30 91 0 1
56 0 0 0 a6 91 0 1
57 0 1 0 d2 91 0 1
58 0 1 1 e4 8e 1 0
59 0 1 1 78 8e 0 1
60 0 0 0 80 8e 0 1
61 0 1 1 1 ec 1 0
62 0 1 1 fe ec 0 1
63 0 0 0 6c ec 0 1
64 0 0 1 12 aa 1 0
65 0 0 1 ff aa 1 0
66 0 1 0 e aa 0 1
67 0 1 1 f3 30 1 0
68 0 1 1 20 30 0 1
69 0 1 0 20 30 0 1
70 0 0 1 14 78 1 0
71 0 0 0 cc 78 1 0
72 0 0 1 92 78 1 0
73 0 0 1 1f 78 1 0
74 0 1 0 b2 78 0 1
75 0 1 0 bd 78 0 1
76 0 1 1 b7 fe 1 0
77 0 1 0 4d fe 0 1
78 0 1 1 36 e 1 0
79 0 1 0 3 e 0 1
80 0 1 0 bf e 0 1
81 0 1 1 b7 20 1 0
82 0 1 0 e1 20 0 1
83 1 1 0 d7 20 1 0
84 0 0 0 0 20 1 0
85 0 0 1 c7 20 1 0
86 0 0 0 82 20 1 0
87 0 1 1 51 20 0 0
88 0 0 1 5e 51 0 0
89 0 0 1 a0 4d 1 0
90 0 0 1 51 4d 1 0
91 0 0 1 6b 4d 1 0
92 0 0 1 67 4d 1 0
93 0 0 1 75 4d 1 0
94 0 0 1 b1 4d 1 0
95 0 0 1 ee 4d 1 0
96 0 1 0 e1 4d 0 1
97 0 0 0 ba 4d 0 1
98 0 0 0 94 4d 0 1
99 0 1 0 d7 4d 0 1
100 0 1 0 8 4d 0 1
101 0 1 0 2 4d 0 1
102 0 1 1 d0 3 1 0
103 0 1 0 f2 3 0 1
104 0 1 0 d2 3 0 1
105 0 1 1 5 e1 1 0
106 0 0 0 e e1 1 0
107 0 0 0 e5 e1 1 0
108 0 0 0 92 e1 1 0
109 0 0 0 d4 e1 1 0
110 0 1 1 58 e1 0 1
111 0 0 0 12 e1 0 1
112 0 0 0 48 e1 0 1
113 0 0 1 30 51 1 0
114 0 1 1 bf 51 0 1
115 0 0 1 0 e1 1 0
116 0 0 1 5 e1 1 0
117 0 0 0 10 e1 1 0
118 0 0 1 94 e1 1 0
119 0 0 1 33 e1 1 0
120 0 1 1 1 e1 0 1
121 0 1 0 c4 e1 0 1
122 0 1 0 9e e1 0 1
123 0 1 1 6e f2 1 0
124 0 0 0 65 f2 1 0
125 0 1 1 41 f2 0 1
126 0 1 0 72 f2 0 1
127 0 1 0 f6 f2 0 1
128 0 0 0 5 f2 0 1
129 0 0 0 0 f2 0 1
130 0 1 0 cd f2 0 1
131 0 1 0 6b f2 0 1
132 0 0 1 37 58 1 0
133 0 0 0 64 58 1 0
134 0 0 1 48 58 1 0
135 0 0 1 15 58 1 0
136 0 1 1 f6 58 0 1
137 0 1 1 a7 bf 1 0
138 0 0 0 c3 bf 1 0
139 0 0 1 7e bf 1 0
140 0 1 1 e4 bf 0 1
141 0 0 1 53 1 1 0
142 0 1 1 e 1 0 1
143 0 0 1 e 41 1 0
144 0 0 1 b1 41 1 0
145 0 0 1 55 41 1 0
146 0 1 0 53 41 0 1
147 0 0 0 ca 41 0 1
148 0 0 1 f0 f6 1 0
149 0 1 0 aa f6 0 1
150 0 1 0 b8 f6 0 1
151 0 1 0 48 f6 0 1
152 0 1 0 af f6 0 1
153 1 0 0 f3 f6 1 0
154 0 1 0 19 f6 0 0
155 0 1 1 3d 19 0 0
156 0 0 1 1a 3d 0 0
157 0 1 0 f2 3d 0 0
158 0 0 0 6f 3d 0 0
159 0 0 1 53 f2 0 0
END 160
