CTTRACE 1 DEPTH=4 WIDTH=8
0 1 0 0 c7 d7 1 0
1 0 1 1 a9 d7 0 0
2 0 0 1 59 a9 0 0
3 0 0 0 5a a9 0 0
4 0 1 1 f4 cc 0 0
5 0 1 0 22 cc 0 0
6 0 1 0 c8 cc 0 0
7 0 1 1 d0 22 0 0
8 0 1 0 97 22 0 0
9 0 1 0 67 22 0 1
10 0 1 0 f5 22 0 1
11 0 0 0 2 22 0 1
12 0 0 1 2d c8 1 0
13 0 0 0 34 c8 1 0
14 0 0 1 67 c8 1 0
15 0 1 1 4a c8 0 1
16 0 0 1 3e d0 1 0
17 0 0 1 84 d0 1 0
18 0 0 1 93 d0 1 0
19 0 1 0 b d0 0 1
20 0 0 1 e3 97 1 0
21 1 0 1 41 97 1 0
22 0 1 0 82 97 0 0
23 0 0 1 4d 82 0 0
24 0 1 1 8a 97 0 0
25 0 1 1 75 67 0 0
26 0 1 0 29 67 0 0
27 0 1 0 74 67 0 0
28 0 1 0 fb 67 0 0
29 0 1 1 23 29 0 0
30 0 0 0 83 29 0 0
31 0 1 0 95 29 0 1
32 1 1 0 4 29 1 0
33 0 0 0 c6 29 1 0
34 0 1 1 7f 29 0 0
35 0 1 0 46 29 0 0
36 0 0 0 51 29 0 0
37 0 0 1 f3 7f 0 0
38 0 0 1 aa 46 0 0
39 0 1 1 8e 23 0 0
40 0 0 1 0 95 1 0
41 0 1 1 94 95 0 1
42 0 0 0 d6 95 0 1
43 0 0 1 97 7f 1 0
44 0 1 1 ce 7f 0 1
45 0 1 1 cc 46 1 0
46 0 0 1 c9 46 1 0
47 0 0 1 fa 46 1 0
48 0 1 1 87 46 0 1
49 0 0 1 65 8e 1 0
50 0 1 0 54 8e 0 1
51 0 0 0 dc 8e 0 1
52 0 1 0 9 8e 0 1
53 0 1 0 c7 8e 0 1
54 0 1 1 b9 94 1 0
55 0 0 0 a8 94 1 0
56 0 1 1 e0 94 0 1
57 0 1 0 54 94 0 1
58 0 1 1 f4 ce 1 0
59 0 1 0 3b ce 0 1
60 0 1 1 25 87 1 0
61 0 0 1 c5 87 1 0
62 0 1 1 29 87 0 1
63 0 0 1 3c 54 1 0
64 0 0 0 b0 54 1 0
65 0 1 1 57 54 0 1
66 0 0 1 28 e0 1 0
67 0 1 1 24 e0 0 1
68 0 0 0 3c e0 0 1
69 0 0 1 b1 3b 1 0
70 0 0 0 c 3b 1 0
71 0 1 1 5e 3b 0 1
72 0 1 1 10 29 1 0
73 0 1 1 bf 29 0 1
74 0 1 0 7f 29 0 1
75 1 1 1 f 29 1 0
76 0 1 0 7 29 0 0
77 0 1 0 c0 29 0 0
78 0 1 0 b3 29 0 0
79 0 1 1 6d 7 0 0
80 0 1 0 d6 7 0 1
81 0 1 0 e6 7 0 1
82 0 1 0 bc 7 0 1
83 0 1 1 61 c0 1 0
84 0 0 1 81 c0 1 0
85 0 0 1 22 c0 1 0
86 0 1 1 6f c0 0 1
87 0 0 1 1b b3 1 0
88 0 1 0 44 b3 0 1
89 0 0 1 53 6d 1 0
90 0 0 1 67 6d 1 0
91 0 1 0 53 6d 0 1
92 0 0 1 fe d6 1 0
93 0 0 1 54 d6 1 0
94 0 1 1 b8 d6 0 1
95 0 1 1 1f 6f 1 0
96 0 0 0 b1 6f 1 0
97 1 1 1 8 6f 1 0
98 0 1 0 fb 6f 0 0
99 0 0 1 38 fb 0 0
100 0 1 1 15 6f 0 0
101 0 1 1 5 44 0 0
102 0 1 0 a2 44 0 0
103 0 1 1 75 a2 0 0
104 0 1 0 38 a2 0 0
105 0 0 0 e2 a2 0 0
106 0 0 1 a4 75 0 0
107 0 0 0 c 75 0 0
108 0 1 1 a1 38 0 0
109 0 0 0 10 38 0 0
110 0 1 1 20 a1 0 0
111 0 1 1 da 20 0 0
112 0 1 1 5b da 0 0
113 0 1 1 f0 5b 0 0
114 0 0 1 60 f0 0 0
115 0 1 1 85 20 0 0
116 0 1 1 64 da 0 0
117 0 1 0 e da 0 0
118 0 0 1 94 e 0 0
119 0 1 0 b9 e 0 0
120 0 1 0 6d e 0 0
121 0 0 0 67 e 0 0
122 0 1 1 c b9 0 0
123 0 1 0 41 b9 0 0
124 0 1 0 7a b9 0 1
125 0 1 1 80 6d 1 0
126 0 0 0 19 6d 1 0
127 0 0 1 a 6d 1 0
128 0 0 1 d4 6d 1 0
129 0 0 1 e8 6d 1 0
130 0 1 0 22 6d 0 1
131 0 1 0 15 6d 0 1
132 0 0 1 fe c 1 0
133 0 1 1 b9 c 0 1
134 0 0 0 f8 c 0 1
135 0 0 1 30 41 1 0
136 0 0 1 a1 41 1 0
137 0 0 1 bb 41 1 0
138 0 0 0 c3 41 1 0
139 0 1 1 72 41 0 1
140 0 0 1 fa 7a 1 0
141 0 0 0 c4 7a 1 0
142 0 0 1 e9 7a 1 0
143 0 0 1 3e 7a 1 0
144 0 1 0 76 7a 0 1
145 0 1 1 2e 22 1 0
146 0 1 0 d6 22 0 1
147 0 1 0 90 22 0 1
148 0 1 1 18 b9 1 0
149 0 0 0 3b b9 1 0
150 0 0 0 e6 b9 1 0
151 0 1 0 70 b9 0 1
152 0 1 0 8 b9 0 1
153 0 1 0 31 b9 0 1
154 0 1 0 fd b9 0 1
155 0 1 1 86 72 1 0
156 0 1 0 af 72 0 1
157 0 0 0 54 72 0 1
158 0 1 0 78 72 0 1
159 0 1 1 46 76 1 0
END 160
