CTTRACE 1 DEPTH=4 WIDTH=8
0 1 1 0 f d7 1 0
1 0 0 1 e1 d7 1 0
2 0 1 1 6f d7 0 0
3 0 1 1 4 6f 0 0
4 0 0 0 5e 6f 0 0
5 0 1 0 63 6f 0 0
6 0 1 0 34 6f 0 0
7 0 1 0 f8 6f 0 1
8 0 1 0 42 6f 0 1
9 0 0 0 6f 6f 0 1
10 0 1 1 9 4 1 0
11 0 0 0 34 4 1 0
12 0 0 1 61 4 1 0
13 0 1 1 10 4 0 1
14 0 0 1 d9 63 1 0
15 0 1 1 b4 63 0 1
16 0 0 1 cf 34 1 0
17 0 0 0 1f 34 1 0
18 0 0 0 73 34 1 0
19 0 0 1 bb 34 1 0
20 0 1 1 d 34 0 1
21 0 0 1 26 f8 1 0
22 0 0 1 8e f8 1 0
23 0 1 1 58 f8 0 1
24 0 1 1 5d 10 1 0
25 0 1 0 9c 10 0 1
26 0 1 0 de 10 0 1
27 0 1 0 f4 10 0 1
28 0 1 1 67 b4 1 0
29 0 1 1 bf b4 0 1
30 0 1 1 d5 d 1 0
31 0 0 0 e4 d 1 0
32 0 1 0 61 d 0 1
33 0 1 1 32 58 1 0
34 0 1 1 50 58 0 1
35 0 1 0 8e 58 0 1
36 0 0 1 48 9c 1 0
37 0 0 1 cf 9c 1 0
38 0 0 1 e8 9c 1 0
39 0 0 0 d8 9c 1 0
40 0 1 0 a3 9c 0 1
41 0 1 1 34 bf 1 0
42 0 0 1 98 bf 1 0
43 0 0 1 21 bf 1 0
44 0 0 1 f6 bf 1 0
45 0 0 1 d0 bf 1 0
46 0 1 0 f0 bf 0 1
47 0 0 1 75 61 1 0
48 0 1 1 f3 61 0 1
49 0 1 0 21 61 0 1
50 0 1 0 64 61 0 1
51 0 1 1 b3 50 1 0
52 0 0 0 ab 50 1 0
53 0 0 0 ac 50 1 0
54 0 1 1 3e 50 0 1
55 0 1 1 36 a3 1 0
56 0 1 0 23 a3 0 1
57 0 1 0 fd a3 0 1
58 0 1 0 87 a3 0 1
59 0 0 1 17 f0 1 0
60 0 0 1 99 f0 1 0
61 0 0 1 3e f0 1 0
62 0 0 0 6f f0 1 0
63 0 0 0 7b f0 1 0
64 0 1 1 19 f0 0 1
65 0 0 1 c3 f3 1 0
66 0 0 1 e5 f3 1 0
67 0 0 1 51 f3 1 0
68 0 0 1 96 f3 1 0
69 0 1 0 37 f3 0 1
70 0 0 1 e2 3e 1 0
71 0 0 1 f6 3e 1 0
72 0 1 0 4a 3e 0 1
73 0 0 0 35 3e 0 1
74 0 0 0 b3 3e 0 1
75 0 1 1 a0 23 1 0
76 0 1 0 a0 23 0 1
77 0 1 1 2a 19 1 0
78 0 1 1 c9 19 0 1
79 0 1 1 e6 37 1 0
80 0 1 0 8f 37 0 1
81 0 1 0 16 37 0 1
82 0 1 0 da 37 0 1
83 0 0 0 ae 37 0 1
84 0 1 1 8d 4a 1 0
85 1 0 1 52 4a 1 0
86 0 0 0 d9 4a 1 0
87 0 0 1 de 4a 1 0
88 0 1 1 ff 4a 0 0
89 0 0 1 6d ff 0 0
90 0 0 1 6c a0 1 0
91 0 0 0 1a a0 1 0
92 0 1 1 11 a0 0 1
93 0 1 1 ad c9 1 0
94 0 0 0 98 c9 1 0
95 0 0 0 1b c9 1 0
96 0 0 1 1b c9 1 0
97 0 0 0 d9 c9 1 0
98 0 0 0 ba c9 1 0
99 0 1 0 c9 c9 0 1
100 0 1 0 a2 c9 0 1
101 0 1 0 6e c9 0 1
102 0 1 0 58 c9 0 1
103 0 1 0 b6 c9 0 1
104 0 0 0 9a c9 0 1
105 0 1 0 aa c9 0 1
106 0 1 1 21 8f 1 0
107 0 1 0 4 8f 0 1
108 0 0 1 75 ff 1 0
109 0 0 1 6b ff 1 0
110 0 0 1 a5 ff 1 0
111 0 1 1 42 ff 0 1
112 0 0 1 80 11 1 0
113 0 0 1 c7 11 1 0
114 0 1 1 ef 11 0 1
115 0 1 1 62 c9 1 0
116 0 1 1 3a c9 0 1
117 0 0 0 6c c9 0 1
118 0 1 1 e 4 1 0
119 0 0 1 82 4 1 0
120 0 1 0 80 4 0 1
121 0 1 1 b2 42 1 0
122 0 1 0 35 42 0 1
123 0 1 0 db 42 0 1
124 0 1 0 18 42 0 1
125 0 0 0 e2 42 0 1
126 0 0 0 c3 42 0 1
127 0 1 1 32 ef 1 0
128 0 1 0 e6 ef 0 1
129 0 1 0 b9 ef 0 1
130 0 1 0 b9 ef 0 1
131 0 1 0 ed ef 0 1
132 0 0 1 8c 3a 1 0
133 0 0 1 3 3a 1 0
134 0 1 1 c3 3a 0 1
135 0 0 1 a9 80 1 0
136 0 1 1 78 80 0 1
137 0 1 1 7a 35 1 0
138 0 0 1 7d 35 1 0
139 0 1 1 65 35 0 1
140 1 1 0 b4 35 1 0
141 0 0 1 f4 35 1 0
142 0 1 1 b 35 0 0
143 0 0 0 66 35 0 0
144 1 1 0 75 35 1 0
145 0 1 1 39 35 0 0
146 0 1 0 b5 35 0 0
147 0 1 0 28 35 0 0
148 0 1 1 90 39 0 0
149 0 0 0 3 39 0 0
150 0 0 0 9 39 0 0
151 0 1 1 7e b5 0 0
152 0 1 0 79 b5 0 1
153 0 1 0 9b b5 0 1
154 0 1 0 ec b5 0 1
155 0 1 0 98 b5 0 1
156 0 0 1 90 28 1 0
157 0 0 0 51 28 1 0
158 0 1 1 7f 28 0 1
159 0 0 1 95 90 1 0
END 160
