CTTRACE 1 DEPTH=4 WIDTH=8
0 1 0 1 c1 d7 1 0
1 0 1 0 92 d7 0 0
2 0 1 0 b2 d7 0 0
3 0 1 0 3f d7 0 0
4 0 1 1 2b 92 0 0
5 0 1 0 27 92 0 1
6 0 1 0 3 92 0 1
7 0 1 0 c0 92 0 1
8 0 1 0 94 92 0 1
9 0 1 0 a4 92 0 1
10 0 1 0 cc 92 0 1
11 0 1 0 ac 92 0 1
12 0 1 1 23 b2 1 0
13 0 0 0 b5 b2 1 0
14 0 1 0 7c b2 0 1
15 0 0 0 5 b2 0 1
16 0 0 1 f2 3f 1 0
17 0 0 1 33 3f 1 0
18 0 0 0 82 3f 1 0
19 0 0 0 be 3f 1 0
20 0 0 0 8c 3f 1 0
21 0 0 1 56 3f 1 0
22 0 1 1 15 3f 0 1
23 0 0 1 69 2b 1 0
24 0 1 1 73 2b 0 1
25 0 0 1 23 27 1 0
26 1 0 0 b7 27 1 0
27 0 1 0 ba 27 0 0
28 0 0 0 a3 27 0 0
29 0 0 1 dd ba 0 0
30 0 1 0 cf ba 0 0
31 0 1 0 e2 ba 0 0
32 0 1 1 dc cf 0 0
33 0 0 0 ea cf 0 0
34 0 1 0 c1 cf 0 0
35 0 1 0 11 cf 0 1
36 0 0 0 ce cf 0 1
37 0 0 1 18 e2 1 0
38 0 1 0 23 e2 0 1
39 0 0 1 26 dc 1 0
40 0 1 0 8d dc 0 1
41 0 0 1 a0 c1 1 0
42 0 1 1 bf c1 0 1
43 1 0 0 12 c1 1 0
44 0 0 1 d8 c1 1 0
45 0 1 0 37 c1 0 0
46 0 0 1 c 37 0 0
47 0 0 1 e2 11 1 0
48 0 1 0 85 11 0 1
49 0 1 1 28 23 1 0
50 0 1 1 8f 23 0 1
51 0 1 0 91 23 0 1
52 0 1 1 1c 8d 1 0
53 0 1 1 6c 8d 0 1
54 0 1 0 43 8d 0 1
55 0 0 0 c8 8d 0 1
56 0 1 0 15 8d 0 1
57 0 0 1 e5 37 1 0
58 0 1 1 18 37 0 1
59 0 1 0 6e 37 0 1
60 0 0 0 33 37 0 1
61 0 0 1 f6 85 1 0
62 0 1 1 7f 85 0 1
63 0 0 0 71 85 0 1
64 0 0 1 77 8f 1 0
65 0 0 0 db 8f 1 0
66 0 0 1 aa 8f 1 0
67 0 1 1 69 8f 0 1
68 1 0 1 37 8f 1 0
69 0 0 1 69 8f 1 0
70 0 1 1 5 8f 0 0
71 0 0 1 85 5 0 0
72 0 1 1 b8 7f 0 0
73 0 1 0 c 7f 0 0
74 0 1 1 17 c 0 0
75 0 0 1 70 17 0 0
76 0 1 0 d5 17 0 0
77 0 1 0 ed 17 0 0
78 0 1 0 6e 17 0 0
79 0 1 0 67 17 0 1
80 0 1 0 fd 17 0 1
81 0 1 0 90 17 0 1
82 0 1 0 d8 17 0 1
83 0 1 0 37 17 0 1
84 0 1 1 36 d5 1 0
85 0 0 1 fd d5 1 0
86 0 0 0 67 d5 1 0
87 0 0 1 2e d5 1 0
88 1 0 1 5a d5 1 0
89 0 0 1 7b d5 1 0
90 0 0 1 1e d5 1 0
91 0 0 1 5 d5 1 0
92 0 1 1 42 d5 0 0
93 0 1 1 48 42 0 0
94 0 1 1 be 48 0 0
95 0 0 1 b9 be 0 0
96 0 1 1 fd 67 0 0
97 0 1 0 a8 67 0 0
98 0 1 0 96 67 0 0
99 0 1 0 b9 67 0 0
100 0 0 1 a0 a8 0 0
101 0 1 0 7a a8 0 0
102 0 1 0 73 a8 0 1
103 0 0 0 f2 a8 0 1
104 0 1 1 56 96 1 0
105 0 1 0 e2 96 0 1
106 0 1 1 56 b9 1 0
107 0 1 0 d0 b9 0 1
108 0 1 1 91 7a 1 0
109 0 0 1 3b 7a 1 0
110 0 0 1 a 7a 1 0
111 0 0 1 1 7a 1 0
112 0 1 0 38 7a 0 1
113 0 0 0 58 7a 0 1
114 0 1 1 77 73 1 0
115 0 0 0 16 73 1 0
116 0 1 0 d7 73 0 1
117 0 1 0 df 73 0 1
118 0 0 1 ae e2 1 0
119 0 0 1 b5 e2 1 0
120 0 1 1 c6 e2 0 1
121 0 0 1 4 d0 1 0
122 0 1 0 c9 d0 0 1
123 0 1 0 f6 d0 0 1
124 0 0 1 ad 38 1 0
125 0 0 1 18 38 1 0
126 0 1 0 26 38 0 1
127 0 1 0 7d 38 0 1
128 0 1 0 e9 38 0 1
129 0 1 0 a3 38 0 1
130 0 0 0 2 38 0 1
131 0 0 1 94 d7 1 0
132 0 1 1 75 d7 0 1
133 0 0 0 66 d7 0 1
134 0 0 1 3b c6 1 0
135 0 0 1 f6 c6 1 0
136 0 0 1 82 c6 1 0
137 0 0 1 12 c6 1 0
138 0 1 1 e9 c6 0 1
139 0 1 1 a2 c9 1 0
140 0 1 1 ca c9 0 1
141 0 1 0 6f c9 0 1
142 0 1 1 fd 26 1 0
143 0 1 0 90 26 0 1
144 0 1 1 47 75 1 0
145 0 0 0 36 75 1 0
146 0 1 0 43 75 0 1
147 0 1 0 9c 75 0 1
148 0 1 0 f5 75 0 1
149 0 1 0 59 75 0 1
150 0 1 0 db 75 0 1
151 0 1 1 62 e9 1 0
152 0 1 1 64 e9 0 1
153 0 1 1 ef ca 1 0
154 0 1 1 fc ca 0 1
155 0 1 0 97 ca 0 1
156 0 0 1 a4 90 1 0
157 0 1 1 a1 90 0 1
158 0 0 1 6c 43 1 0
159 0 0 1 f8 43 1 0
END 160
