CTTRACE 1 DEPTH=4 WIDTH=8
0 1 1 1 25 d7 1 0
1 0 0 1 12 d7 1 0
2 0 0 1 7b d7 1 0
3 0 1 0 48 d7 0 0
4 0 1 0 5a d7 0 0
5 0 1 1 df 48 0 0
6 0 1 1 33 5a 0 0
7 0 1 0 65 5a 0 0
8 0 1 1 71 df 0 0
9 0 1 1 9d 33 0 0
10 0 1 1 c0 65 0 0
11 0 1 0 33 65 0 1
12 0 0 1 36 71 1 0
13 0 0 1 1e 71 1 0
14 0 0 1 d8 71 1 0
15 0 0 0 aa 71 1 0
16 0 1 1 b 71 0 1
17 0 1 0 31 71 0 1
18 0 1 0 ba 71 0 1
19 0 0 0 8d 71 0 1
20 0 0 1 b9 9d 1 0
21 0 0 1 d2 9d 1 0
22 0 1 1 e 9d 0 1
23 0 0 1 93 c0 1 0
24 0 1 1 c4 c0 0 1
25 0 0 1 df 33 1 0
26 0 1 1 1 33 0 1
27 0 1 0 7a 33 0 1
28 0 1 0 58 33 0 1
29 0 1 1 a b 1 0
30 0 0 0 66 b 1 0
31 0 1 0 49 b 0 1
32 0 1 1 77 e 1 0
33 1 1 1 14 e 1 0
34 0 1 0 44 e 0 0
35 0 1 0 4 e 0 0
36 0 0 1 ae 44 0 0
37 0 0 1 5f 4 0 0
38 0 0 0 26 4 0 0
39 0 0 1 e2 e 1 0
40 0 0 1 16 e 1 0
41 0 1 1 12 e 0 1
42 0 0 1 fb c4 1 0
43 0 0 1 64 c4 1 0
44 0 0 1 bb c4 1 0
45 0 0 1 1f c4 1 0
46 0 1 0 37 c4 0 1
47 0 1 0 2d c4 0 1
48 0 0 0 af c4 0 1
49 0 1 0 e0 c4 0 1
50 0 1 0 40 c4 0 1
51 0 1 0 7f c4 0 1
52 0 1 1 72 44 1 0
53 0 0 0 e6 44 1 0
54 0 1 0 d3 44 0 1
55 0 1 0 f2 44 0 1
56 0 0 0 e5 44 0 1
57 0 1 0 ef 44 0 1
58 0 1 0 98 44 0 1
59 0 1 0 34 44 0 1
60 0 1 1 b3 4 1 0
61 0 0 1 ce 4 1 0
62 0 0 0 0 4 1 0
63 0 0 1 3e 4 1 0
64 0 0 1 8a 4 1 0
65 0 0 1 5b 4 1 0
66 0 0 1 c4 4 1 0
67 0 0 1 f9 4 1 0
68 0 1 1 39 4 0 1
69 0 0 1 a5 12 1 0
70 0 1 1 d9 12 0 1
71 0 0 0 b2 12 0 1
72 0 1 0 88 12 0 1
73 0 1 1 3c 37 1 0
74 0 1 1 97 37 0 1
75 0 1 0 13 37 0 1
76 0 1 0 31 37 0 1
77 0 1 0 40 37 0 1
78 0 0 0 63 37 0 1
79 0 0 0 68 37 0 1
80 0 1 1 1c d3 1 0
81 0 1 0 74 d3 0 1
82 1 1 1 1d d3 1 0
83 0 1 0 0 d3 0 0
84 0 0 1 db 0 0 0
85 0 0 1 b2 39 1 0
86 0 0 1 86 39 1 0
87 0 1 1 46 39 0 1
88 0 0 1 50 d9 1 0
89 0 1 1 99 d9 0 1
90 0 0 1 59 97 1 0
91 0 0 1 36 97 1 0
92 0 0 1 af 97 1 0
93 0 1 1 c9 97 0 1
94 0 1 1 18 0 1 0
95 0 1 1 4e 0 0 1
96 0 0 1 c8 46 1 0
97 0 1 0 ca 46 0 1
98 0 1 1 d6 99 1 0
99 0 1 0 ed 99 0 1
100 0 1 0 c3 99 0 1
101 0 1 0 51 99 0 1
102 0 0 0 f6 99 0 1
103 0 1 1 c7 c9 1 0
104 0 1 1 22 c9 0 1
105 0 1 0 cd c9 0 1
106 0 1 1 e4 4e 1 0
107 0 1 0 87 4e 0 1
108 0 0 1 80 ca 1 0
109 0 0 1 4f ca 1 0
110 0 0 1 fb ca 1 0
111 0 0 1 db ca 1 0
112 0 0 1 3d ca 1 0
113 0 0 1 3b ca 1 0
114 0 0 1 a2 ca 1 0
115 0 0 1 ce ca 1 0
116 0 0 0 72 ca 1 0
117 0 0 0 ab ca 1 0
118 0 0 1 e2 ca 1 0
119 0 0 1 d8 ca 1 0
120 0 1 0 2a ca 0 1
121 0 1 1 49 ed 1 0
122 0 1 1 75 ed 0 1
123 0 1 1 cf 22 1 0
124 0 1 0 49 22 0 1
125 0 1 0 5a 22 0 1
126 0 1 1 84 87 1 0
127 0 1 0 d8 87 0 1
128 0 1 0 e5 87 0 1
129 0 1 1 ad 2a 1 0
130 0 1 0 5d 2a 0 1
131 0 0 1 81 75 1 0
132 0 1 0 af 75 0 1
133 0 0 1 d0 49 1 0
134 0 0 0 64 49 1 0
135 0 1 1 33 49 0 1
136 0 0 1 4d d8 1 0
137 0 1 0 e7 d8 0 1
138 0 1 1 eb 5d 1 0
139 0 0 0 88 5d 1 0
140 0 0 0 9a 5d 1 0
141 0 0 1 84 5d 1 0
142 0 0 1 7d 5d 1 0
143 0 0 1 c3 5d 1 0
144 0 1 1 94 5d 0 1
145 0 1 1 cb af 1 0
146 0 1 0 70 af 0 1
147 0 1 1 a0 33 1 0
148 0 0 1 ad 33 1 0
149 0 1 1 e2 33 0 1
150 0 1 0 94 33 0 1
151 0 0 0 7c 33 0 1
152 0 1 0 95 33 0 1
153 0 1 1 d5 e7 1 0
154 0 0 0 5b e7 1 0
155 0 0 0 c0 e7 1 0
156 0 0 1 26 e7 1 0
157 0 0 1 4e e7 1 0
158 0 1 1 c3 e7 0 1
159 0 0 0 8c e7 0 1
END 160
