CTTRACE 1 DEPTH=4 WIDTH=8
0 1 0 0 e d7 1 0
1 0 0 1 a d7 0 0
2 0 1 0 7 d7 0 0
3 0 1 0 7e d7 0 0
4 0 1 0 15 d7 0 0
5 0 1 1 7a 7 0 0
6 0 0 0 93 7 0 1
7 0 0 0 46 7 0 1
8 0 1 0 5 7 0 1
9 0 1 0 ad 7 0 1
10 0 0 1 c6 7e 0 0
11 1 1 0 90 7e 1 0
12 0 0 1 ce 7e 0 0
13 0 0 1 90 7 0 0
14 0 0 0 a1 7 0 1
15 0 0 1 36 7e 0 0
16 0 0 0 b4 7e 0 0
17 0 0 0 70 7e 0 0
18 0 0 1 cc 15 0 0
19 0 0 1 d8 7a 1 0
20 0 0 1 e5 7a 0 0
21 0 0 1 d7 7 0 0
22 0 0 1 af 7e 0 0
23 0 0 1 b5 15 0 0
24 0 0 0 41 15 1 0
25 0 1 1 1a 15 0 0
26 0 1 0 eb 15 0 0
27 0 0 0 3a 15 0 1
28 0 1 1 de 7a 0 0
29 0 1 0 9b 7a 0 0
30 0 0 1 1f 1a 0 0
31 0 1 0 47 1a 0 0
32 0 1 1 19 eb 0 0
33 0 1 0 29 eb 0 1
34 0 1 1 a8 9b 0 0
35 0 1 1 ad 47 0 0
36 0 1 0 cd 47 0 1
37 0 1 0 2b 47 0 0
38 0 0 0 40 47 0 0
39 0 0 1 b 19 0 0
40 0 0 1 8d 29 0 0
41 0 1 1 e1 ad 0 0
42 0 1 0 46 ad 0 0
43 0 0 0 84 ad 0 1
44 0 0 1 3f cd 0 0
45 0 1 1 e6 e1 0 0
46 0 0 1 7b 46 0 0
47 0 0 1 c3 e6 1 0
48 0 1 0 bd e6 0 0
49 0 0 0 79 e6 1 0
50 0 0 0 e3 e6 1 0
51 0 1 1 63 e6 0 0
52 0 1 0 38 e6 0 0
53 0 1 0 49 e6 0 1
54 0 1 0 5a e6 0 0
55 0 1 0 e8 e6 0 0
56 0 0 0 2b e6 1 0
57 0 0 0 56 e6 1 0
58 0 1 0 69 e6 0 0
59 0 1 1 be e8 0 0
60 0 1 1 f2 69 0 0
61 0 1 1 24 be 0 0
62 0 0 1 78 f2 0 0
63 0 0 0 f7 f2 1 0
64 0 1 1 7f f2 0 0
65 0 1 1 50 24 0 0
66 0 0 1 c6 7f 0 0
67 0 1 1 11 50 0 0
68 0 1 1 51 11 0 0
69 0 0 0 17 11 1 0
70 0 1 1 57 11 0 0
71 0 0 1 b5 51 0 0
72 0 1 0 34 51 0 0
73 0 1 1 4a 57 0 0
74 0 1 1 91 34 0 0
75 0 1 1 2e 4a 0 0
76 0 1 0 cd 4a 0 0
77 0 1 0 31 4a 0 1
78 0 0 0 61 4a 0 0
79 0 0 1 e 91 0 0
80 0 0 0 c8 91 0 1
81 0 0 1 ba 2e 0 0
82 0 0 1 42 cd 0 0
83 0 1 0 7c cd 0 0
84 0 0 0 57 cd 0 0
85 0 0 0 96 cd 0 0
86 0 1 1 f0 31 0 0
87 0 0 1 55 7c 0 0
88 1 0 1 5b 7c 1 0
89 0 0 1 c9 7c 0 0
90 0 0 0 b2 7c 0 0
91 0 0 1 60 f0 0 0
92 0 0 1 99 cd 0 0
93 0 0 1 89 31 0 0
94 0 1 1 f2 7c 0 0
95 0 0 1 8c f2 1 0
96 0 0 0 79 f2 0 0
97 0 1 1 3c cd 1 1
98 0 0 0 e4 cd 0 0
99 0 0 0 c9 cd 0 0
100 0 1 1 3f 31 1 1
101 0 1 1 40 31 0 0
102 0 1 1 c1 7c 1 1
103 0 1 1 c9 7c 0 0
104 0 0 1 1a f2 0 0
105 0 1 0 9 f2 0 1
106 0 1 0 44 f2 0 0
107 0 1 1 a9 3c 1 1
108 0 0 0 22 3c 0 0
109 0 0 1 dc 3f 0 0
110 0 1 1 6e c1 0 0
111 0 0 0 48 c1 0 1
112 0 1 1 12 9 0 0
113 0 0 1 4b a9 0 0
114 0 0 1 bb 6e 1 0
115 0 0 1 ec 6e 0 0
116 0 1 1 b6 c1 1 1
117 0 1 1 27 c1 0 0
118 0 1 1 89 9 1 1
119 0 0 0 e0 9 0 0
120 0 1 1 59 a9 1 1
121 0 1 0 c3 a9 0 0
122 0 1 0 c9 a9 0 0
123 0 1 0 fe a9 0 0
124 0 1 0 17 a9 0 0
125 0 1 0 96 a9 0 1
126 0 1 0 39 a9 0 0
127 0 1 1 4d c9 1 1
128 0 0 1 2f c9 0 0
129 0 1 0 e9 c9 0 0
130 0 0 0 a5 c9 1 0
131 0 1 1 77 c9 0 0
132 0 0 0 b c9 0 0
133 0 0 1 b4 e9 0 0
134 0 1 1 18 77 0 0
135 1 1 1 c4 77 1 0
136 0 1 1 a7 77 0 0
137 0 1 1 c2 a7 0 0
138 0 0 1 23 c2 1 0
139 0 1 0 c7 c2 0 0
140 0 0 1 f4 c7 1 0
141 0 0 1 18 c7 0 0
142 0 0 0 ff c7 0 0
143 0 1 1 5a e9 1 1
144 0 1 0 16 e9 0 0
145 0 1 0 5e e9 0 0
146 0 1 0 31 e9 0 0
147 0 0 1 42 5e 0 0
148 0 1 0 9f 5e 0 0
149 0 1 1 2 31 0 0
150 0 1 0 fb 31 0 0
151 0 1 1 a8 9f 0 0
152 0 0 1 ba 2 0 0
153 0 0 0 e4 2 0 0
154 0 1 0 92 2 0 0
155 0 1 1 c4 fb 0 0
156 0 0 1 33 a8 0 0
157 0 0 1 8a 92 0 0
158 0 1 1 c3 c4 0 0
159 0 0 1 6 c3 1 0
END 160
