CTTRACE 1 DEPTH=4 WIDTH=8
0 1 1 0 f d7 1 0
1 0 0 1 e1 d7 0 0
2 0 1 1 6f cc 1 1
3 0 1 1 4 cc 0 0
4 0 0 0 5e cc 0 0
5 0 1 0 63 cc 0 0
6 0 1 0 34 cc 0 0
7 0 1 0 f8 cc 0 0
8 0 1 0 42 cc 0 1
9 0 0 0 6f cc 0 0
10 0 1 1 9 63 1 1
11 0 0 0 34 63 0 0
12 0 0 1 61 34 0 0
13 0 1 1 10 f8 0 0
14 0 0 1 d9 42 0 0
15 0 1 1 b4 9 0 0
16 0 0 1 cf 10 0 0
17 0 0 0 1f 10 1 0
18 0 0 0 73 10 1 0
19 0 0 1 bb 10 1 0
20 0 1 1 d 10 0 0
21 0 0 1 26 b4 0 0
22 0 0 1 8e d 1 0
23 0 1 1 58 d 0 0
24 0 1 1 5d 58 0 0
25 0 1 0 9c 58 0 0
26 0 1 0 de 58 0 0
27 0 1 0 f4 58 0 1
28 0 1 1 67 5d 0 0
29 0 1 1 bf 9c 0 0
30 0 1 1 d5 de 0 0
31 0 0 0 e4 de 0 1
32 0 1 0 61 de 0 1
33 0 1 1 32 f4 0 0
34 0 1 1 50 bf 0 0
35 0 1 0 8e bf 0 0
36 0 0 1 48 d5 0 0
37 0 0 1 cf 50 0 0
38 0 0 1 e8 8e 1 0
39 0 0 0 d8 8e 0 0
40 0 1 0 a3 8e 0 0
41 0 1 1 34 a3 0 0
42 0 0 1 98 34 1 0
43 0 0 1 21 34 0 0
44 0 0 1 f6 50 0 0
45 0 0 1 d0 8e 0 0
46 0 1 0 f0 8e 0 0
47 0 0 1 75 a3 0 0
48 0 1 1 f3 34 0 0
49 0 1 0 21 34 0 0
50 0 1 0 64 34 0 1
51 0 1 1 b3 f0 0 0
52 0 0 0 ab f0 0 1
53 0 0 0 ac f0 0 1
54 0 1 1 3e f3 0 0
55 0 1 1 36 21 0 0
56 0 1 0 23 21 0 0
57 0 1 0 fd 21 0 1
58 0 1 0 87 21 0 0
59 0 0 1 17 64 0 0
60 0 0 1 99 36 0 0
61 0 0 1 3e 23 0 0
62 0 0 0 6f 23 1 0
63 0 0 0 7b 23 1 0
64 0 1 1 19 23 0 0
65 0 0 1 c3 fd 0 0
66 0 0 1 e5 19 1 0
67 0 0 1 51 19 0 0
68 0 0 1 96 36 0 0
69 0 1 0 37 36 0 1
70 0 0 1 e2 23 0 0
71 0 0 1 f6 fd 0 0
72 0 1 0 4a fd 0 0
73 0 0 0 35 fd 0 1
74 0 0 0 b3 fd 0 1
75 0 1 1 a0 19 0 0
76 0 1 0 a0 19 0 0
77 0 1 1 2a 37 0 0
78 0 1 1 c9 4a 0 0
79 0 1 1 e6 a0 0 0
80 0 1 0 8f a0 0 1
81 0 1 0 16 a0 0 0
82 0 1 0 da a0 0 0
83 0 0 0 ae a0 1 0
84 0 1 1 8d a0 0 0
85 1 0 1 52 a0 1 0
86 0 0 0 d9 a0 0 0
87 0 0 1 de 8d 0 0
88 0 1 1 ff e6 0 0
89 0 0 1 6d 8f 0 0
90 0 0 1 6c da 0 0
91 0 0 0 1a da 1 0
92 0 1 1 11 da 0 0
93 0 1 1 ad ff 0 0
94 0 0 0 98 ff 0 0
95 0 0 0 1b ff 0 0
96 0 0 1 1b 11 0 0
97 0 0 0 d9 11 1 0
98 0 0 0 ba 11 1 0
99 0 1 0 c9 11 0 0
100 0 1 0 a2 11 0 0
101 0 1 0 6e 11 0 1
102 0 1 0 58 11 0 0
103 0 1 0 b6 11 0 0
104 0 0 0 9a 11 1 0
105 0 1 0 aa 11 0 0
106 0 1 1 21 b6 0 0
107 0 1 0 4 b6 0 0
108 0 0 1 75 aa 0 0
109 0 0 1 6b 21 0 0
110 0 0 1 a5 4 1 0
111 0 1 1 42 4 0 0
112 0 0 1 80 42 1 0
113 0 0 1 c7 42 0 0
114 0 1 1 ef aa 1 1
115 0 1 1 62 aa 0 0
116 0 1 1 3a 21 1 1
117 0 0 0 6c 21 0 0
118 0 1 1 e 4 1 1
119 0 0 1 82 4 0 0
120 0 1 0 80 4 0 0
121 0 1 1 b2 80 0 0
122 0 1 0 35 80 0 0
123 0 1 0 db 80 0 0
124 0 1 0 18 80 0 1
125 0 0 0 e2 80 0 0
126 0 0 0 c3 80 0 0
127 0 1 1 32 b2 1 1
128 0 1 0 e6 b2 0 0
129 0 1 0 b9 b2 0 0
130 0 1 0 b9 b2 0 0
131 0 1 0 ed b2 0 0
132 0 0 1 8c b9 0 0
133 0 0 1 3 b9 0 0
134 0 1 1 c3 ed 0 0
135 0 0 1 a9 c3 1 0
136 0 1 1 78 c3 0 0
137 0 1 1 7a 78 0 0
138 0 0 1 7d 7a 1 0
139 0 1 1 65 7a 0 0
140 1 1 0 b4 7a 1 0
141 0 0 1 f4 7a 0 0
142 0 1 1 b 78 1 1
143 0 0 0 66 78 0 0
144 1 1 0 75 78 1 0
145 0 1 1 39 78 0 0
146 0 1 0 b5 78 0 0
147 0 1 0 28 78 0 0
148 0 1 1 90 39 0 0
149 0 0 0 3 39 0 1
150 0 0 0 9 39 0 1
151 0 1 1 7e b5 0 0
152 0 1 0 79 b5 0 0
153 0 1 0 9b b5 0 1
154 0 1 0 ec b5 0 0
155 0 1 0 98 b5 0 0
156 0 0 1 90 98 1 0
157 0 0 0 51 98 0 0
158 0 1 1 7f 90 1 1
159 0 0 1 95 90 0 0
END 160
