CTTRACE 1 DEPTH=4 WIDTH=8
0 1 1 1 8f d7 1 0
1 0 1 0 96 d7 0 0
2 0 0 1 7f 96 1 0
3 0 1 1 20 96 0 0
4 0 1 0 b2 96 0 0
5 0 1 0 75 96 0 0
6 0 1 0 98 96 0 1
7 0 1 1 18 20 0 0
8 0 0 0 e5 20 0 1
9 0 1 0 ca 20 0 1
10 0 1 1 85 b2 0 0
11 0 1 0 18 b2 0 0
12 0 0 1 db 75 0 0
13 0 0 1 62 98 0 0
14 0 0 0 d0 98 1 0
15 0 0 1 99 98 1 0
16 0 0 0 46 98 1 0
17 0 0 1 a9 98 1 0
18 0 0 0 1d 98 1 0
19 0 1 1 5f 98 0 0
20 0 0 1 9e 18 0 0
21 0 1 1 f7 5f 0 0
22 0 0 1 7e f7 1 0
23 0 0 1 60 f7 0 0
24 0 1 0 f4 f7 0 0
25 0 1 1 6f f4 0 0
26 0 1 0 58 f4 0 0
27 0 0 0 13 f4 0 0
28 0 1 0 9f f4 0 0
29 0 1 1 b 6f 0 0
30 0 0 0 5 6f 0 1
31 0 0 0 e9 6f 0 1
32 0 0 0 11 6f 0 1
33 0 1 0 fe 6f 0 1
34 0 1 0 d2 6f 0 1
35 0 1 0 91 6f 0 1
36 0 0 1 6c 58 0 0
37 0 0 0 49 58 0 0
38 0 0 0 e6 58 0 0
39 0 0 0 4e 58 0 0
40 0 0 0 c8 58 0 0
41 0 0 0 77 58 0 0
42 0 0 1 88 9f 0 0
43 0 0 1 51 b 1 0
44 0 0 1 65 b 0 0
45 0 0 1 e9 6f 0 0
46 0 1 0 33 6f 0 1
47 0 0 0 62 6f 0 0
48 0 1 0 a2 6f 0 0
49 0 1 0 c2 6f 0 0
50 0 0 1 93 a2 0 0
51 0 1 0 8c a2 0 0
52 0 1 1 92 c2 0 0
53 0 1 0 eb c2 0 0
54 0 1 0 d8 c2 0 1
55 0 1 0 8a c2 0 0
56 0 1 1 d1 8c 1 1
57 0 1 0 e7 8c 0 0
58 0 1 0 9d 8c 0 0
59 0 1 0 60 8c 0 0
60 0 0 1 c6 9d 0 0
61 0 1 1 3 60 0 0
62 0 0 1 8d 3 1 0
63 0 1 1 79 3 0 0
64 0 0 1 2 79 1 0
65 0 0 1 61 79 0 0
66 0 0 0 22 79 0 0
67 0 1 0 75 79 0 0
68 0 0 1 69 75 1 0
69 0 0 1 2d 75 0 0
70 0 1 1 ac 60 1 1
71 0 0 1 c3 60 0 0
72 0 1 0 d5 60 0 0
73 0 0 0 15 60 1 0
74 0 1 0 44 60 0 0
75 0 0 0 8f 60 0 0
76 0 1 1 79 d5 0 0
77 0 1 0 70 d5 0 0
78 0 1 0 e6 d5 0 1
79 0 1 1 88 44 0 0
80 0 1 0 85 44 0 1
81 0 1 1 83 79 0 0
82 0 1 1 87 70 0 0
83 0 1 0 24 70 0 1
84 0 0 1 d7 e6 0 0
85 0 1 0 d e6 0 1
86 0 0 0 fe e6 0 0
87 0 0 0 a9 e6 0 0
88 1 0 1 af e6 1 0
89 0 0 1 3d e6 0 0
90 0 1 1 d8 85 1 1
91 0 0 1 18 85 0 0
92 0 0 1 25 87 0 0
93 0 0 1 93 24 0 0
94 0 1 1 eb d 0 0
95 0 0 0 9d d 0 0
96 0 0 0 87 d 0 0
97 0 1 1 7b d8 0 0
98 0 1 0 87 d8 0 0
99 0 1 0 78 d8 0 1
100 0 1 1 e5 eb 0 0
101 0 1 0 88 eb 0 1
102 0 1 0 d1 eb 0 0
103 0 1 1 ed 7b 1 1
104 0 1 0 ee 7b 0 0
105 0 1 1 49 87 1 1
106 0 0 0 b1 87 0 0
107 0 1 0 6d 87 0 0
108 0 0 1 8 6d 1 0
109 0 0 1 97 6d 0 0
110 0 0 0 92 6d 0 0
111 0 0 1 e4 88 0 0
112 0 0 1 b9 ed 0 0
113 0 0 0 e1 ed 0 0
114 0 0 0 a2 ed 0 0
115 0 0 1 79 49 0 0
116 0 0 1 5e 6d 1 0
117 0 0 1 97 6d 0 0
118 0 0 1 dc 88 0 0
119 0 0 1 6 ed 0 0
120 0 1 1 4b 49 0 0
121 1 1 1 b3 49 1 0
122 0 0 0 d9 49 0 0
123 0 0 1 f6 6d 0 0
124 0 1 1 22 4b 0 0
125 0 1 1 e2 ed 0 0
126 0 0 1 bf 49 0 0
127 0 0 0 c6 49 0 0
128 0 1 0 b6 49 0 0
129 0 1 0 89 49 0 1
130 0 1 0 af 49 0 0
131 0 0 0 ca 49 0 0
132 0 0 0 e6 49 0 0
133 0 0 1 19 22 0 0
134 0 1 1 8e e2 0 0
135 0 0 1 4e b6 0 0
136 0 1 1 9d 89 0 0
137 0 0 1 3b 8e 0 0
138 0 0 0 35 8e 1 0
139 0 1 1 1 8e 0 0
140 0 1 1 66 9d 0 0
141 0 1 1 3b 1 0 0
142 0 0 1 db 66 0 0
143 0 1 1 2b 3b 0 0
144 0 1 0 57 3b 0 0
145 0 1 0 c6 3b 0 0
146 0 1 0 0 3b 0 1
147 0 1 1 83 2b 0 0
148 0 1 0 80 2b 0 1
149 1 1 0 7d 2b 1 0
150 0 1 0 97 2b 0 0
151 0 1 1 d9 97 0 0
152 0 1 1 af d9 0 0
153 0 0 0 cb d9 1 0
154 0 0 1 14 d9 1 0
155 0 1 0 e8 d9 0 0
156 0 0 0 2f d9 0 0
157 0 0 0 b9 d9 0 0
158 0 1 0 8 d9 0 0
159 0 0 1 3a af 0 0
END 160
