CTTRACE 1 DEPTH=4 WIDTH=8
0 1 0 1 c1 d7 1 0
1 0 1 0 92 d7 0 0
2 0 1 0 b2 d7 0 0
3 0 1 0 3f d7 0 0
4 0 1 1 2b 92 0 0
5 0 1 0 27 92 0 1
6 0 1 0 3 92 0 0
7 0 1 0 c0 92 0 0
8 0 1 0 94 92 0 0
9 0 1 0 a4 92 0 0
10 0 1 0 cc 92 0 1
11 0 1 0 ac 92 0 0
12 0 1 1 23 c0 1 1
13 0 0 0 b5 c0 0 0
14 0 1 0 7c c0 0 0
15 0 0 0 5 c0 1 0
16 0 0 1 f2 c0 1 0
17 0 0 1 33 c0 1 0
18 0 0 0 82 c0 1 0
19 0 0 0 be c0 1 0
20 0 0 0 8c c0 1 0
21 0 0 1 56 c0 1 0
22 0 1 1 15 c0 0 0
23 0 0 1 69 7c 0 0
24 0 1 1 73 15 0 0
25 0 0 1 23 73 1 0
26 1 0 0 b7 73 1 0
27 0 1 0 ba 73 0 0
28 0 0 0 a3 73 1 0
29 0 0 1 dd 73 1 0
30 0 1 0 cf 73 0 0
31 0 1 0 e2 73 0 0
32 0 1 1 dc ba 0 0
33 0 0 0 ea ba 0 1
34 0 1 0 c1 ba 0 1
35 0 1 0 11 ba 0 1
36 0 0 0 ce ba 0 1
37 0 0 1 18 cf 0 0
38 0 1 0 23 cf 0 0
39 0 0 1 26 e2 0 0
40 0 1 0 8d e2 0 0
41 0 0 1 a0 dc 0 0
42 0 1 1 bf 23 0 0
43 1 0 0 12 23 1 0
44 0 0 1 d8 23 0 0
45 0 1 0 37 23 0 0
46 0 0 1 c 37 1 0
47 0 0 1 e2 37 0 0
48 0 1 0 85 37 0 0
49 0 1 1 28 85 0 0
50 0 1 1 8f 28 0 0
51 0 1 0 91 28 0 0
52 0 1 1 1c 8f 0 0
53 0 1 1 6c 91 0 0
54 0 1 0 43 91 0 0
55 0 0 0 c8 91 0 1
56 0 1 0 15 91 0 1
57 0 0 1 e5 1c 0 0
58 0 1 1 18 6c 0 0
59 0 1 0 6e 6c 0 0
60 0 0 0 33 6c 0 1
61 0 0 1 f6 43 0 0
62 0 1 1 7f 18 0 0
63 0 0 0 71 18 0 0
64 0 0 1 77 6e 0 0
65 0 0 0 db 6e 1 0
66 0 0 1 aa 6e 1 0
67 0 1 1 69 6e 0 0
68 1 0 1 37 6e 1 0
69 0 0 1 69 6e 0 0
70 0 1 1 5 18 1 1
71 0 0 1 85 18 0 0
72 0 1 1 b8 6e 1 1
73 0 1 0 c 6e 0 0
74 0 1 1 17 7f 1 1
75 0 0 1 70 7f 0 0
76 0 1 0 d5 7f 0 0
77 0 1 0 ed 7f 0 0
78 0 1 0 6e 7f 0 0
79 0 1 0 67 7f 0 1
80 0 1 0 fd 7f 0 0
81 0 1 0 90 7f 0 0
82 0 1 0 d8 7f 0 0
83 0 1 0 37 7f 0 0
84 0 1 1 36 90 0 0
85 0 0 1 fd d8 0 0
86 0 0 0 67 d8 0 0
87 0 0 1 2e 37 0 0
88 1 0 1 5a 37 1 0
89 0 0 1 7b 37 0 0
90 0 0 1 1e d8 0 0
91 0 0 1 5 37 0 0
92 0 1 1 42 36 0 0
93 0 1 1 48 90 0 0
94 0 1 1 be 42 0 0
95 0 0 1 b9 48 0 0
96 0 1 1 fd be 0 0
97 0 1 0 a8 be 0 0
98 0 1 0 96 be 0 0
99 0 1 0 b9 be 0 1
100 0 0 1 a0 fd 0 0
101 0 1 0 7a fd 0 1
102 0 1 0 73 fd 0 0
103 0 0 0 f2 fd 0 0
104 0 1 1 56 a8 1 1
105 0 1 0 e2 a8 0 0
106 0 1 1 56 96 1 1
107 0 1 0 d0 96 0 0
108 0 1 1 91 b9 1 1
109 0 0 1 3b b9 0 0
110 0 0 1 a 7a 0 0
111 0 0 1 1 56 0 0
112 0 1 0 38 56 0 0
113 0 0 0 58 56 0 1
114 0 1 1 77 56 0 0
115 0 0 0 16 56 0 0
116 0 1 0 d7 56 0 0
117 0 1 0 df 56 0 1
118 0 0 1 ae 91 0 0
119 0 0 1 b5 38 0 0
120 0 1 1 c6 d7 0 0
121 0 0 1 4 df 0 0
122 0 1 0 c9 df 0 0
123 0 1 0 f6 df 0 0
124 0 0 1 ad c6 0 0
125 0 0 1 18 c9 0 0
126 0 1 0 26 c9 0 0
127 0 1 0 7d c9 0 0
128 0 1 0 e9 c9 0 1
129 0 1 0 a3 c9 0 0
130 0 0 0 2 c9 0 0
131 0 0 1 94 f6 0 0
132 0 1 1 75 26 0 0
133 0 0 0 66 26 0 1
134 0 0 1 3b 7d 0 0
135 0 0 1 f6 e9 0 0
136 0 0 1 82 75 1 0
137 0 0 1 12 75 0 0
138 0 1 1 e9 26 1 1
139 0 1 1 a2 26 0 0
140 0 1 1 ca 7d 1 1
141 0 1 0 6f 7d 0 0
142 0 1 1 fd e9 1 1
143 0 1 0 90 e9 0 0
144 0 1 1 47 75 1 1
145 0 0 0 36 75 0 0
146 0 1 0 43 75 0 0
147 0 1 0 9c 75 0 0
148 0 1 0 f5 75 0 0
149 0 1 0 59 75 0 1
150 0 1 0 db 75 0 0
151 0 1 1 62 43 1 1
152 0 1 1 64 43 0 0
153 0 1 1 ef 9c 1 1
154 0 1 1 fc 9c 0 0
155 0 1 0 97 9c 0 0
156 0 0 1 a4 97 1 0
157 0 1 1 a1 97 0 0
158 0 0 1 6c a1 1 0
159 0 0 1 f8 a1 0 0
END 160
