CTTRACE 1 DEPTH=4 WIDTH=8
0 1 1 1 25 d7 1 0
1 0 0 1 12 d7 0 0
2 0 0 1 7b cc 0 0
3 0 1 0 48 cc 0 1
4 0 1 0 5a cc 0 0
5 0 1 1 df cc 1 1
6 0 1 1 33 cc 0 0
7 0 1 0 65 cc 0 0
8 0 1 1 71 65 0 0
9 0 1 1 9d 71 0 0
10 0 1 1 c0 9d 0 0
11 0 1 0 33 9d 0 0
12 0 0 1 36 c0 0 0
13 0 0 1 1e 33 1 0
14 0 0 1 d8 33 0 0
15 0 0 0 aa 33 0 0
16 0 1 1 b 71 1 1
17 0 1 0 31 71 0 0
18 0 1 0 ba 71 0 0
19 0 0 0 8d 71 1 0
20 0 0 1 b9 71 1 0
21 0 0 1 d2 71 1 0
22 0 1 1 e 71 0 0
23 0 0 1 93 ba 0 0
24 0 1 1 c4 e 0 0
25 0 0 1 df c4 1 0
26 0 1 1 1 c4 0 0
27 0 1 0 7a c4 0 0
28 0 1 0 58 c4 0 0
29 0 1 1 a 1 0 0
30 0 0 0 66 1 0 1
31 0 1 0 49 1 0 1
32 0 1 1 77 7a 0 0
33 1 1 1 14 7a 1 0
34 0 1 0 44 7a 0 0
35 0 1 0 4 7a 0 0
36 0 0 1 ae 44 0 0
37 0 0 1 5f 4 1 0
38 0 0 0 26 4 0 0
39 0 0 1 e2 a 0 0
40 0 0 1 16 1 0 0
41 0 1 1 12 44 0 0
42 0 0 1 fb 4 0 0
43 0 0 1 64 12 1 0
44 0 0 1 bb 12 0 0
45 0 0 1 1f 1 0 0
46 0 1 0 37 1 0 1
47 0 1 0 2d 1 0 0
48 0 0 0 af 1 0 0
49 0 1 0 e0 1 0 0
50 0 1 0 40 1 0 0
51 0 1 0 7f 1 0 0
52 0 1 1 72 e0 0 0
53 0 0 0 e6 e0 0 1
54 0 1 0 d3 e0 0 1
55 0 1 0 f2 e0 0 1
56 0 0 0 e5 e0 0 1
57 0 1 0 ef e0 0 1
58 0 1 0 98 e0 0 1
59 0 1 0 34 e0 0 1
60 0 1 1 b3 40 0 0
61 0 0 1 ce 7f 0 0
62 0 0 0 0 7f 1 0
63 0 0 1 3e 7f 1 0
64 0 0 1 8a 7f 1 0
65 0 0 1 5b 7f 1 0
66 0 0 1 c4 7f 1 0
67 0 0 1 f9 7f 1 0
68 0 1 1 39 7f 0 0
69 0 0 1 a5 72 0 0
70 0 1 1 d9 39 0 0
71 0 0 0 b2 39 1 0
72 0 1 0 88 39 0 0
73 0 1 1 3c d9 0 0
74 0 1 1 97 88 0 0
75 0 1 0 13 88 0 0
76 0 1 0 31 88 0 1
77 0 1 0 40 88 0 0
78 0 0 0 63 88 0 0
79 0 0 0 68 88 0 0
80 0 1 1 1c 3c 1 1
81 0 1 0 74 3c 0 0
82 1 1 1 1d 3c 1 0
83 0 1 0 0 3c 0 0
84 0 0 1 db 0 1 0
85 0 0 1 b2 0 0 0
86 0 0 1 86 13 0 0
87 0 1 1 46 31 0 0
88 0 0 1 50 1c 0 0
89 0 1 1 99 0 0 0
90 0 0 1 59 46 0 0
91 0 0 1 36 99 1 0
92 0 0 1 af 99 0 0
93 0 1 1 c9 1c 1 1
94 0 1 1 18 1c 0 0
95 0 1 1 4e 0 1 1
96 0 0 1 c8 0 0 0
97 0 1 0 ca 0 0 0
98 0 1 1 d6 ca 0 0
99 0 1 0 ed ca 0 0
100 0 1 0 c3 ca 0 0
101 0 1 0 51 ca 0 1
102 0 0 0 f6 ca 0 0
103 0 1 1 c7 d6 1 1
104 0 1 1 22 d6 0 0
105 0 1 0 cd d6 0 0
106 0 1 1 e4 cd 0 0
107 0 1 0 87 cd 0 0
108 0 0 1 80 e4 0 0
109 0 0 1 4f 87 1 0
110 0 0 1 fb 87 0 0
111 0 0 1 db c7 0 0
112 0 0 1 3d cd 0 0
113 0 0 1 3b e4 0 0
114 0 0 1 a2 87 1 0
115 0 0 1 ce 87 0 0
116 0 0 0 72 87 0 0
117 0 0 0 ab 87 0 0
118 0 0 1 e2 c7 0 0
119 0 0 1 d8 cd 0 0
120 0 1 0 2a cd 0 0
121 0 1 1 49 e4 0 0
122 0 1 1 75 87 0 0
123 0 1 1 cf 2a 0 0
124 0 1 0 49 2a 0 1
125 0 1 0 5a 2a 0 0
126 0 1 1 84 49 1 1
127 0 1 0 d8 49 0 0
128 0 1 0 e5 49 0 0
129 0 1 1 ad e5 0 0
130 0 1 0 5d e5 0 0
131 0 0 1 81 ad 0 0
132 0 1 0 af ad 0 0
133 0 0 1 d0 5d 0 0
134 0 0 0 64 5d 1 0
135 0 1 1 33 5d 0 0
136 0 0 1 4d af 0 0
137 0 1 0 e7 af 0 0
138 0 1 1 eb 33 0 0
139 0 0 0 88 33 0 0
140 0 0 0 9a 33 0 0
141 0 0 1 84 e7 0 0
142 0 0 1 7d eb 1 0
143 0 0 1 c3 eb 0 0
144 0 1 1 94 af 1 1
145 0 1 1 cb af 0 0
146 0 1 0 70 af 0 0
147 0 1 1 a0 70 0 0
148 0 0 1 ad a0 1 0
149 0 1 1 e2 a0 0 0
150 0 1 0 94 a0 0 0
151 0 0 0 7c a0 0 0
152 0 1 0 95 a0 0 0
153 0 1 1 d5 e2 0 0
154 0 0 0 5b e2 0 1
155 0 0 0 c0 e2 0 1
156 0 0 1 26 94 0 0
157 0 0 1 4e 95 0 0
158 0 1 1 c3 d5 0 0
159 0 0 0 8c d5 1 0
END 160
