CTTRACE 1 DEPTH=4 WIDTH=8
0 1 1 0 ec d7 1 0
1 0 0 0 bb d7 0 0
2 0 1 0 c6 d7 0 0
3 0 1 0 e7 d7 0 0
4 0 1 0 d8 d7 0 0
5 0 1 0 e3 d7 0 1
6 0 1 1 b9 c6 0 0
7 0 1 0 72 c6 0 1
8 0 0 0 81 c6 0 0
9 0 0 0 b1 c6 0 0
10 0 1 1 be e7 1 1
11 0 1 0 83 e7 0 0
12 0 1 0 5f e7 0 0
13 0 1 1 fa 5f 0 0
14 0 0 0 1f 5f 1 0
15 0 1 1 c 5f 0 0
16 0 1 1 9 fa 0 0
17 0 1 1 49 c 0 0
18 0 0 1 97 9 0 0
19 0 1 1 6f 49 0 0
20 0 1 0 36 49 0 0
21 0 0 1 75 6f 0 0
22 0 0 1 94 36 1 0
23 0 1 1 b3 36 0 0
24 0 1 1 4c b3 0 0
25 1 1 0 dc b3 1 0
26 0 1 1 47 b3 0 0
27 0 1 0 4d b3 0 0
28 0 1 0 f8 b3 0 0
29 0 0 0 4e b3 0 1
30 0 1 0 ad b3 0 1
31 0 1 0 d7 b3 0 1
32 0 0 1 e9 47 0 0
33 0 1 1 68 4d 0 0
34 0 1 0 a3 4d 0 0
35 0 1 0 4e 4d 0 1
36 0 0 1 ea f8 0 0
37 0 1 0 3a f8 0 1
38 0 0 1 ce 68 0 0
39 0 0 1 ca a3 0 0
40 0 1 1 28 4e 0 0
41 0 0 0 cd 4e 0 0
42 0 1 1 78 3a 0 0
43 0 0 0 71 3a 0 0
44 0 1 0 91 3a 0 0
45 0 0 1 b6 28 0 0
46 0 0 0 21 28 0 0
47 0 1 1 8e 78 0 0
48 0 0 1 fb 91 0 0
49 0 1 1 ec 8e 0 0
50 0 1 1 6f ec 0 0
51 0 1 1 aa 6f 0 0
52 0 0 0 b 6f 1 0
53 0 0 0 cc 6f 1 0
54 0 1 1 c4 6f 0 0
55 0 1 1 30 aa 0 0
56 0 0 0 a6 aa 0 0
57 0 1 0 d2 aa 0 0
58 0 1 1 e4 c4 0 0
59 0 1 1 78 30 0 0
60 0 0 0 80 30 0 1
61 0 1 1 1 d2 0 0
62 0 1 1 fe e4 0 0
63 0 0 0 6c e4 0 0
64 0 0 1 12 78 0 0
65 0 0 1 ff fe 1 0
66 0 1 0 e fe 0 0
67 0 1 1 f3 e 0 0
68 0 1 1 20 f3 0 0
69 0 1 0 20 f3 0 0
70 0 0 1 14 20 0 0
71 0 0 0 cc 20 1 0
72 0 0 1 92 20 1 0
73 0 0 1 1f 20 1 0
74 0 1 0 b2 20 0 0
75 0 1 0 bd 20 0 0
76 0 1 1 b7 20 0 0
77 0 1 0 4d 20 0 1
78 0 1 1 36 b2 0 0
79 0 1 0 3 b2 0 1
80 0 1 0 bf b2 0 0
81 0 1 1 b7 bd 1 1
82 0 1 0 e1 bd 0 0
83 1 1 0 d7 bd 1 0
84 0 0 0 0 bd 0 0
85 0 0 1 c7 3 0 0
86 0 0 0 82 3 0 1
87 0 1 1 51 b7 0 0
88 0 0 1 5e b7 0 0
89 0 0 1 a0 4d 1 0
90 0 0 1 51 4d 0 0
91 0 0 1 6b 3 0 0
92 0 0 1 67 b7 0 0
93 0 0 1 75 b7 0 0
94 0 0 1 b1 4d 1 0
95 0 0 1 ee 4d 0 0
96 0 1 0 e1 4d 0 0
97 0 0 0 ba 4d 1 0
98 0 0 0 94 4d 1 0
99 0 1 0 d7 4d 0 0
100 0 1 0 8 4d 0 0
101 0 1 0 2 4d 0 1
102 0 1 1 d0 e1 0 0
103 0 1 0 f2 e1 0 1
104 0 1 0 d2 e1 0 0
105 0 1 1 5 d7 1 1
106 0 0 0 e d7 0 0
107 0 0 0 e5 d7 0 0
108 0 0 0 92 d7 0 0
109 0 0 0 d4 d7 0 0
110 0 1 1 58 8 1 1
111 0 0 0 12 8 0 0
112 0 0 0 48 8 0 0
113 0 0 1 30 2 0 0
114 0 1 1 bf f2 0 0
115 0 0 1 0 5 0 0
116 0 0 1 5 58 0 0
117 0 0 0 10 58 1 0
118 0 0 1 94 58 1 0
119 0 0 1 33 58 1 0
120 0 1 1 1 58 0 0
121 0 1 0 c4 58 0 0
122 0 1 0 9e 58 0 1
123 0 1 1 6e bf 0 0
124 0 0 0 65 bf 0 1
125 0 1 1 41 1 0 0
126 0 1 0 72 1 0 0
127 0 1 0 f6 1 0 1
128 0 0 0 5 1 0 0
129 0 0 0 0 1 0 0
130 0 1 0 cd 1 0 0
131 0 1 0 6b 1 0 0
132 0 0 1 37 cd 0 0
133 0 0 0 64 cd 1 0
134 0 0 1 48 cd 1 0
135 0 0 1 15 cd 1 0
136 0 1 1 f6 cd 0 0
137 0 1 1 a7 6b 0 0
138 0 0 0 c3 6b 0 0
139 0 0 1 7e f6 0 0
140 0 1 1 e4 a7 0 0
141 0 0 1 53 e4 1 0
142 0 1 1 e e4 0 0
143 0 0 1 e e 1 0
144 0 0 1 b1 e 0 0
145 0 0 1 55 f6 0 0
146 0 1 0 53 f6 0 1
147 0 0 0 ca f6 0 0
148 0 0 1 f0 a7 0 0
149 0 1 0 aa a7 0 1
150 0 1 0 b8 a7 0 0
151 0 1 0 48 a7 0 0
152 0 1 0 af a7 0 0
153 1 0 0 f3 a7 1 0
154 0 1 0 19 a7 0 0
155 0 1 1 3d 19 0 0
156 0 0 1 1a 3d 1 0
157 0 1 0 f2 3d 0 0
158 0 0 0 6f 3d 1 0
159 0 0 1 53 3d 1 0
END 160
