CTTRACE 1 DEPTH=4 WIDTH=8
0 1 0 0 c7 d7 1 0
1 0 1 1 a9 d0 1 0
2 0 0 1 59 d0 0 0
3 0 0 0 5a d0 0 0
4 0 1 1 f4 d0 0 0
5 0 1 0 22 d0 1 0
6 0 1 0 c8 d0 0 0
7 0 1 1 d0 c8 0 0
8 0 1 0 97 c8 0 0
9 0 1 0 67 c8 0 0
10 0 1 0 f5 c8 1 1
11 0 0 0 2 c8 1 1
12 0 0 1 2d d0 0 0
13 0 0 0 34 d0 0 0
14 0 0 1 67 97 0 0
15 0 1 1 4a 67 0 0
16 0 0 1 3e f5 0 0
17 0 0 1 84 4a 1 0
18 0 0 1 93 97 0 0
19 0 1 0 b 97 1 0
20 0 0 1 e3 67 0 0
21 1 0 1 41 67 1 0
22 0 1 0 82 67 0 0
23 0 0 1 4d 82 1 0
24 0 1 1 8a b 1 0
25 0 1 1 75 67 1 0
26 0 1 0 29 67 0 0
27 0 1 0 74 67 0 0
28 0 1 0 fb 67 0 0
29 0 1 1 23 29 0 0
30 0 0 0 83 29 0 0
31 0 1 0 95 29 1 1
32 1 1 0 4 29 1 0
33 0 0 0 c6 29 1 0
34 0 1 1 7f 74 1 0
35 0 1 0 46 74 0 0
36 0 0 0 51 74 0 0
37 0 0 1 f3 46 1 0
38 0 0 1 aa 23 0 0
39 0 1 1 8e 95 0 0
40 0 0 1 0 7f 0 0
41 0 1 1 94 46 0 0
42 0 0 0 d6 46 0 0
43 0 0 1 97 8e 0 0
44 0 1 1 ce 94 0 0
45 0 1 1 cc ce 0 0
46 0 0 1 c9 cc 1 1
47 0 0 1 fa 8e 0 0
48 0 1 1 87 94 0 0
49 0 0 1 65 ce 0 0
50 0 1 0 54 ce 0 0
51 0 0 0 dc ce 0 0
52 0 1 0 9 ce 1 1
53 0 1 0 c7 ce 1 1
54 0 1 1 b9 cc 0 0
55 0 0 0 a8 cc 0 0
56 0 1 1 e0 87 0 0
57 0 1 0 54 87 1 1
58 0 1 1 f4 54 0 0
59 0 1 0 3b 54 1 1
60 0 1 1 25 9 0 0
61 0 0 1 c5 e0 0 0
62 0 1 1 29 54 0 0
63 0 0 1 3c 3b 0 0
64 0 0 0 b0 3b 0 0
65 0 1 1 57 29 0 0
66 0 0 1 28 57 1 0
67 0 1 1 24 54 1 0
68 0 0 0 3c 54 1 0
69 0 0 1 b1 3b 0 0
70 0 0 0 c 3b 0 0
71 0 1 1 5e 29 0 0
72 0 1 1 10 57 0 0
73 0 1 1 bf 24 0 0
74 0 1 0 7f 24 1 0
75 1 1 1 f 24 1 0
76 0 1 0 7 24 0 0
77 0 1 0 c0 24 0 0
78 0 1 0 b3 24 0 0
79 0 1 1 6d 7 0 0
80 0 1 0 d6 7 1 1
81 0 1 0 e6 7 1 1
82 0 1 0 bc 7 1 1
83 0 1 1 61 c0 0 0
84 0 0 1 81 b3 0 0
85 0 0 1 22 6d 0 0
86 0 1 1 6f d6 0 0
87 0 0 1 1b 6f 1 0
88 0 1 0 44 6f 0 0
89 0 0 1 53 44 1 0
90 0 0 1 67 6d 0 0
91 0 1 0 53 6d 1 0
92 0 0 1 fe d6 0 0
93 0 0 1 54 6f 0 0
94 0 1 1 b8 44 0 0
95 0 1 1 1f 53 0 0
96 0 0 0 b1 53 0 0
97 1 1 1 8 53 1 0
98 0 1 0 fb 53 0 0
99 0 0 1 38 fb 1 0
100 0 1 1 15 1f 1 0
101 0 1 1 5 44 1 0
102 0 1 0 a2 44 0 0
103 0 1 1 75 a2 0 0
104 0 1 0 38 a2 0 0
105 0 0 0 e2 a2 0 0
106 0 0 1 a4 75 0 0
107 0 0 0 c 75 0 0
108 0 1 1 a1 38 0 0
109 0 0 0 10 38 0 0
110 0 1 1 20 a1 0 0
111 0 1 1 da 20 0 0
112 0 1 1 5b da 0 0
113 0 1 1 f0 5b 0 0
114 0 0 1 60 f0 1 0
115 0 1 1 85 20 1 0
116 0 1 1 64 da 1 0
117 0 1 0 e da 0 0
118 0 0 1 94 e 1 0
119 0 1 0 b9 e 0 0
120 0 1 0 6d e 0 0
121 0 0 0 67 e 0 0
122 0 1 1 c b9 0 0
123 0 1 0 41 b9 0 0
124 0 1 0 7a b9 1 1
125 0 1 1 80 6d 0 0
126 0 0 0 19 6d 0 0
127 0 0 1 a c 0 0
128 0 0 1 d4 41 0 0
129 0 0 1 e8 7a 1 0
130 0 1 0 22 7a 0 0
131 0 1 0 15 7a 0 0
132 0 0 1 fe 22 0 0
133 0 1 1 b9 15 0 0
134 0 0 0 f8 15 0 0
135 0 0 1 30 b9 1 0
136 0 0 1 a1 7a 0 0
137 0 0 1 bb 22 0 0
138 0 0 0 c3 22 0 0
139 0 1 1 72 15 0 0
140 0 0 1 fa b9 0 0
141 0 0 0 c4 b9 0 0
142 0 0 1 e9 72 1 1
143 0 0 1 3e 22 0 0
144 0 1 0 76 22 1 1
145 0 1 1 2e 15 0 0
146 0 1 0 d6 15 1 1
147 0 1 0 90 15 1 1
148 0 1 1 18 b9 0 0
149 0 0 0 3b b9 0 0
150 0 0 0 e6 b9 0 0
151 0 1 0 70 b9 1 1
152 0 1 0 8 b9 1 1
153 0 1 0 31 b9 1 1
154 0 1 0 fd b9 1 1
155 0 1 1 86 72 0 0
156 0 1 0 af 72 1 1
157 0 0 0 54 72 1 1
158 0 1 0 78 72 1 1
159 0 1 1 46 76 0 0
END 160
