CTTRACE 1 DEPTH=4 WIDTH=8
0 1 1 0 f d7 1 0
1 0 0 1 e1 d0 0 0
2 0 1 1 6f d0 0 0
3 0 1 1 4 d0 0 0
4 0 0 0 5e d0 0 0
5 0 1 0 63 d0 1 0
6 0 1 0 34 d0 0 0
7 0 1 0 f8 d0 0 0
8 0 1 0 42 d0 0 0
9 0 0 0 6f d0 0 0
10 0 1 1 9 34 0 0
11 0 0 0 34 34 0 0
12 0 0 1 61 f8 0 0
13 0 1 1 10 42 0 0
14 0 0 1 d9 9 0 0
15 0 1 1 b4 10 0 0
16 0 0 1 cf b4 1 0
17 0 0 0 1f b4 1 0
18 0 0 0 73 b4 1 0
19 0 0 1 bb 42 0 0
20 0 1 1 d 9 0 0
21 0 0 1 26 10 0 0
22 0 0 1 8e b4 0 0
23 0 1 1 58 d 0 0
24 0 1 1 5d 58 0 0
25 0 1 0 9c 58 0 0
26 0 1 0 de 58 0 0
27 0 1 0 f4 58 1 0
28 0 1 1 67 5d 1 0
29 0 1 1 bf 9c 1 0
30 0 1 1 d5 de 1 0
31 0 0 0 e4 de 1 0
32 0 1 0 61 de 0 0
33 0 1 1 32 61 0 0
34 0 1 1 50 32 0 0
35 0 1 0 8e 32 0 0
36 0 0 1 48 50 0 0
37 0 0 1 cf 8e 1 0
38 0 0 1 e8 61 0 0
39 0 0 0 d8 61 0 0
40 0 1 0 a3 61 1 0
41 0 1 1 34 32 1 0
42 0 0 1 98 50 0 0
43 0 0 1 21 8e 0 0
44 0 0 1 f6 a3 0 0
45 0 0 1 d0 34 1 1
46 0 1 0 f0 34 1 1
47 0 0 1 75 50 0 0
48 0 1 1 f3 8e 0 0
49 0 1 0 21 8e 1 1
50 0 1 0 64 8e 1 1
51 0 1 1 b3 a3 0 0
52 0 0 0 ab a3 0 0
53 0 0 0 ac a3 0 0
54 0 1 1 3e 34 0 0
55 0 1 1 36 f3 0 0
56 0 1 0 23 f3 1 1
57 0 1 0 fd f3 1 1
58 0 1 0 87 f3 1 1
59 0 0 1 17 21 0 0
60 0 0 1 99 3e 0 0
61 0 0 1 3e 36 0 0
62 0 0 0 6f 36 0 0
63 0 0 0 7b 36 0 0
64 0 1 1 19 23 0 0
65 0 0 1 c3 19 1 0
66 0 0 1 e5 3e 0 0
67 0 0 1 51 36 0 0
68 0 0 1 96 23 0 0
69 0 1 0 37 23 0 0
70 0 0 1 e2 19 0 0
71 0 0 1 f6 37 1 1
72 0 1 0 4a 37 1 1
73 0 0 0 35 37 1 1
74 0 0 0 b3 37 1 1
75 0 1 1 a0 36 0 0
76 0 1 0 a0 36 1 1
77 0 1 1 2a 23 0 0
78 0 1 1 c9 19 0 0
79 0 1 1 e6 37 0 0
80 0 1 0 8f 37 1 1
81 0 1 0 16 37 1 1
82 0 1 0 da 37 1 1
83 0 0 0 ae 37 1 1
84 0 1 1 8d a0 0 0
85 1 0 1 52 a0 1 0
86 0 0 0 d9 a0 1 0
87 0 0 1 de c9 0 0
88 0 1 1 ff e6 0 0
89 0 0 1 6d 8f 0 0
90 0 0 1 6c a0 0 0
91 0 0 0 1a a0 0 0
92 0 1 1 11 ff 0 0
93 0 1 1 ad 11 0 0
94 0 0 0 98 11 0 0
95 0 0 0 1b 11 0 0
96 0 0 1 1b ad 1 1
97 0 0 0 d9 ad 1 1
98 0 0 0 ba ad 1 1
99 0 1 0 c9 ad 1 1
100 0 1 0 a2 ad 1 1
101 0 1 0 6e ad 1 1
102 0 1 0 58 ad 1 1
103 0 1 0 b6 ad 1 1
104 0 0 0 9a ad 1 1
105 0 1 0 aa ad 1 1
106 0 1 1 21 a0 0 0
107 0 1 0 4 a0 1 1
108 0 0 1 75 ff 0 0
109 0 0 1 6b 11 0 0
110 0 0 1 a5 ad 0 0
111 0 1 1 42 4 0 0
112 0 0 1 80 42 1 0
113 0 0 1 c7 11 0 0
114 0 1 1 ef ad 0 0
115 0 1 1 62 4 0 0
116 0 1 1 3a 42 0 0
117 0 0 0 6c 42 0 0
118 0 1 1 e ef 0 0
119 0 0 1 82 62 0 0
120 0 1 0 80 62 0 0
121 0 1 1 b2 3a 0 0
122 0 1 0 35 3a 1 0
123 0 1 0 db 3a 0 0
124 0 1 0 18 3a 0 0
125 0 0 0 e2 3a 0 0
126 0 0 0 c3 3a 0 0
127 0 1 1 32 db 0 0
128 0 1 0 e6 db 0 0
129 0 1 0 b9 db 1 1
130 0 1 0 b9 db 1 1
131 0 1 0 ed db 1 1
132 0 0 1 8c 18 0 0
133 0 0 1 3 32 0 0
134 0 1 1 c3 e6 0 0
135 0 0 1 a9 b9 0 0
136 0 1 1 78 c3 0 0
137 0 1 1 7a 78 0 0
138 0 0 1 7d 7a 1 0
139 0 1 1 65 b9 1 0
140 1 1 0 b4 b9 1 0
141 0 0 1 f4 65 0 0
142 0 1 1 b c3 0 0
143 0 0 0 66 c3 0 0
144 1 1 0 75 c3 1 0
145 0 1 1 39 b 1 0
146 0 1 0 b5 b 0 0
147 0 1 0 28 b 0 0
148 0 1 1 90 b5 0 0
149 0 0 0 3 b5 0 0
150 0 0 0 9 b5 0 0
151 0 1 1 7e 28 0 0
152 0 1 0 79 28 0 0
153 0 1 0 9b 28 1 1
154 0 1 0 ec 28 1 1
155 0 1 0 98 28 1 1
156 0 0 1 90 90 0 0
157 0 0 0 51 90 0 0
158 0 1 1 7f 7e 0 0
159 0 0 1 95 79 0 0
END 160
