CTTRACE 1 DEPTH=4 WIDTH=8
0 1 1 1 be d7 1 0
1 0 1 0 a3 d7 0 0
2 0 1 1 83 a3 0 0
3 0 1 1 31 83 0 0
4 0 1 0 6 83 0 0
5 0 1 0 5 83 0 0
6 0 0 0 8e 83 0 0
7 0 0 0 dc 83 0 0
8 0 1 1 4e 31 0 0
9 0 1 0 e3 31 1 1
10 0 1 0 49 31 1 1
11 0 1 0 79 31 1 1
12 0 0 1 7d 6 0 0
13 0 0 1 2d 5 0 0
14 0 0 0 d8 5 0 0
15 0 0 1 f2 4e 0 0
16 0 0 0 24 4e 0 0
17 0 1 1 a0 e3 0 0
18 0 1 1 23 a0 0 0
19 0 1 1 d8 23 0 0
20 0 0 1 e6 d8 1 0
21 0 0 1 79 e3 0 0
22 0 0 1 33 a0 0 0
23 0 0 1 e5 23 0 0
24 0 1 0 b4 23 0 0
25 0 1 0 c3 23 0 0
26 0 0 1 dc d8 0 0
27 0 1 0 89 d8 0 0
28 0 1 0 22 d8 1 0
29 0 1 0 4a d8 0 0
30 0 0 1 2f 4a 1 0
31 0 0 0 d 4a 1 0
32 0 0 0 43 4a 1 0
33 0 1 1 d3 c3 1 0
34 0 1 0 ab c3 0 0
35 1 1 1 fd c3 1 0
36 0 0 1 e ab 0 0
37 0 0 0 c5 ab 0 0
38 0 0 0 69 ab 0 0
39 0 0 1 d 22 0 0
40 0 0 1 62 4a 0 0
41 0 0 1 5f d3 1 1
42 0 0 0 a3 d3 1 1
43 0 0 1 21 ab 0 0
44 0 0 1 da 22 0 0
45 0 0 0 1f 22 0 0
46 0 0 1 40 4a 0 0
47 0 0 1 ac d3 1 0
48 0 1 1 6 ab 1 0
49 0 1 0 da ab 0 0
50 0 0 0 9d ab 0 0
51 0 1 0 a3 ab 0 0
52 0 1 1 cf da 0 0
53 0 0 1 ad a3 0 0
54 0 1 0 97 a3 0 0
55 0 1 0 f7 a3 0 0
56 0 0 0 be a3 0 0
57 0 1 1 55 cf 0 0
58 0 1 0 96 cf 1 1
59 0 1 1 af 97 0 0
60 0 0 1 26 f7 0 0
61 0 1 0 4b f7 0 0
62 0 0 1 ce 55 0 0
63 0 0 1 e3 96 0 0
64 0 0 1 d8 4b 1 0
65 0 0 0 de 4b 1 0
66 0 1 0 b8 4b 0 0
67 0 0 1 55 b8 1 0
68 0 0 0 17 b8 1 0
69 1 0 0 3e b8 1 0
70 0 0 1 18 4b 0 0
71 0 1 0 dc 4b 1 0
72 0 1 0 71 4b 0 0
73 0 1 1 23 71 0 0
74 1 0 0 7e 71 1 0
75 0 1 0 e5 71 0 0
76 0 1 0 2 71 0 0
77 0 1 0 2e 71 0 0
78 0 1 0 80 71 1 1
79 0 1 1 3f e5 0 0
80 0 1 0 d3 e5 1 1
81 0 1 0 7b e5 1 1
82 0 1 0 36 e5 1 1
83 0 1 0 30 e5 1 1
84 0 1 1 7b 2 0 0
85 0 0 1 e5 2e 0 0
86 0 1 1 e8 80 0 0
87 0 0 1 e8 d3 0 0
88 0 0 1 57 e8 1 0
89 0 1 1 4e 2e 1 0
90 0 0 1 ef 80 0 0
91 0 1 0 6f 80 1 0
92 0 0 1 5f d3 0 0
93 0 0 1 fa e8 0 0
94 0 1 1 22 4e 0 0
95 0 0 1 b0 6f 0 0
96 0 1 0 2c 6f 0 0
97 0 1 0 82 6f 0 0
98 0 1 1 c 22 0 0
99 0 1 0 b8 22 1 0
100 0 1 0 c5 22 0 0
101 0 1 0 2e 22 0 0
102 0 0 0 92 22 0 0
103 0 0 0 e3 22 0 0
104 0 1 0 58 22 0 0
105 0 1 1 4f c5 0 0
106 0 1 0 7b c5 1 1
107 0 1 1 9f 2e 0 0
108 0 0 1 f3 58 0 0
109 0 1 1 13 4f 0 0
110 0 0 1 1a 7b 0 0
111 0 0 1 38 13 1 0
112 0 0 0 bd 13 1 0
113 0 1 1 4c 58 1 0
114 0 0 1 7 4f 0 0
115 0 0 1 3e 7b 0 0
116 0 0 1 a3 13 0 0
117 0 0 0 2b 13 0 0
118 0 1 1 11 4c 0 0
119 0 0 1 f9 11 1 1
120 0 1 0 3c 11 1 1
121 0 0 0 bd 11 1 1
122 0 1 0 68 11 1 1
123 0 0 1 98 7b 0 0
124 0 1 0 fc 7b 1 1
125 0 1 0 e4 7b 1 1
126 0 1 1 13 13 0 0
127 0 1 0 b0 13 1 1
128 0 1 1 bc 4c 0 0
129 0 0 0 8d 4c 0 0
130 0 1 1 bf 11 0 0
131 0 1 1 7c fc 0 0
132 0 1 0 58 fc 1 1
133 0 1 1 fe b0 0 0
134 0 1 1 e2 bf 0 0
135 0 1 1 a1 7c 0 0
136 0 1 0 dd 7c 1 1
137 0 0 1 96 58 0 0
138 0 1 0 c6 58 1 1
139 0 0 0 8b 58 1 1
140 0 1 1 90 e2 0 0
141 0 0 1 d6 a1 0 0
142 0 0 1 d6 dd 0 0
143 0 0 1 af c6 1 0
144 0 1 1 0 e2 1 0
145 0 0 1 90 a1 0 0
146 0 1 1 31 dd 0 0
147 0 1 1 fd c6 0 0
148 0 1 0 4b c6 1 0
149 0 0 0 1 c6 1 0
150 0 1 0 14 c6 0 0
151 0 1 0 86 c6 0 0
152 0 1 0 1e c6 0 0
153 0 1 0 8f c6 1 1
154 0 0 0 27 c6 1 1
155 0 1 0 9d c6 1 1
156 0 0 1 52 14 0 0
157 0 1 0 94 14 1 1
158 1 1 0 33 14 1 0
159 0 1 0 5e 14 0 0
END 160
