CTTRACE 1 DEPTH=4 WIDTH=8
0 1 0 1 c1 d7 1 0
1 0 1 0 92 d7 0 0
2 0 1 0 b2 d7 0 0
3 0 1 0 3f d7 0 0
4 0 1 1 2b 92 0 0
5 0 1 0 27 92 1 1
6 0 1 0 3 92 1 1
7 0 1 0 c0 92 1 1
8 0 1 0 94 92 1 1
9 0 1 0 a4 92 1 1
10 0 1 0 cc 92 1 1
11 0 1 0 ac 92 1 1
12 0 1 1 23 b2 0 0
13 0 0 0 b5 b2 0 0
14 0 1 0 7c b2 1 1
15 0 0 0 5 b2 1 1
16 0 0 1 f2 3f 0 0
17 0 0 1 33 2b 0 0
18 0 0 0 82 2b 0 0
19 0 0 0 be 2b 0 0
20 0 0 0 8c 2b 0 0
21 0 0 1 56 27 0 0
22 0 1 1 15 7c 0 0
23 0 0 1 69 15 1 0
24 0 1 1 73 2b 1 0
25 0 0 1 23 27 0 0
26 1 0 0 b7 27 1 0
27 0 1 0 ba 27 0 0
28 0 0 0 a3 27 0 0
29 0 0 1 dd ba 1 0
30 0 1 0 cf ba 0 0
31 0 1 0 e2 ba 0 0
32 0 1 1 dc cf 0 0
33 0 0 0 ea cf 0 0
34 0 1 0 c1 cf 0 0
35 0 1 0 11 cf 1 1
36 0 0 0 ce cf 1 1
37 0 0 1 18 e2 0 0
38 0 1 0 23 e2 1 1
39 0 0 1 26 dc 0 0
40 0 1 0 8d dc 1 1
41 0 0 1 a0 c1 0 0
42 0 1 1 bf 11 0 0
43 1 0 0 12 11 1 0
44 0 0 1 d8 bf 0 0
45 0 1 0 37 bf 1 0
46 0 0 1 c 11 0 0
47 0 0 1 e2 23 0 0
48 0 1 0 85 23 0 0
49 0 1 1 28 8d 0 0
50 0 1 1 8f 37 0 0
51 0 1 0 91 37 1 0
52 0 1 1 1c 85 1 0
53 0 1 1 6c 28 1 0
54 0 1 0 43 28 0 0
55 0 0 0 c8 28 0 0
56 0 1 0 15 28 0 0
57 0 0 1 e5 43 0 0
58 0 1 1 18 15 0 0
59 0 1 0 6e 15 0 0
60 0 0 0 33 15 0 0
61 0 0 1 f6 18 0 0
62 0 1 1 7f 6e 0 0
63 0 0 0 71 6e 0 0
64 0 0 1 77 7f 1 0
65 0 0 0 db 7f 1 0
66 0 0 1 aa 15 0 0
67 0 1 1 69 18 0 0
68 1 0 1 37 18 1 0
69 0 0 1 69 69 0 0
70 0 1 1 5 18 0 0
71 0 0 1 85 6e 0 0
72 0 1 1 b8 7f 0 0
73 0 1 0 c 7f 0 0
74 0 1 1 17 5 0 0
75 0 0 1 70 b8 0 0
76 0 1 0 d5 b8 0 0
77 0 1 0 ed b8 1 0
78 0 1 0 6e b8 0 0
79 0 1 0 67 b8 0 0
80 0 1 0 fd b8 0 0
81 0 1 0 90 b8 1 1
82 0 1 0 d8 b8 1 1
83 0 1 0 37 b8 1 1
84 0 1 1 36 6e 0 0
85 0 0 1 fd 67 0 0
86 0 0 0 67 67 0 0
87 0 0 1 2e fd 0 0
88 1 0 1 5a fd 1 0
89 0 0 1 7b fd 0 0
90 0 0 1 1e 90 0 0
91 0 0 1 5 6e 0 0
92 0 1 1 42 67 0 0
93 0 1 1 48 42 0 0
94 0 1 1 be 48 0 0
95 0 0 1 b9 be 1 1
96 0 1 1 fd 67 0 0
97 0 1 0 a8 67 1 1
98 0 1 0 96 67 1 1
99 0 1 0 b9 67 1 1
100 0 0 1 a0 42 0 0
101 0 1 0 7a 42 1 1
102 0 1 0 73 42 1 1
103 0 0 0 f2 42 1 1
104 0 1 1 56 48 0 0
105 0 1 0 e2 48 1 1
106 0 1 1 56 be 0 0
107 0 1 0 d0 be 1 1
108 0 1 1 91 a8 0 0
109 0 0 1 3b 7a 0 0
110 0 0 1 a e2 0 0
111 0 0 1 1 d0 1 0
112 0 1 0 38 d0 0 0
113 0 0 0 58 d0 0 0
114 0 1 1 77 38 0 0
115 0 0 0 16 38 0 0
116 0 1 0 d7 38 0 0
117 0 1 0 df 38 0 0
118 0 0 1 ae 77 0 0
119 0 0 1 b5 d7 0 0
120 0 1 1 c6 df 0 0
121 0 0 1 4 c6 1 0
122 0 1 0 c9 c6 0 0
123 0 1 0 f6 c6 0 0
124 0 0 1 ad c9 0 0
125 0 0 1 18 f6 1 0
126 0 1 0 26 f6 0 0
127 0 1 0 7d f6 0 0
128 0 1 0 e9 f6 0 0
129 0 1 0 a3 f6 1 1
130 0 0 0 2 f6 1 1
131 0 0 1 94 26 0 0
132 0 1 1 75 7d 0 0
133 0 0 0 66 7d 0 0
134 0 0 1 3b e9 0 0
135 0 0 1 f6 a3 0 0
136 0 0 1 82 75 1 0
137 0 0 1 12 7d 0 0
138 0 1 1 e9 e9 0 0
139 0 1 1 a2 a3 0 0
140 0 1 1 ca 75 0 0
141 0 1 0 6f 75 1 0
142 0 1 1 fd e9 1 0
143 0 1 0 90 e9 0 0
144 0 1 1 47 90 0 0
145 0 0 0 36 90 0 0
146 0 1 0 43 90 0 0
147 0 1 0 9c 90 0 0
148 0 1 0 f5 90 1 1
149 0 1 0 59 90 1 1
150 0 1 0 db 90 1 1
151 0 1 1 62 47 0 0
152 0 1 1 64 43 0 0
153 0 1 1 ef 9c 0 0
154 0 1 1 fc f5 0 0
155 0 1 0 97 f5 1 1
156 0 0 1 a4 64 0 0
157 0 1 1 a1 ef 0 0
158 0 0 1 6c fc 0 0
159 0 0 1 f8 97 0 0
END 160
