CTTRACE 1 DEPTH=4 WIDTH=8
0 1 1 1 be d7 1 0
1 0 1 0 a3 d7 0 0
2 0 1 1 83 a3 0 0
3 0 1 1 31 83 0 0
4 0 1 0 6 83 0 0
5 0 1 0 5 83 0 0
6 0 0 0 8e 83 0 0
7 0 0 0 dc 83 0 0
8 0 1 1 4e 31 0 0
9 0 1 0 e3 31 1 1
10 0 1 0 49 31 1 1
11 0 1 0 79 31 1 1
12 0 0 1 7d 31 1 1
13 0 0 1 2d 31 1 1
14 0 0 0 d8 31 1 1
15 0 0 1 f2 31 1 1
16 0 0 0 24 31 1 1
17 0 1 1 a0 31 1 1
18 0 1 1 23 31 1 1
19 0 1 1 d8 31 1 1
20 0 0 1 e6 31 1 1
21 0 0 1 79 31 1 1
22 0 0 1 33 31 1 1
23 0 0 1 e5 31 1 1
24 0 1 0 b4 31 1 1
25 0 1 0 c3 31 1 1
26 0 0 1 dc 31 1 1
27 0 1 0 89 31 1 1
28 0 1 0 22 31 1 1
29 0 1 0 4a 31 1 1
30 0 0 1 2f 31 1 1
31 0 0 0 d 31 1 1
32 0 0 0 43 31 1 1
33 0 1 1 d3 31 1 1
34 0 1 0 ab 31 1 1
35 1 1 1 fd 31 1 0
36 0 0 1 e 31 1 0
37 0 0 0 c5 31 1 0
38 0 0 0 69 31 1 0
39 0 0 1 d 31 1 0
40 0 0 1 62 31 1 0
41 0 0 1 5f 31 1 0
42 0 0 0 a3 31 1 0
43 0 0 1 21 31 1 0
44 0 0 1 da 31 1 0
45 0 0 0 1f 31 1 0
46 0 0 1 40 31 1 0
47 0 0 1 ac 31 1 0
48 0 1 1 6 31 0 0
49 0 1 0 da 31 0 0
50 0 0 0 9d 31 0 0
51 0 1 0 a3 31 0 0
52 0 1 1 cf 6 0 0
53 0 0 1 ad da 0 0
54 0 1 0 97 da 0 0
55 0 1 0 f7 da 1 1
56 0 0 0 be da 1 1
57 0 1 1 55 da 1 1
58 0 1 0 96 da 1 1
59 0 1 1 af da 1 1
60 0 0 1 26 da 1 1
61 0 1 0 4b da 1 1
62 0 0 1 ce da 1 1
63 0 0 1 e3 da 1 1
64 0 0 1 d8 da 1 1
65 0 0 0 de da 1 1
66 0 1 0 b8 da 1 1
67 0 0 1 55 da 1 1
68 0 0 0 17 da 1 1
69 1 0 0 3e da 1 0
70 0 0 1 18 da 1 0
71 0 1 0 dc da 0 0
72 0 1 0 71 da 0 0
73 0 1 1 23 dc 0 0
74 1 0 0 7e dc 1 0
75 0 1 0 e5 dc 0 0
76 0 1 0 2 dc 0 0
77 0 1 0 2e dc 0 0
78 0 1 0 80 dc 1 1
79 0 1 1 3f dc 1 1
80 0 1 0 d3 dc 1 1
81 0 1 0 7b dc 1 1
82 0 1 0 36 dc 1 1
83 0 1 0 30 dc 1 1
84 0 1 1 7b dc 1 1
85 0 0 1 e5 dc 1 1
86 0 1 1 e8 dc 1 1
87 0 0 1 e8 dc 1 1
88 0 0 1 57 dc 1 1
89 0 1 1 4e dc 1 1
90 0 0 1 ef dc 1 1
91 0 1 0 6f dc 1 1
92 0 0 1 5f dc 1 1
93 0 0 1 fa dc 1 1
94 0 1 1 22 dc 1 1
95 0 0 1 b0 dc 1 1
96 0 1 0 2c dc 1 1
97 0 1 0 82 dc 1 1
98 0 1 1 c dc 1 1
99 0 1 0 b8 dc 1 1
100 0 1 0 c5 dc 1 1
101 0 1 0 2e dc 1 1
102 0 0 0 92 dc 1 1
103 0 0 0 e3 dc 1 1
104 0 1 0 58 dc 1 1
105 0 1 1 4f dc 1 1
106 0 1 0 7b dc 1 1
107 0 1 1 9f dc 1 1
108 0 0 1 f3 dc 1 1
109 0 1 1 13 dc 1 1
110 0 0 1 1a dc 1 1
111 0 0 1 38 dc 1 1
112 0 0 0 bd dc 1 1
113 0 1 1 4c dc 1 1
114 0 0 1 7 dc 1 1
115 0 0 1 3e dc 1 1
116 0 0 1 a3 dc 1 1
117 0 0 0 2b dc 1 1
118 0 1 1 11 dc 1 1
119 0 0 1 f9 dc 1 1
120 0 1 0 3c dc 1 1
121 0 0 0 bd dc 1 1
122 0 1 0 68 dc 1 1
123 0 0 1 98 dc 1 1
124 0 1 0 fc dc 1 1
125 0 1 0 e4 dc 1 1
126 0 1 1 13 dc 1 1
127 0 1 0 b0 dc 1 1
128 0 1 1 bc dc 1 1
129 0 0 0 8d dc 1 1
130 0 1 1 bf dc 1 1
131 0 1 1 7c dc 1 1
132 0 1 0 58 dc 1 1
133 0 1 1 fe dc 1 1
134 0 1 1 e2 dc 1 1
135 0 1 1 a1 dc 1 1
136 0 1 0 dd dc 1 1
137 0 0 1 96 dc 1 1
138 0 1 0 c6 dc 1 1
139 0 0 0 8b dc 1 1
140 0 1 1 90 dc 1 1
141 0 0 1 d6 dc 1 1
142 0 0 1 d6 dc 1 1
143 0 0 1 af dc 1 1
144 0 1 1 0 dc 1 1
145 0 0 1 90 dc 1 1
146 0 1 1 31 dc 1 1
147 0 1 1 fd dc 1 1
148 0 1 0 4b dc 1 1
149 0 0 0 1 dc 1 1
150 0 1 0 14 dc 1 1
151 0 1 0 86 dc 1 1
152 0 1 0 1e dc 1 1
153 0 1 0 8f dc 1 1
154 0 0 0 27 dc 1 1
155 0 1 0 9d dc 1 1
156 0 0 1 52 dc 1 1
157 0 1 0 94 dc 1 1
158 1 1 0 33 dc 1 0
159 0 1 0 5e dc 0 0
END 160
