CTTRACE 1 DEPTH=4 WIDTH=8
0 1 0 0 e d7 1 0
1 0 0 1 a d7 1 0
2 0 1 0 7 d7 0 0
3 0 1 0 7e d7 0 0
4 0 1 0 15 d7 0 0
5 0 1 1 7a 7 0 0
6 0 0 0 93 7 0 0
7 0 0 0 46 7 0 0
8 0 1 0 5 7 1 1
9 0 1 0 ad 7 1 1
10 0 0 1 c6 7 1 1
11 1 1 0 90 7 1 0
12 0 0 1 ce 7 1 0
13 0 0 1 90 7 1 0
14 0 0 0 a1 7 1 0
15 0 0 1 36 7 1 0
16 0 0 0 b4 7 1 0
17 0 0 0 70 7 1 0
18 0 0 1 cc 7 1 0
19 0 0 1 d8 7 1 0
20 0 0 1 e5 7 1 0
21 0 0 1 d7 7 1 0
22 0 0 1 af 7 1 0
23 0 0 1 b5 7 1 0
24 0 0 0 41 7 1 0
25 0 1 1 1a 7 0 0
26 0 1 0 eb 7 0 0
27 0 0 0 3a 7 0 0
28 0 1 1 de 1a 0 0
29 0 1 0 9b 1a 0 0
30 0 0 1 1f eb 0 0
31 0 1 0 47 eb 0 0
32 0 1 1 19 de 0 0
33 0 1 0 29 de 1 1
34 0 1 1 a8 de 1 1
35 0 1 1 ad de 1 1
36 0 1 0 cd de 1 1
37 0 1 0 2b de 1 1
38 0 0 0 40 de 1 1
39 0 0 1 b de 1 1
40 0 0 1 8d de 1 1
41 0 1 1 e1 de 1 1
42 0 1 0 46 de 1 1
43 0 0 0 84 de 1 1
44 0 0 1 3f de 1 1
45 0 1 1 e6 de 1 1
46 0 0 1 7b de 1 1
47 0 0 1 c3 de 1 1
48 0 1 0 bd de 1 1
49 0 0 0 79 de 1 1
50 0 0 0 e3 de 1 1
51 0 1 1 63 de 1 1
52 0 1 0 38 de 1 1
53 0 1 0 49 de 1 1
54 0 1 0 5a de 1 1
55 0 1 0 e8 de 1 1
56 0 0 0 2b de 1 1
57 0 0 0 56 de 1 1
58 0 1 0 69 de 1 1
59 0 1 1 be de 1 1
60 0 1 1 f2 de 1 1
61 0 1 1 24 de 1 1
62 0 0 1 78 de 1 1
63 0 0 0 f7 de 1 1
64 0 1 1 7f de 1 1
65 0 1 1 50 de 1 1
66 0 0 1 c6 de 1 1
67 0 1 1 11 de 1 1
68 0 1 1 51 de 1 1
69 0 0 0 17 de 1 1
70 0 1 1 57 de 1 1
71 0 0 1 b5 de 1 1
72 0 1 0 34 de 1 1
73 0 1 1 4a de 1 1
74 0 1 1 91 de 1 1
75 0 1 1 2e de 1 1
76 0 1 0 cd de 1 1
77 0 1 0 31 de 1 1
78 0 0 0 61 de 1 1
79 0 0 1 e de 1 1
80 0 0 0 c8 de 1 1
81 0 0 1 ba de 1 1
82 0 0 1 42 de 1 1
83 0 1 0 7c de 1 1
84 0 0 0 57 de 1 1
85 0 0 0 96 de 1 1
86 0 1 1 f0 de 1 1
87 0 0 1 55 de 1 1
88 1 0 1 5b de 1 0
89 0 0 1 c9 de 1 0
90 0 0 0 b2 de 1 0
91 0 0 1 60 de 1 0
92 0 0 1 99 de 1 0
93 0 0 1 89 de 1 0
94 0 1 1 f2 de 0 0
95 0 0 1 8c f2 1 0
96 0 0 0 79 f2 1 0
97 0 1 1 3c f2 0 0
98 0 0 0 e4 f2 0 0
99 0 0 0 c9 f2 0 0
100 0 1 1 3f 3c 0 0
101 0 1 1 40 3f 0 0
102 0 1 1 c1 40 0 0
103 0 1 1 c9 c1 0 0
104 0 0 1 1a c9 1 0
105 0 1 0 9 c9 0 0
106 0 1 0 44 c9 0 0
107 0 1 1 a9 9 0 0
108 0 0 0 22 9 0 0
109 0 0 1 dc 44 0 0
110 0 1 1 6e a9 0 0
111 0 0 0 48 a9 0 0
112 0 1 1 12 6e 0 0
113 0 0 1 4b 12 1 0
114 0 0 1 bb 12 1 0
115 0 0 1 ec 12 1 0
116 0 1 1 b6 12 0 0
117 0 1 1 27 b6 0 0
118 0 1 1 89 27 0 0
119 0 0 0 e0 27 0 0
120 0 1 1 59 89 0 0
121 0 1 0 c3 89 0 0
122 0 1 0 c9 89 0 0
123 0 1 0 fe 89 1 1
124 0 1 0 17 89 1 1
125 0 1 0 96 89 1 1
126 0 1 0 39 89 1 1
127 0 1 1 4d 89 1 1
128 0 0 1 2f 89 1 1
129 0 1 0 e9 89 1 1
130 0 0 0 a5 89 1 1
131 0 1 1 77 89 1 1
132 0 0 0 b 89 1 1
133 0 0 1 b4 89 1 1
134 0 1 1 18 89 1 1
135 1 1 1 c4 89 1 0
136 0 1 1 a7 89 0 0
137 0 1 1 c2 a7 0 0
138 0 0 1 23 c2 1 0
139 0 1 0 c7 c2 0 0
140 0 0 1 f4 c7 1 0
141 0 0 1 18 c7 1 0
142 0 0 0 ff c7 1 0
143 0 1 1 5a c7 0 0
144 0 1 0 16 c7 0 0
145 0 1 0 5e c7 0 0
146 0 1 0 31 c7 1 1
147 0 0 1 42 c7 1 1
148 0 1 0 9f c7 1 1
149 0 1 1 2 c7 1 1
150 0 1 0 fb c7 1 1
151 0 1 1 a8 c7 1 1
152 0 0 1 ba c7 1 1
153 0 0 0 e4 c7 1 1
154 0 1 0 92 c7 1 1
155 0 1 1 c4 c7 1 1
156 0 0 1 33 c7 1 1
157 0 0 1 8a c7 1 1
158 0 1 1 c3 c7 1 1
159 0 0 1 6 c7 1 1
END 160
