CTTRACE 1 DEPTH=4 WIDTH=8
0 1 1 0 f d7 1 0
1 0 0 1 e1 d7 1 0
2 0 1 1 6f d7 0 0
3 0 1 1 4 6f 0 0
4 0 0 0 5e 6f 0 0
5 0 1 0 63 6f 0 0
6 0 1 0 34 6f 0 0
7 0 1 0 f8 6f 1 1
8 0 1 0 42 6f 1 1
9 0 0 0 6f 6f 1 1
10 0 1 1 9 6f 1 1
11 0 0 0 34 6f 1 1
12 0 0 1 61 6f 1 1
13 0 1 1 10 6f 1 1
14 0 0 1 d9 6f 1 1
15 0 1 1 b4 6f 1 1
16 0 0 1 cf 6f 1 1
17 0 0 0 1f 6f 1 1
18 0 0 0 73 6f 1 1
19 0 0 1 bb 6f 1 1
20 0 1 1 d 6f 1 1
21 0 0 1 26 6f 1 1
22 0 0 1 8e 6f 1 1
23 0 1 1 58 6f 1 1
24 0 1 1 5d 6f 1 1
25 0 1 0 9c 6f 1 1
26 0 1 0 de 6f 1 1
27 0 1 0 f4 6f 1 1
28 0 1 1 67 6f 1 1
29 0 1 1 bf 6f 1 1
30 0 1 1 d5 6f 1 1
31 0 0 0 e4 6f 1 1
32 0 1 0 61 6f 1 1
33 0 1 1 32 6f 1 1
34 0 1 1 50 6f 1 1
35 0 1 0 8e 6f 1 1
36 0 0 1 48 6f 1 1
37 0 0 1 cf 6f 1 1
38 0 0 1 e8 6f 1 1
39 0 0 0 d8 6f 1 1
40 0 1 0 a3 6f 1 1
41 0 1 1 34 6f 1 1
42 0 0 1 98 6f 1 1
43 0 0 1 21 6f 1 1
44 0 0 1 f6 6f 1 1
45 0 0 1 d0 6f 1 1
46 0 1 0 f0 6f 1 1
47 0 0 1 75 6f 1 1
48 0 1 1 f3 6f 1 1
49 0 1 0 21 6f 1 1
50 0 1 0 64 6f 1 1
51 0 1 1 b3 6f 1 1
52 0 0 0 ab 6f 1 1
53 0 0 0 ac 6f 1 1
54 0 1 1 3e 6f 1 1
55 0 1 1 36 6f 1 1
56 0 1 0 23 6f 1 1
57 0 1 0 fd 6f 1 1
58 0 1 0 87 6f 1 1
59 0 0 1 17 6f 1 1
60 0 0 1 99 6f 1 1
61 0 0 1 3e 6f 1 1
62 0 0 0 6f 6f 1 1
63 0 0 0 7b 6f 1 1
64 0 1 1 19 6f 1 1
65 0 0 1 c3 6f 1 1
66 0 0 1 e5 6f 1 1
67 0 0 1 51 6f 1 1
68 0 0 1 96 6f 1 1
69 0 1 0 37 6f 1 1
70 0 0 1 e2 6f 1 1
71 0 0 1 f6 6f 1 1
72 0 1 0 4a 6f 1 1
73 0 0 0 35 6f 1 1
74 0 0 0 b3 6f 1 1
75 0 1 1 a0 6f 1 1
76 0 1 0 a0 6f 1 1
77 0 1 1 2a 6f 1 1
78 0 1 1 c9 6f 1 1
79 0 1 1 e6 6f 1 1
80 0 1 0 8f 6f 1 1
81 0 1 0 16 6f 1 1
82 0 1 0 da 6f 1 1
83 0 0 0 ae 6f 1 1
84 0 1 1 8d 6f 1 1
85 1 0 1 52 6f 1 0
86 0 0 0 d9 6f 1 0
87 0 0 1 de 6f 1 0
88 0 1 1 ff 6f 0 0
89 0 0 1 6d ff 1 0
90 0 0 1 6c ff 1 0
91 0 0 0 1a ff 1 0
92 0 1 1 11 ff 0 0
93 0 1 1 ad 11 0 0
94 0 0 0 98 11 0 0
95 0 0 0 1b 11 0 0
96 0 0 1 1b ad 1 0
97 0 0 0 d9 ad 1 0
98 0 0 0 ba ad 1 0
99 0 1 0 c9 ad 0 0
100 0 1 0 a2 ad 0 0
101 0 1 0 6e ad 0 0
102 0 1 0 58 ad 1 1
103 0 1 0 b6 ad 1 1
104 0 0 0 9a ad 1 1
105 0 1 0 aa ad 1 1
106 0 1 1 21 ad 1 1
107 0 1 0 4 ad 1 1
108 0 0 1 75 ad 1 1
109 0 0 1 6b ad 1 1
110 0 0 1 a5 ad 1 1
111 0 1 1 42 ad 1 1
112 0 0 1 80 ad 1 1
113 0 0 1 c7 ad 1 1
114 0 1 1 ef ad 1 1
115 0 1 1 62 ad 1 1
116 0 1 1 3a ad 1 1
117 0 0 0 6c ad 1 1
118 0 1 1 e ad 1 1
119 0 0 1 82 ad 1 1
120 0 1 0 80 ad 1 1
121 0 1 1 b2 ad 1 1
122 0 1 0 35 ad 1 1
123 0 1 0 db ad 1 1
124 0 1 0 18 ad 1 1
125 0 0 0 e2 ad 1 1
126 0 0 0 c3 ad 1 1
127 0 1 1 32 ad 1 1
128 0 1 0 e6 ad 1 1
129 0 1 0 b9 ad 1 1
130 0 1 0 b9 ad 1 1
131 0 1 0 ed ad 1 1
132 0 0 1 8c ad 1 1
133 0 0 1 3 ad 1 1
134 0 1 1 c3 ad 1 1
135 0 0 1 a9 ad 1 1
136 0 1 1 78 ad 1 1
137 0 1 1 7a ad 1 1
138 0 0 1 7d ad 1 1
139 0 1 1 65 ad 1 1
140 1 1 0 b4 ad 1 0
141 0 0 1 f4 ad 1 0
142 0 1 1 b ad 0 0
143 0 0 0 66 ad 0 0
144 1 1 0 75 ad 1 0
145 0 1 1 39 ad 0 0
146 0 1 0 b5 ad 0 0
147 0 1 0 28 ad 0 0
148 0 1 1 90 39 0 0
149 0 0 0 3 39 0 0
150 0 0 0 9 39 0 0
151 0 1 1 7e b5 0 0
152 0 1 0 79 b5 1 1
153 0 1 0 9b b5 1 1
154 0 1 0 ec b5 1 1
155 0 1 0 98 b5 1 1
156 0 0 1 90 b5 1 1
157 0 0 0 51 b5 1 1
158 0 1 1 7f b5 1 1
159 0 0 1 95 b5 1 1
END 160
