CTTRACE 1 DEPTH=4 WIDTH=8
0 1 1 1 25 d7 1 0
1 0 0 1 12 d7 1 0
2 0 0 1 7b d7 1 0
3 0 1 0 48 d7 0 0
4 0 1 0 5a d7 0 0
5 0 1 1 df 48 0 0
6 0 1 1 33 5a 0 0
7 0 1 0 65 5a 0 0
8 0 1 1 71 df 0 0
9 0 1 1 9d 33 0 0
10 0 1 1 c0 65 0 0
11 0 1 0 33 65 1 1
12 0 0 1 36 65 1 1
13 0 0 1 1e 65 1 1
14 0 0 1 d8 65 1 1
15 0 0 0 aa 65 1 1
16 0 1 1 b 65 1 1
17 0 1 0 31 65 1 1
18 0 1 0 ba 65 1 1
19 0 0 0 8d 65 1 1
20 0 0 1 b9 65 1 1
21 0 0 1 d2 65 1 1
22 0 1 1 e 65 1 1
23 0 0 1 93 65 1 1
24 0 1 1 c4 65 1 1
25 0 0 1 df 65 1 1
26 0 1 1 1 65 1 1
27 0 1 0 7a 65 1 1
28 0 1 0 58 65 1 1
29 0 1 1 a 65 1 1
30 0 0 0 66 65 1 1
31 0 1 0 49 65 1 1
32 0 1 1 77 65 1 1
33 1 1 1 14 65 1 0
34 0 1 0 44 65 0 0
35 0 1 0 4 65 0 0
36 0 0 1 ae 44 0 0
37 0 0 1 5f 4 1 0
38 0 0 0 26 4 1 0
39 0 0 1 e2 4 1 0
40 0 0 1 16 4 1 0
41 0 1 1 12 4 0 0
42 0 0 1 fb 12 1 0
43 0 0 1 64 12 1 0
44 0 0 1 bb 12 1 0
45 0 0 1 1f 12 1 0
46 0 1 0 37 12 0 0
47 0 1 0 2d 12 0 0
48 0 0 0 af 12 0 0
49 0 1 0 e0 12 0 0
50 0 1 0 40 12 1 1
51 0 1 0 7f 12 1 1
52 0 1 1 72 12 1 1
53 0 0 0 e6 12 1 1
54 0 1 0 d3 12 1 1
55 0 1 0 f2 12 1 1
56 0 0 0 e5 12 1 1
57 0 1 0 ef 12 1 1
58 0 1 0 98 12 1 1
59 0 1 0 34 12 1 1
60 0 1 1 b3 12 1 1
61 0 0 1 ce 12 1 1
62 0 0 0 0 12 1 1
63 0 0 1 3e 12 1 1
64 0 0 1 8a 12 1 1
65 0 0 1 5b 12 1 1
66 0 0 1 c4 12 1 1
67 0 0 1 f9 12 1 1
68 0 1 1 39 12 1 1
69 0 0 1 a5 12 1 1
70 0 1 1 d9 12 1 1
71 0 0 0 b2 12 1 1
72 0 1 0 88 12 1 1
73 0 1 1 3c 12 1 1
74 0 1 1 97 12 1 1
75 0 1 0 13 12 1 1
76 0 1 0 31 12 1 1
77 0 1 0 40 12 1 1
78 0 0 0 63 12 1 1
79 0 0 0 68 12 1 1
80 0 1 1 1c 12 1 1
81 0 1 0 74 12 1 1
82 1 1 1 1d 12 1 0
83 0 1 0 0 12 0 0
84 0 0 1 db 0 1 0
85 0 0 1 b2 0 1 0
86 0 0 1 86 0 1 0
87 0 1 1 46 0 0 0
88 0 0 1 50 46 1 0
89 0 1 1 99 46 0 0
90 0 0 1 59 99 1 0
91 0 0 1 36 99 1 0
92 0 0 1 af 99 1 0
93 0 1 1 c9 99 0 0
94 0 1 1 18 c9 0 0
95 0 1 1 4e 18 0 0
96 0 0 1 c8 4e 1 0
97 0 1 0 ca 4e 0 0
98 0 1 1 d6 ca 0 0
99 0 1 0 ed ca 0 0
100 0 1 0 c3 ca 0 0
101 0 1 0 51 ca 1 1
102 0 0 0 f6 ca 1 1
103 0 1 1 c7 ca 1 1
104 0 1 1 22 ca 1 1
105 0 1 0 cd ca 1 1
106 0 1 1 e4 ca 1 1
107 0 1 0 87 ca 1 1
108 0 0 1 80 ca 1 1
109 0 0 1 4f ca 1 1
110 0 0 1 fb ca 1 1
111 0 0 1 db ca 1 1
112 0 0 1 3d ca 1 1
113 0 0 1 3b ca 1 1
114 0 0 1 a2 ca 1 1
115 0 0 1 ce ca 1 1
116 0 0 0 72 ca 1 1
117 0 0 0 ab ca 1 1
118 0 0 1 e2 ca 1 1
119 0 0 1 d8 ca 1 1
120 0 1 0 2a ca 1 1
121 0 1 1 49 ca 1 1
122 0 1 1 75 ca 1 1
123 0 1 1 cf ca 1 1
124 0 1 0 49 ca 1 1
125 0 1 0 5a ca 1 1
126 0 1 1 84 ca 1 1
127 0 1 0 d8 ca 1 1
128 0 1 0 e5 ca 1 1
129 0 1 1 ad ca 1 1
130 0 1 0 5d ca 1 1
131 0 0 1 81 ca 1 1
132 0 1 0 af ca 1 1
133 0 0 1 d0 ca 1 1
134 0 0 0 64 ca 1 1
135 0 1 1 33 ca 1 1
136 0 0 1 4d ca 1 1
137 0 1 0 e7 ca 1 1
138 0 1 1 eb ca 1 1
139 0 0 0 88 ca 1 1
140 0 0 0 9a ca 1 1
141 0 0 1 84 ca 1 1
142 0 0 1 7d ca 1 1
143 0 0 1 c3 ca 1 1
144 0 1 1 94 ca 1 1
145 0 1 1 cb ca 1 1
146 0 1 0 70 ca 1 1
147 0 1 1 a0 ca 1 1
148 0 0 1 ad ca 1 1
149 0 1 1 e2 ca 1 1
150 0 1 0 94 ca 1 1
151 0 0 0 7c ca 1 1
152 0 1 0 95 ca 1 1
153 0 1 1 d5 ca 1 1
154 0 0 0 5b ca 1 1
155 0 0 0 c0 ca 1 1
156 0 0 1 26 ca 1 1
157 0 0 1 4e ca 1 1
158 0 1 1 c3 ca 1 1
159 0 0 0 8c ca 1 1
END 160
