CTTRACE 1 DEPTH=4 WIDTH=8
0 1 1 0 ec d7 1 0
1 0 0 0 bb d7 1 0
2 0 1 0 c6 d7 0 0
3 0 1 0 e7 d7 0 0
4 0 1 0 d8 d7 0 0
5 0 1 0 e3 d7 1 1
6 0 1 1 b9 d7 1 1
7 0 1 0 72 d7 1 1
8 0 0 0 81 d7 1 1
9 0 0 0 b1 d7 1 1
10 0 1 1 be d7 1 1
11 0 1 0 83 d7 1 1
12 0 1 0 5f d7 1 1
13 0 1 1 fa d7 1 1
14 0 0 0 1f d7 1 1
15 0 1 1 c d7 1 1
16 0 1 1 9 d7 1 1
17 0 1 1 49 d7 1 1
18 0 0 1 97 d7 1 1
19 0 1 1 6f d7 1 1
20 0 1 0 36 d7 1 1
21 0 0 1 75 d7 1 1
22 0 0 1 94 d7 1 1
23 0 1 1 b3 d7 1 1
24 0 1 1 4c d7 1 1
25 1 1 0 dc d7 1 0
26 0 1 1 47 d7 0 0
27 0 1 0 4d d7 0 0
28 0 1 0 f8 d7 0 0
29 0 0 0 4e d7 0 0
30 0 1 0 ad d7 1 1
31 0 1 0 d7 d7 1 1
32 0 0 1 e9 d7 1 1
33 0 1 1 68 d7 1 1
34 0 1 0 a3 d7 1 1
35 0 1 0 4e d7 1 1
36 0 0 1 ea d7 1 1
37 0 1 0 3a d7 1 1
38 0 0 1 ce d7 1 1
39 0 0 1 ca d7 1 1
40 0 1 1 28 d7 1 1
41 0 0 0 cd d7 1 1
42 0 1 1 78 d7 1 1
43 0 0 0 71 d7 1 1
44 0 1 0 91 d7 1 1
45 0 0 1 b6 d7 1 1
46 0 0 0 21 d7 1 1
47 0 1 1 8e d7 1 1
48 0 0 1 fb d7 1 1
49 0 1 1 ec d7 1 1
50 0 1 1 6f d7 1 1
51 0 1 1 aa d7 1 1
52 0 0 0 b d7 1 1
53 0 0 0 cc d7 1 1
54 0 1 1 c4 d7 1 1
55 0 1 1 30 d7 1 1
56 0 0 0 a6 d7 1 1
57 0 1 0 d2 d7 1 1
58 0 1 1 e4 d7 1 1
59 0 1 1 78 d7 1 1
60 0 0 0 80 d7 1 1
61 0 1 1 1 d7 1 1
62 0 1 1 fe d7 1 1
63 0 0 0 6c d7 1 1
64 0 0 1 12 d7 1 1
65 0 0 1 ff d7 1 1
66 0 1 0 e d7 1 1
67 0 1 1 f3 d7 1 1
68 0 1 1 20 d7 1 1
69 0 1 0 20 d7 1 1
70 0 0 1 14 d7 1 1
71 0 0 0 cc d7 1 1
72 0 0 1 92 d7 1 1
73 0 0 1 1f d7 1 1
74 0 1 0 b2 d7 1 1
75 0 1 0 bd d7 1 1
76 0 1 1 b7 d7 1 1
77 0 1 0 4d d7 1 1
78 0 1 1 36 d7 1 1
79 0 1 0 3 d7 1 1
80 0 1 0 bf d7 1 1
81 0 1 1 b7 d7 1 1
82 0 1 0 e1 d7 1 1
83 1 1 0 d7 d7 1 0
84 0 0 0 0 d7 1 0
85 0 0 1 c7 d7 1 0
86 0 0 0 82 d7 1 0
87 0 1 1 51 d7 0 0
88 0 0 1 5e 51 1 0
89 0 0 1 a0 51 1 0
90 0 0 1 51 51 1 0
91 0 0 1 6b 51 1 0
92 0 0 1 67 51 1 0
93 0 0 1 75 51 1 0
94 0 0 1 b1 51 1 0
95 0 0 1 ee 51 1 0
96 0 1 0 e1 51 0 0
97 0 0 0 ba 51 0 0
98 0 0 0 94 51 0 0
99 0 1 0 d7 51 0 0
100 0 1 0 8 51 0 0
101 0 1 0 2 51 1 1
102 0 1 1 d0 51 1 1
103 0 1 0 f2 51 1 1
104 0 1 0 d2 51 1 1
105 0 1 1 5 51 1 1
106 0 0 0 e 51 1 1
107 0 0 0 e5 51 1 1
108 0 0 0 92 51 1 1
109 0 0 0 d4 51 1 1
110 0 1 1 58 51 1 1
111 0 0 0 12 51 1 1
112 0 0 0 48 51 1 1
113 0 0 1 30 51 1 1
114 0 1 1 bf 51 1 1
115 0 0 1 0 51 1 1
116 0 0 1 5 51 1 1
117 0 0 0 10 51 1 1
118 0 0 1 94 51 1 1
119 0 0 1 33 51 1 1
120 0 1 1 1 51 1 1
121 0 1 0 c4 51 1 1
122 0 1 0 9e 51 1 1
123 0 1 1 6e 51 1 1
124 0 0 0 65 51 1 1
125 0 1 1 41 51 1 1
126 0 1 0 72 51 1 1
127 0 1 0 f6 51 1 1
128 0 0 0 5 51 1 1
129 0 0 0 0 51 1 1
130 0 1 0 cd 51 1 1
131 0 1 0 6b 51 1 1
132 0 0 1 37 51 1 1
133 0 0 0 64 51 1 1
134 0 0 1 48 51 1 1
135 0 0 1 15 51 1 1
136 0 1 1 f6 51 1 1
137 0 1 1 a7 51 1 1
138 0 0 0 c3 51 1 1
139 0 0 1 7e 51 1 1
140 0 1 1 e4 51 1 1
141 0 0 1 53 51 1 1
142 0 1 1 e 51 1 1
143 0 0 1 e 51 1 1
144 0 0 1 b1 51 1 1
145 0 0 1 55 51 1 1
146 0 1 0 53 51 1 1
147 0 0 0 ca 51 1 1
148 0 0 1 f0 51 1 1
149 0 1 0 aa 51 1 1
150 0 1 0 b8 51 1 1
151 0 1 0 48 51 1 1
152 0 1 0 af 51 1 1
153 1 0 0 f3 51 1 0
154 0 1 0 19 51 0 0
155 0 1 1 3d 19 0 0
156 0 0 1 1a 3d 1 0
157 0 1 0 f2 3d 0 0
158 0 0 0 6f 3d 0 0
159 0 0 1 53 f2 1 0
END 160
