CTTRACE 1 DEPTH=4 WIDTH=8
0 1 1 1 8f d7 1 0
1 0 1 0 96 d7 0 0
2 0 0 1 7f 96 1 0
3 0 1 1 20 96 0 0
4 0 1 0 b2 96 0 0
5 0 1 0 75 96 0 0
6 0 1 0 98 96 1 1
7 0 1 1 18 96 1 1
8 0 0 0 e5 96 1 1
9 0 1 0 ca 96 1 1
10 0 1 1 85 96 1 1
11 0 1 0 18 96 1 1
12 0 0 1 db 96 1 1
13 0 0 1 62 96 1 1
14 0 0 0 d0 96 1 1
15 0 0 1 99 96 1 1
16 0 0 0 46 96 1 1
17 0 0 1 a9 96 1 1
18 0 0 0 1d 96 1 1
19 0 1 1 5f 96 1 1
20 0 0 1 9e 96 1 1
21 0 1 1 f7 96 1 1
22 0 0 1 7e 96 1 1
23 0 0 1 60 96 1 1
24 0 1 0 f4 96 1 1
25 0 1 1 6f 96 1 1
26 0 1 0 58 96 1 1
27 0 0 0 13 96 1 1
28 0 1 0 9f 96 1 1
29 0 1 1 b 96 1 1
30 0 0 0 5 96 1 1
31 0 0 0 e9 96 1 1
32 0 0 0 11 96 1 1
33 0 1 0 fe 96 1 1
34 0 1 0 d2 96 1 1
35 0 1 0 91 96 1 1
36 0 0 1 6c 96 1 1
37 0 0 0 49 96 1 1
38 0 0 0 e6 96 1 1
39 0 0 0 4e 96 1 1
40 0 0 0 c8 96 1 1
41 0 0 0 77 96 1 1
42 0 0 1 88 96 1 1
43 0 0 1 51 96 1 1
44 0 0 1 65 96 1 1
45 0 0 1 e9 96 1 1
46 0 1 0 33 96 1 1
47 0 0 0 62 96 1 1
48 0 1 0 a2 96 1 1
49 0 1 0 c2 96 1 1
50 0 0 1 93 96 1 1
51 0 1 0 8c 96 1 1
52 0 1 1 92 96 1 1
53 0 1 0 eb 96 1 1
54 0 1 0 d8 96 1 1
55 0 1 0 8a 96 1 1
56 0 1 1 d1 96 1 1
57 0 1 0 e7 96 1 1
58 0 1 0 9d 96 1 1
59 0 1 0 60 96 1 1
60 0 0 1 c6 96 1 1
61 0 1 1 3 96 1 1
62 0 0 1 8d 96 1 1
63 0 1 1 79 96 1 1
64 0 0 1 2 96 1 1
65 0 0 1 61 96 1 1
66 0 0 0 22 96 1 1
67 0 1 0 75 96 1 1
68 0 0 1 69 96 1 1
69 0 0 1 2d 96 1 1
70 0 1 1 ac 96 1 1
71 0 0 1 c3 96 1 1
72 0 1 0 d5 96 1 1
73 0 0 0 15 96 1 1
74 0 1 0 44 96 1 1
75 0 0 0 8f 96 1 1
76 0 1 1 79 96 1 1
77 0 1 0 70 96 1 1
78 0 1 0 e6 96 1 1
79 0 1 1 88 96 1 1
80 0 1 0 85 96 1 1
81 0 1 1 83 96 1 1
82 0 1 1 87 96 1 1
83 0 1 0 24 96 1 1
84 0 0 1 d7 96 1 1
85 0 1 0 d 96 1 1
86 0 0 0 fe 96 1 1
87 0 0 0 a9 96 1 1
88 1 0 1 af 96 1 0
89 0 0 1 3d 96 1 0
90 0 1 1 d8 96 0 0
91 0 0 1 18 d8 1 0
92 0 0 1 25 d8 1 0
93 0 0 1 93 d8 1 0
94 0 1 1 eb d8 0 0
95 0 0 0 9d d8 0 0
96 0 0 0 87 d8 0 0
97 0 1 1 7b eb 0 0
98 0 1 0 87 eb 0 0
99 0 1 0 78 eb 0 0
100 0 1 1 e5 7b 0 0
101 0 1 0 88 7b 1 1
102 0 1 0 d1 7b 1 1
103 0 1 1 ed 7b 1 1
104 0 1 0 ee 7b 1 1
105 0 1 1 49 7b 1 1
106 0 0 0 b1 7b 1 1
107 0 1 0 6d 7b 1 1
108 0 0 1 8 7b 1 1
109 0 0 1 97 7b 1 1
110 0 0 0 92 7b 1 1
111 0 0 1 e4 7b 1 1
112 0 0 1 b9 7b 1 1
113 0 0 0 e1 7b 1 1
114 0 0 0 a2 7b 1 1
115 0 0 1 79 7b 1 1
116 0 0 1 5e 7b 1 1
117 0 0 1 97 7b 1 1
118 0 0 1 dc 7b 1 1
119 0 0 1 6 7b 1 1
120 0 1 1 4b 7b 1 1
121 1 1 1 b3 7b 1 0
122 0 0 0 d9 7b 1 0
123 0 0 1 f6 7b 1 0
124 0 1 1 22 7b 0 0
125 0 1 1 e2 22 0 0
126 0 0 1 bf e2 1 0
127 0 0 0 c6 e2 1 0
128 0 1 0 b6 e2 0 0
129 0 1 0 89 e2 0 0
130 0 1 0 af e2 0 0
131 0 0 0 ca e2 0 0
132 0 0 0 e6 e2 0 0
133 0 0 1 19 b6 0 0
134 0 1 1 8e 89 0 0
135 0 0 1 4e af 0 0
136 0 1 1 9d 8e 0 0
137 0 0 1 3b 9d 1 0
138 0 0 0 35 9d 1 0
139 0 1 1 1 9d 0 0
140 0 1 1 66 1 0 0
141 0 1 1 3b 66 0 0
142 0 0 1 db 3b 1 0
143 0 1 1 2b 3b 0 0
144 0 1 0 57 3b 0 0
145 0 1 0 c6 3b 0 0
146 0 1 0 0 3b 1 1
147 0 1 1 83 3b 1 1
148 0 1 0 80 3b 1 1
149 1 1 0 7d 3b 1 0
150 0 1 0 97 3b 0 0
151 0 1 1 d9 97 0 0
152 0 1 1 af d9 0 0
153 0 0 0 cb d9 0 0
154 0 0 1 14 af 1 0
155 0 1 0 e8 af 0 0
156 0 0 0 2f af 0 0
157 0 0 0 b9 af 0 0
158 0 1 0 8 af 0 0
159 0 0 1 3a e8 0 0
END 160
