CTTRACE 1 DEPTH=4 WIDTH=8
0 1 0 1 c1 d7 1 0
1 0 1 0 92 d7 0 0
2 0 1 0 b2 d7 0 0
3 0 1 0 3f d7 0 0
4 0 1 1 2b 92 0 0
5 0 1 0 27 92 1 1
6 0 1 0 3 92 1 1
7 0 1 0 c0 92 1 1
8 0 1 0 94 92 1 1
9 0 1 0 a4 92 1 1
10 0 1 0 cc 92 1 1
11 0 1 0 ac 92 1 1
12 0 1 1 23 92 1 1
13 0 0 0 b5 92 1 1
14 0 1 0 7c 92 1 1
15 0 0 0 5 92 1 1
16 0 0 1 f2 92 1 1
17 0 0 1 33 92 1 1
18 0 0 0 82 92 1 1
19 0 0 0 be 92 1 1
20 0 0 0 8c 92 1 1
21 0 0 1 56 92 1 1
22 0 1 1 15 92 1 1
23 0 0 1 69 92 1 1
24 0 1 1 73 92 1 1
25 0 0 1 23 92 1 1
26 1 0 0 b7 92 1 0
27 0 1 0 ba 92 0 0
28 0 0 0 a3 92 0 0
29 0 0 1 dd ba 1 0
30 0 1 0 cf ba 0 0
31 0 1 0 e2 ba 0 0
32 0 1 1 dc cf 0 0
33 0 0 0 ea cf 0 0
34 0 1 0 c1 cf 0 0
35 0 1 0 11 cf 1 1
36 0 0 0 ce cf 1 1
37 0 0 1 18 cf 1 1
38 0 1 0 23 cf 1 1
39 0 0 1 26 cf 1 1
40 0 1 0 8d cf 1 1
41 0 0 1 a0 cf 1 1
42 0 1 1 bf cf 1 1
43 1 0 0 12 cf 1 0
44 0 0 1 d8 cf 1 0
45 0 1 0 37 cf 0 0
46 0 0 1 c 37 1 0
47 0 0 1 e2 37 1 0
48 0 1 0 85 37 0 0
49 0 1 1 28 85 0 0
50 0 1 1 8f 28 0 0
51 0 1 0 91 28 0 0
52 0 1 1 1c 8f 0 0
53 0 1 1 6c 91 0 0
54 0 1 0 43 91 0 0
55 0 0 0 c8 91 0 0
56 0 1 0 15 91 1 1
57 0 0 1 e5 91 1 1
58 0 1 1 18 91 1 1
59 0 1 0 6e 91 1 1
60 0 0 0 33 91 1 1
61 0 0 1 f6 91 1 1
62 0 1 1 7f 91 1 1
63 0 0 0 71 91 1 1
64 0 0 1 77 91 1 1
65 0 0 0 db 91 1 1
66 0 0 1 aa 91 1 1
67 0 1 1 69 91 1 1
68 1 0 1 37 91 1 0
69 0 0 1 69 91 1 0
70 0 1 1 5 91 0 0
71 0 0 1 85 5 1 0
72 0 1 1 b8 5 0 0
73 0 1 0 c 5 0 0
74 0 1 1 17 b8 0 0
75 0 0 1 70 c 0 0
76 0 1 0 d5 c 0 0
77 0 1 0 ed c 0 0
78 0 1 0 6e c 1 1
79 0 1 0 67 c 1 1
80 0 1 0 fd c 1 1
81 0 1 0 90 c 1 1
82 0 1 0 d8 c 1 1
83 0 1 0 37 c 1 1
84 0 1 1 36 c 1 1
85 0 0 1 fd c 1 1
86 0 0 0 67 c 1 1
87 0 0 1 2e c 1 1
88 1 0 1 5a c 1 0
89 0 0 1 7b c 1 0
90 0 0 1 1e c 1 0
91 0 0 1 5 c 1 0
92 0 1 1 42 c 0 0
93 0 1 1 48 42 0 0
94 0 1 1 be 48 0 0
95 0 0 1 b9 be 1 0
96 0 1 1 fd be 0 0
97 0 1 0 a8 be 0 0
98 0 1 0 96 be 0 0
99 0 1 0 b9 be 1 1
100 0 0 1 a0 be 1 1
101 0 1 0 7a be 1 1
102 0 1 0 73 be 1 1
103 0 0 0 f2 be 1 1
104 0 1 1 56 be 1 1
105 0 1 0 e2 be 1 1
106 0 1 1 56 be 1 1
107 0 1 0 d0 be 1 1
108 0 1 1 91 be 1 1
109 0 0 1 3b be 1 1
110 0 0 1 a be 1 1
111 0 0 1 1 be 1 1
112 0 1 0 38 be 1 1
113 0 0 0 58 be 1 1
114 0 1 1 77 be 1 1
115 0 0 0 16 be 1 1
116 0 1 0 d7 be 1 1
117 0 1 0 df be 1 1
118 0 0 1 ae be 1 1
119 0 0 1 b5 be 1 1
120 0 1 1 c6 be 1 1
121 0 0 1 4 be 1 1
122 0 1 0 c9 be 1 1
123 0 1 0 f6 be 1 1
124 0 0 1 ad be 1 1
125 0 0 1 18 be 1 1
126 0 1 0 26 be 1 1
127 0 1 0 7d be 1 1
128 0 1 0 e9 be 1 1
129 0 1 0 a3 be 1 1
130 0 0 0 2 be 1 1
131 0 0 1 94 be 1 1
132 0 1 1 75 be 1 1
133 0 0 0 66 be 1 1
134 0 0 1 3b be 1 1
135 0 0 1 f6 be 1 1
136 0 0 1 82 be 1 1
137 0 0 1 12 be 1 1
138 0 1 1 e9 be 1 1
139 0 1 1 a2 be 1 1
140 0 1 1 ca be 1 1
141 0 1 0 6f be 1 1
142 0 1 1 fd be 1 1
143 0 1 0 90 be 1 1
144 0 1 1 47 be 1 1
145 0 0 0 36 be 1 1
146 0 1 0 43 be 1 1
147 0 1 0 9c be 1 1
148 0 1 0 f5 be 1 1
149 0 1 0 59 be 1 1
150 0 1 0 db be 1 1
151 0 1 1 62 be 1 1
152 0 1 1 64 be 1 1
153 0 1 1 ef be 1 1
154 0 1 1 fc be 1 1
155 0 1 0 97 be 1 1
156 0 0 1 a4 be 1 1
157 0 1 1 a1 be 1 1
158 0 0 1 6c be 1 1
159 0 0 1 f8 be 1 1
END 160
