SBY 19:47:12 [mutant_38_equiv] Removing directory '/tmp/work/checks/mutant_38_equiv'.
SBY 19:47:12 [mutant_38_equiv] Copy '/tmp/work/checks/golden.v' to '/tmp/work/checks/mutant_38_equiv/src/golden.v'.
SBY 19:47:12 [mutant_38_equiv] Copy '/tmp/work/checks/all_mut.v' to '/tmp/work/checks/mutant_38_equiv/src/all_mut.v'.
SBY 19:47:12 [mutant_38_equiv] Copy '/tmp/work/checks/mutant.sv' to '/tmp/work/checks/mutant_38_equiv/src/mutant.sv'.
SBY 19:47:12 [mutant_38_equiv] Copy '/tmp/work/checks/miter.sv' to '/tmp/work/checks/mutant_38_equiv/src/miter.sv'.
SBY 19:47:12 [mutant_38_equiv] engine_0: abc pdr
SBY 19:47:12 [mutant_38_equiv] base: starting process "cd mutant_38_equiv/src; yosys -ql ../model/design.log ../model/design.ys"
SBY 19:47:12 [mutant_38_equiv] base: Warning: Encountered `parallel_case' comment! Such legacy hot comments are supported by Yosys, but are not part of any formal language specification. Using the Verilog `parallel_case' attribute or the SystemVerilog `unique' or `priority' keywords is recommended!
SBY 19:47:12 [mutant_38_equiv] base: finished (returncode=0)
SBY 19:47:12 [mutant_38_equiv] prep: starting process "cd mutant_38_equiv/model; yosys -ql design_prep.log design_prep.ys"
SBY 19:47:12 [mutant_38_equiv] prep: finished (returncode=0)
SBY 19:47:12 [mutant_38_equiv] aig: starting process "cd mutant_38_equiv/model; yosys -ql design_aiger.log design_aiger.ys"
SBY 19:47:12 [mutant_38_equiv] aig: Warning: Treating undriven bit ct_miter.\clk like $anyseq.
SBY 19:47:12 [mutant_38_equiv] aig: Warning: Treating undriven bit ct_miter.\wr_en like $anyseq.
SBY 19:47:12 [mutant_38_equiv] aig: Warning: Treating undriven bit ct_miter.\rst like $anyseq.
SBY 19:47:12 [mutant_38_equiv] aig: Warning: Treating undriven bit ct_miter.\rd_en like $anyseq.
SBY 19:47:12 [mutant_38_equiv] aig: Warning: Treating undriven bit ct_miter.\din [0] like $anyseq.
SBY 19:47:12 [mutant_38_equiv] aig: Warning: Treating undriven bit ct_miter.\din [1] like $anyseq.
SBY 19:47:12 [mutant_38_equiv] aig: Warning: Treating undriven bit ct_miter.\din [2] like $anyseq.
SBY 19:47:12 [mutant_38_equiv] aig: Warning: Treating undriven bit ct_miter.\din [3] like $anyseq.
SBY 19:47:12 [mutant_38_equiv] aig: Warning: Treating undriven bit ct_miter.\din [4] like $anyseq.
SBY 19:47:12 [mutant_38_equiv] aig: Warning: Treating undriven bit ct_miter.\din [5] like $anyseq.
SBY 19:47:12 [mutant_38_equiv] aig: Warning: Treating undriven bit ct_miter.\din [6] like $anyseq.
SBY 19:47:12 [mutant_38_equiv] aig: Warning: Treating undriven bit ct_miter.\din [7] like $anyseq.
SBY 19:47:12 [mutant_38_equiv] aig: Warning: Treating a total of 12 undriven bits in ct_miter like $anyseq.
SBY 19:47:12 [mutant_38_equiv] aig: finished (returncode=0)
SBY 19:47:12 [mutant_38_equiv] engine_0: starting process "cd mutant_38_equiv; yosys-abc -c 'read_aiger model/design_aiger.aig; fold; strash; pdr -v -l; write_cex -a engine_0/trace.aiw'"
SBY 19:47:12 [mutant_38_equiv] engine_0: ======== ABC command line "read_aiger model/design_aiger.aig; fold; strash; pdr -v -l; write_cex -a engine_0/trace.aiw"
SBY 19:47:12 [mutant_38_equiv] engine_0: Warning: The last 2 outputs are interpreted as constraints.
SBY 19:47:12 [mutant_38_equiv] engine_0: VarMax = 300. FrameMax = 10000. QueMax = 0. TimeMax = 159. MonoCNF = no. SkipGen = no. SolveAll = no.
SBY 19:47:12 [mutant_38_equiv] engine_0: Frame Clauses                                                     Max Queue Flops Time
SBY 19:47:12 [mutant_38_equiv] engine_0: 1 : 0 2                                                                 1     2      0.00 sec  T/O =  0  PRV =  0
SBY 19:47:12 [mutant_38_equiv] engine_0: 2 : 0 8 12                                                              5    15      0.00 sec  T/O =  0  PRV =  0
SBY 19:47:12 [mutant_38_equiv] engine_0: 3 : 0 5 7 7 ~1                                                           2    15      0.00 sec  T/O =  0  PRV =  0
SBY 19:47:12 [mutant_38_equiv] engine_0: 4 : 0 7 13 31 24 ~1                                                     15    28      0.01 sec  T/O =  0  PRV =  0
SBY 19:47:12 [mutant_38_equiv] engine_0: 4 : 0 7 13 57 61 ~1                                                      5    62      0.02 sec  T/O =  0  PRV =  0
SBY 19:47:12 [mutant_38_equiv] engine_0: 4 : 0 7 13 79 100 ~1                                                     5    70      0.04 sec  T/O =  0  PRV =  0
SBY 19:47:12 [mutant_38_equiv] engine_0: 4 : 0 7 13 82 108 ~1                                                     5    71      0.04 sec  T/O =  0  PRV =  0
SBY 19:47:12 [mutant_38_equiv] engine_0: 5 : 0 6 9 37 106 13 ~1                                                   0    71      0.05 sec  T/O =  0  PRV =  0
SBY 19:47:12 [mutant_38_equiv] engine_0: 6 : 0 6 9 37 115 44 21 ~1                                               20    73      0.07 sec  T/O =  0  PRV =  0
SBY 19:47:12 [mutant_38_equiv] engine_0: 6 : 0 6 9 37 118 66 60 ~1                                               19    81      0.08 sec  T/O =  0  PRV =  0
SBY 19:47:13 [mutant_38_equiv] engine_0: 6 : 0 6 9 37 123 94 93 ~1                                                9    83      0.10 sec  T/O =  0  PRV =  0
SBY 19:47:13 [mutant_38_equiv] engine_0: 6 : 0 6 9 37 127 121 126 ~1                                              9    87      0.12 sec  T/O =  0  PRV =  0
SBY 19:47:13 [mutant_38_equiv] engine_0: 6 : 0 6 9 37 131 146 160 ~1                                              9    91      0.13 sec  T/O =  0  PRV =  0
SBY 19:47:13 [mutant_38_equiv] engine_0: 6 : 0 6 9 37 135 175 192 ~1                                              9    99      0.15 sec  T/O =  0  PRV =  0
SBY 19:47:13 [mutant_38_equiv] engine_0: 6 : 0 6 9 37 139 203 226 ~1                                              9   103      0.17 sec  T/O =  0  PRV =  0
SBY 19:47:13 [mutant_38_equiv] engine_0: 6 : 0 6 9 37 143 231 257 ~1                                              9   103      0.19 sec  T/O =  0  PRV =  0
SBY 19:47:13 [mutant_38_equiv] engine_0: 6 : 0 6 9 37 145 244 284 ~1                                              9   103      0.20 sec  T/O =  0  PRV =  0
SBY 19:47:13 [mutant_38_equiv] engine_0: 7 : 0 6 9 29 73 111 215 110 ~1                                           0   103      0.23 sec  T/O =  0  PRV =  0
SBY 19:47:13 [mutant_38_equiv] engine_0: 8 : 0 6 9 29 73 112 222 72 80 ~1                                        10   103      0.27 sec  T/O =  0  PRV =  0
SBY 19:47:13 [mutant_38_equiv] engine_0: Timing out on output 0 in frame 8 (retrying in next anytime pass).
SBY 19:47:13 [mutant_38_equiv] engine_0: 8 : 0 6 9 29 73 112 222 72 80 ~1                                         0   103      0.27 sec  T/O =  1  PRV =  0
SBY 19:47:13 [mutant_38_equiv] engine_0: Proved output 1 in frame 8.
SBY 19:47:13 [mutant_38_equiv] engine_0: Proved output 2 in frame 8.
SBY 19:47:13 [mutant_38_equiv] engine_0: 9 : 0 6 9 28 69 88 203 59 11 16 ~63                                      0   103      0.29 sec  T/O =  1  PRV =  2
SBY 19:47:13 [mutant_38_equiv] engine_0: 10 : 0 6 9 28 69 88 203 59 11 7 9 ~63                                     0   103      0.30 sec  T/O =  1  PRV =  2
SBY 19:47:13 [mutant_38_equiv] engine_0: All outputs solved or timed out in frame 10.
SBY 19:47:13 [mutant_38_equiv] engine_0: Starting new anytime pass, reusing clauses.
SBY 19:47:13 [mutant_38_equiv] engine_0: Frame Clauses                                                     Max Queue Flops Time
SBY 19:47:13 [mutant_38_equiv] engine_0: 1 : 0 348 ~59                                                            0     0      0.03 sec  T/O =  0  PRV =  2
SBY 19:47:13 [mutant_38_equiv] engine_0: 2 : 0 3 345 ~59                                                          0     0      0.03 sec  T/O =  0  PRV =  2
SBY 19:47:13 [mutant_38_equiv] engine_0: 3 : 0 3 3 342 ~59                                                        0     0      0.03 sec  T/O =  0  PRV =  2
SBY 19:47:13 [mutant_38_equiv] engine_0: 4 : 0 3 3 18 324 ~59                                                     0     0      0.04 sec  T/O =  0  PRV =  2
SBY 19:47:13 [mutant_38_equiv] engine_0: 5 : 0 3 3 18 33 291 ~59                                                  0     0      0.04 sec  T/O =  0  PRV =  2
SBY 19:47:13 [mutant_38_equiv] engine_0: 6 : 0 3 3 18 33 48 243 ~59                                               0     0      0.04 sec  T/O =  0  PRV =  2
SBY 19:47:13 [mutant_38_equiv] engine_0: 7 : 0 3 3 18 33 48 177 66 ~59                                            0     0      0.05 sec  T/O =  0  PRV =  2
SBY 19:47:13 [mutant_38_equiv] engine_0: 8 : 0 3 3 18 33 48 183 78 35 ~59                                        10    20      0.08 sec  T/O =  0  PRV =  2
SBY 19:47:13 [mutant_38_equiv] engine_0: 8 : 0 3 3 18 33 48 190 104 65 ~59                                       10    35      0.09 sec  T/O =  0  PRV =  2
SBY 19:47:13 [mutant_38_equiv] engine_0: 8 : 0 3 3 18 33 48 196 133 94 ~59                                        8    49      0.11 sec  T/O =  0  PRV =  2
SBY 19:47:13 [mutant_38_equiv] engine_0: 8 : 0 3 3 18 33 48 200 162 126 ~59                                      10    71      0.13 sec  T/O =  0  PRV =  2
SBY 19:47:13 [mutant_38_equiv] engine_0: 8 : 0 3 3 18 33 48 205 185 161 ~59                                       7    84      0.15 sec  T/O =  0  PRV =  2
SBY 19:47:13 [mutant_38_equiv] engine_0: 8 : 0 3 3 18 33 48 209 213 194 ~59                                       7    96      0.17 sec  T/O =  0  PRV =  2
SBY 19:47:13 [mutant_38_equiv] engine_0: 8 : 0 3 3 18 33 48 211 224 212 ~59                                       6    98      0.18 sec  T/O =  0  PRV =  2
SBY 19:47:13 [mutant_38_equiv] engine_0: 9 : 0 3 3 12 26 27 32 46 171 231 ~80                                    13    98      0.24 sec  T/O =  0  PRV =  2
SBY 19:47:13 [mutant_38_equiv] engine_0: 10 : 0 3 3 10 21 25 25 32 142 168 62 ~107                                 7    98      0.28 sec  T/O =  0  PRV =  2
SBY 19:47:13 [mutant_38_equiv] engine_0: 11 : 0 3 3 10 20 25 25 30 135 173 74 24 ~101                             18    98      0.32 sec  T/O =  0  PRV =  2
SBY 19:47:13 [mutant_38_equiv] engine_0: 11 : 0 3 3 10 20 25 25 30 135 184 94 50 ~101                             15    98      0.34 sec  T/O =  0  PRV =  2
SBY 19:47:13 [mutant_38_equiv] engine_0: 11 : 0 3 3 10 20 25 25 30 135 193 105 59 ~101                            11    98      0.35 sec  T/O =  0  PRV =  2
SBY 19:47:13 [mutant_38_equiv] engine_0: Timing out on output 0 in frame 11 (retrying in next anytime pass).
SBY 19:47:13 [mutant_38_equiv] engine_0: 11 : 0 3 3 10 20 25 25 30 135 193 105 59 ~101                             0    98      0.35 sec  T/O =  1  PRV =  2
SBY 19:47:13 [mutant_38_equiv] engine_0: 12 : 0 3 3 10 19 23 21 24 106 124 47 17 55 ~148                           0    98      0.38 sec  T/O =  1  PRV =  2
SBY 19:47:13 [mutant_38_equiv] engine_0: All outputs solved or timed out in frame 12.
SBY 19:47:13 [mutant_38_equiv] engine_0: Starting new anytime pass, reusing clauses.
SBY 19:47:13 [mutant_38_equiv] engine_0: Frame Clauses                                                     Max Queue Flops Time
SBY 19:47:13 [mutant_38_equiv] engine_0: 1 : 0 290 ~202                                                           0     0      0.05 sec  T/O =  0  PRV =  2
SBY 19:47:13 [mutant_38_equiv] engine_0: 2 : 0 3 287 ~202                                                         0     0      0.05 sec  T/O =  0  PRV =  2
SBY 19:47:13 [mutant_38_equiv] engine_0: 3 : 0 3 3 284 ~202                                                       0     0      0.05 sec  T/O =  0  PRV =  2
SBY 19:47:13 [mutant_38_equiv] engine_0: 4 : 0 3 3 10 274 ~202                                                    0     0      0.05 sec  T/O =  0  PRV =  2
SBY 19:47:13 [mutant_38_equiv] engine_0: 5 : 0 3 3 10 18 256 ~202                                                 0     0      0.05 sec  T/O =  0  PRV =  2
SBY 19:47:13 [mutant_38_equiv] engine_0: 6 : 0 3 3 10 18 20 236 ~202                                              0     0      0.05 sec  T/O =  0  PRV =  2
SBY 19:47:13 [mutant_38_equiv] engine_0: 7 : 0 3 3 10 18 20 9 227 ~202                                            0     0      0.05 sec  T/O =  0  PRV =  2
SBY 19:47:13 [mutant_38_equiv] engine_0: 8 : 0 3 3 10 18 20 9 18 209 ~202                                         0     0      0.05 sec  T/O =  0  PRV =  2
SBY 19:47:13 [mutant_38_equiv] engine_0: 9 : 0 3 3 10 18 20 9 18 81 128 ~202                                      0     0      0.06 sec  T/O =  0  PRV =  2
SBY 19:47:13 [mutant_38_equiv] engine_0: 10 : 0 3 3 10 18 20 9 18 81 94 34 ~202                                    0     0      0.06 sec  T/O =  0  PRV =  2
SBY 19:47:13 [mutant_38_equiv] engine_0: 11 : 0 3 3 10 18 20 9 18 85 112 58 10 ~202                               14    20      0.09 sec  T/O =  0  PRV =  2
SBY 19:47:13 [mutant_38_equiv] engine_0: 11 : 0 3 3 10 18 20 9 19 87 123 76 35 ~202                               13    30      0.10 sec  T/O =  0  PRV =  2
SBY 19:47:13 [mutant_38_equiv] engine_0: 11 : 0 3 3 10 18 20 9 19 87 132 96 61 ~202                               15    43      0.12 sec  T/O =  0  PRV =  2
SBY 19:47:13 [mutant_38_equiv] engine_0: 11 : 0 3 3 10 18 20 9 20 92 145 116 81 ~202                              15    54      0.13 sec  T/O =  0  PRV =  2
SBY 19:47:13 [mutant_38_equiv] engine_0: 11 : 0 3 3 10 18 20 9 20 92 152 142 104 ~202                             12    61      0.15 sec  T/O =  0  PRV =  2
SBY 19:47:13 [mutant_38_equiv] engine_0: 11 : 0 3 3 10 18 20 9 20 92 156 162 134 ~202                             11    69      0.17 sec  T/O =  0  PRV =  2
SBY 19:47:13 [mutant_38_equiv] engine_0: 11 : 0 3 3 10 18 20 9 20 92 163 189 155 ~202                             12    73      0.18 sec  T/O =  0  PRV =  2
SBY 19:47:13 [mutant_38_equiv] engine_0: 11 : 0 3 3 10 18 20 9 20 92 164 207 186 ~202                             13    77      0.20 sec  T/O =  0  PRV =  2
SBY 19:47:13 [mutant_38_equiv] engine_0: 12 : 0 3 3 5 11 12 4 3 0 0 0 0 268 ~273                                   0    77      0.24 sec  T/O =  0  PRV =  2
SBY 19:47:13 [mutant_38_equiv] engine_0: Proved output 0 in frame -2 (converged).
SBY 19:47:13 [mutant_38_equiv] engine_0: Block =   17  Oblig =  3106  Clause =  1884  Call = 27249 (sat=63.3%)  Cex =   0  Start =  78
SBY 19:47:13 [mutant_38_equiv] engine_0: SAT solving =     0.65 sec ( 70.39 %)
SBY 19:47:13 [mutant_38_equiv] engine_0: unsat     =     0.13 sec ( 13.69 %)
SBY 19:47:13 [mutant_38_equiv] engine_0: sat       =     0.53 sec ( 56.70 %)
SBY 19:47:13 [mutant_38_equiv] engine_0: Generalize  =     0.41 sec ( 44.25 %)
SBY 19:47:13 [mutant_38_equiv] engine_0: Push clause =     0.24 sec ( 25.98 %)
SBY 19:47:13 [mutant_38_equiv] engine_0: Ternary sim =     0.01 sec (  1.44 %)
SBY 19:47:13 [mutant_38_equiv] engine_0: Containment =     0.00 sec (  0.21 %)
SBY 19:47:13 [mutant_38_equiv] engine_0: CNF compute =     0.02 sec (  2.25 %)
SBY 19:47:13 [mutant_38_equiv] engine_0: Refinement  =     0.00 sec (  0.00 %)
SBY 19:47:13 [mutant_38_equiv] engine_0: TOTAL       =     0.93 sec (100.00 %)
SBY 19:47:13 [mutant_38_equiv] engine_0: Property proved.  Time =     0.93 sec
SBY 19:47:13 [mutant_38_equiv] engine_0: Counter-example is not available.
SBY 19:47:13 [mutant_38_equiv] engine_0: finished (returncode=0)
SBY 19:47:13 [mutant_38_equiv] engine_0: Status returned by engine: PASS
SBY 19:47:13 [mutant_38_equiv] summary: Elapsed clock time [H:MM:SS (secs)]: 0:00:01 (1)
SBY 19:47:13 [mutant_38_equiv] summary: Elapsed process time [H:MM:SS (secs)]: 0:00:01 (1)
SBY 19:47:13 [mutant_38_equiv] summary: engine_0 (abc pdr) returned PASS
SBY 19:47:13 [mutant_38_equiv] summary: engine_0 did not produce any traces
SBY 19:47:13 [mutant_38_equiv] DONE (PASS, rc=0)
