SBY 17:13:18 [mutant_38_equiv] Removing directory '/tmp/work/checks/mutant_38_equiv'.
SBY 17:13:18 [mutant_38_equiv] Copy '/tmp/work/checks/golden.v' to '/tmp/work/checks/mutant_38_equiv/src/golden.v'.
SBY 17:13:18 [mutant_38_equiv] Copy '/tmp/work/checks/all_mut.v' to '/tmp/work/checks/mutant_38_equiv/src/all_mut.v'.
SBY 17:13:18 [mutant_38_equiv] Copy '/tmp/work/checks/mutant.sv' to '/tmp/work/checks/mutant_38_equiv/src/mutant.sv'.
SBY 17:13:18 [mutant_38_equiv] Copy '/tmp/work/checks/miter.sv' to '/tmp/work/checks/mutant_38_equiv/src/miter.sv'.
SBY 17:13:18 [mutant_38_equiv] engine_0: abc pdr
SBY 17:13:18 [mutant_38_equiv] base: starting process "cd mutant_38_equiv/src; yosys -ql ../model/design.log ../model/design.ys"
SBY 17:13:18 [mutant_38_equiv] base: Warning: Encountered `parallel_case' comment! Such legacy hot comments are supported by Yosys, but are not part of any formal language specification. Using the Verilog `parallel_case' attribute or the SystemVerilog `unique' or `priority' keywords is recommended!
SBY 17:13:18 [mutant_38_equiv] base: finished (returncode=0)
SBY 17:13:18 [mutant_38_equiv] prep: starting process "cd mutant_38_equiv/model; yosys -ql design_prep.log design_prep.ys"
SBY 17:13:18 [mutant_38_equiv] prep: finished (returncode=0)
SBY 17:13:18 [mutant_38_equiv] aig: starting process "cd mutant_38_equiv/model; yosys -ql design_aiger.log design_aiger.ys"
SBY 17:13:18 [mutant_38_equiv] aig: Warning: Treating undriven bit ct_miter.\clk like $anyseq.
SBY 17:13:18 [mutant_38_equiv] aig: Warning: Treating undriven bit ct_miter.\wr_en like $anyseq.
SBY 17:13:18 [mutant_38_equiv] aig: Warning: Treating undriven bit ct_miter.\rst like $anyseq.
SBY 17:13:18 [mutant_38_equiv] aig: Warning: Treating undriven bit ct_miter.\rd_en like $anyseq.
SBY 17:13:18 [mutant_38_equiv] aig: Warning: Treating undriven bit ct_miter.\din [0] like $anyseq.
SBY 17:13:18 [mutant_38_equiv] aig: Warning: Treating undriven bit ct_miter.\din [1] like $anyseq.
SBY 17:13:18 [mutant_38_equiv] aig: Warning: Treating undriven bit ct_miter.\din [2] like $anyseq.
SBY 17:13:18 [mutant_38_equiv] aig: Warning: Treating undriven bit ct_miter.\din [3] like $anyseq.
SBY 17:13:18 [mutant_38_equiv] aig: Warning: Treating undriven bit ct_miter.\din [4] like $anyseq.
SBY 17:13:18 [mutant_38_equiv] aig: Warning: Treating undriven bit ct_miter.\din [5] like $anyseq.
SBY 17:13:18 [mutant_38_equiv] aig: Warning: Treating undriven bit ct_miter.\din [6] like $anyseq.
SBY 17:13:18 [mutant_38_equiv] aig: Warning: Treating undriven bit ct_miter.\din [7] like $anyseq.
SBY 17:13:18 [mutant_38_equiv] aig: Warning: Treating a total of 12 undriven bits in ct_miter like $anyseq.
SBY 17:13:18 [mutant_38_equiv] aig: finished (returncode=0)
SBY 17:13:18 [mutant_38_equiv] engine_0: starting process "cd mutant_38_equiv; yosys-abc -c 'read_aiger model/design_aiger.aig; fold; strash; pdr -v -l; write_cex -a engine_0/trace.aiw'"
SBY 17:13:18 [mutant_38_equiv] engine_0: ======== ABC command line "read_aiger model/design_aiger.aig; fold; strash; pdr -v -l; write_cex -a engine_0/trace.aiw"
SBY 17:13:18 [mutant_38_equiv] engine_0: Warning: The last 2 outputs are interpreted as constraints.
SBY 17:13:18 [mutant_38_equiv] engine_0: VarMax = 300. FrameMax = 10000. QueMax = 0. TimeMax = 159. MonoCNF = no. SkipGen = no. SolveAll = no.
SBY 17:13:18 [mutant_38_equiv] engine_0: Frame Clauses                                                     Max Queue Flops Time
SBY 17:13:18 [mutant_38_equiv] engine_0: 1 : 0 2                                                                 1     2      0.00 sec  T/O =  0  PRV =  0
SBY 17:13:18 [mutant_38_equiv] engine_0: 2 : 0 8 12                                                              5    15      0.01 sec  T/O =  0  PRV =  0
SBY 17:13:18 [mutant_38_equiv] engine_0: 3 : 0 5 7 7 ~1                                                           2    15      0.01 sec  T/O =  0  PRV =  0
SBY 17:13:18 [mutant_38_equiv] engine_0: 4 : 0 7 13 31 24 ~1                                                     15    28      0.02 sec  T/O =  0  PRV =  0
SBY 17:13:18 [mutant_38_equiv] engine_0: 4 : 0 7 13 57 61 ~1                                                      5    62      0.03 sec  T/O =  0  PRV =  0
SBY 17:13:18 [mutant_38_equiv] engine_0: 4 : 0 7 13 79 100 ~1                                                     5    70      0.05 sec  T/O =  0  PRV =  0
SBY 17:13:18 [mutant_38_equiv] engine_0: 4 : 0 7 13 82 108 ~1                                                     5    71      0.05 sec  T/O =  0  PRV =  0
SBY 17:13:18 [mutant_38_equiv] engine_0: 5 : 0 6 9 37 106 13 ~1                                                   0    71      0.06 sec  T/O =  0  PRV =  0
SBY 17:13:18 [mutant_38_equiv] engine_0: 6 : 0 6 9 37 115 44 21 ~1                                               20    73      0.08 sec  T/O =  0  PRV =  0
SBY 17:13:18 [mutant_38_equiv] engine_0: 6 : 0 6 9 37 118 66 60 ~1                                               19    81      0.10 sec  T/O =  0  PRV =  0
SBY 17:13:18 [mutant_38_equiv] engine_0: 6 : 0 6 9 37 123 94 93 ~1                                                9    83      0.11 sec  T/O =  0  PRV =  0
SBY 17:13:18 [mutant_38_equiv] engine_0: 6 : 0 6 9 37 127 121 126 ~1                                              9    87      0.13 sec  T/O =  0  PRV =  0
SBY 17:13:18 [mutant_38_equiv] engine_0: 6 : 0 6 9 37 131 146 160 ~1                                              9    91      0.15 sec  T/O =  0  PRV =  0
SBY 17:13:18 [mutant_38_equiv] engine_0: 6 : 0 6 9 37 135 175 192 ~1                                              9    99      0.17 sec  T/O =  0  PRV =  0
SBY 17:13:18 [mutant_38_equiv] engine_0: 6 : 0 6 9 37 139 203 226 ~1                                              9   103      0.19 sec  T/O =  0  PRV =  0
SBY 17:13:18 [mutant_38_equiv] engine_0: 6 : 0 6 9 37 143 231 257 ~1                                              9   103      0.21 sec  T/O =  0  PRV =  0
SBY 17:13:18 [mutant_38_equiv] engine_0: 6 : 0 6 9 37 145 244 284 ~1                                              9   103      0.22 sec  T/O =  0  PRV =  0
SBY 17:13:18 [mutant_38_equiv] engine_0: 7 : 0 6 9 29 73 111 215 110 ~1                                           0   103      0.26 sec  T/O =  0  PRV =  0
SBY 17:13:18 [mutant_38_equiv] engine_0: 8 : 0 6 9 29 73 111 216 59 58 ~1                                         6   103      0.27 sec  T/O =  0  PRV =  0
SBY 17:13:18 [mutant_38_equiv] engine_0: Timing out on output 0 in frame 8 (retrying in next anytime pass).
SBY 17:13:18 [mutant_38_equiv] engine_0: 8 : 0 6 9 29 73 111 216 59 58 ~1                                         0   103      0.28 sec  T/O =  1  PRV =  0
SBY 17:13:18 [mutant_38_equiv] engine_0: Proved output 1 in frame 8.
SBY 17:13:18 [mutant_38_equiv] engine_0: Proved output 2 in frame 8.
SBY 17:13:18 [mutant_38_equiv] engine_0: 9 : 0 6 9 29 73 109 207 56 6 7 ~54                                       0   103      0.30 sec  T/O =  1  PRV =  2
SBY 17:13:18 [mutant_38_equiv] engine_0: 10 : 0 6 9 29 73 109 207 56 6 5 2 ~54                                     0   103      0.32 sec  T/O =  1  PRV =  2
SBY 17:13:18 [mutant_38_equiv] engine_0: All outputs solved or timed out in frame 10.
SBY 17:13:18 [mutant_38_equiv] engine_0: Starting new anytime pass, reusing clauses.
SBY 17:13:18 [mutant_38_equiv] engine_0: Frame Clauses                                                     Max Queue Flops Time
SBY 17:13:18 [mutant_38_equiv] engine_0: 1 : 0 502 ~43                                                            0     0      0.03 sec  T/O =  0  PRV =  2
SBY 17:13:18 [mutant_38_equiv] engine_0: 2 : 0 6 496 ~43                                                          0     0      0.03 sec  T/O =  0  PRV =  2
SBY 17:13:18 [mutant_38_equiv] engine_0: 3 : 0 6 9 487 ~43                                                        0     0      0.03 sec  T/O =  0  PRV =  2
SBY 17:13:18 [mutant_38_equiv] engine_0: 4 : 0 6 9 29 458 ~43                                                     0     0      0.03 sec  T/O =  0  PRV =  2
SBY 17:13:18 [mutant_38_equiv] engine_0: 5 : 0 6 9 29 73 385 ~43                                                  0     0      0.03 sec  T/O =  0  PRV =  2
SBY 17:13:18 [mutant_38_equiv] engine_0: 6 : 0 6 9 29 73 109 276 ~43                                              0     0      0.04 sec  T/O =  0  PRV =  2
SBY 17:13:18 [mutant_38_equiv] engine_0: 7 : 0 6 9 29 73 109 207 69 ~43                                           0     0      0.05 sec  T/O =  0  PRV =  2
SBY 17:13:18 [mutant_38_equiv] engine_0: 8 : 0 6 9 29 73 110 215 77 39 ~43                                        9    22      0.08 sec  T/O =  0  PRV =  2
SBY 17:13:18 [mutant_38_equiv] engine_0: 8 : 0 6 9 29 73 110 224 103 60 ~43                                       9    40      0.10 sec  T/O =  0  PRV =  2
SBY 17:13:18 [mutant_38_equiv] engine_0: 8 : 0 6 9 29 73 110 227 125 98 ~43                                       9    57      0.12 sec  T/O =  0  PRV =  2
SBY 17:13:19 [mutant_38_equiv] engine_0: 8 : 0 6 9 29 73 110 236 149 129 ~43                                      8    75      0.14 sec  T/O =  0  PRV =  2
SBY 17:13:19 [mutant_38_equiv] engine_0: 8 : 0 6 9 29 73 110 243 175 162 ~43                                      7    94      0.17 sec  T/O =  0  PRV =  2
SBY 17:13:19 [mutant_38_equiv] engine_0: 8 : 0 6 9 29 73 110 251 197 197 ~43                                      6    96      0.19 sec  T/O =  0  PRV =  2
SBY 17:13:19 [mutant_38_equiv] engine_0: 8 : 0 6 9 29 73 110 258 222 225 ~43                                      8    98      0.21 sec  T/O =  0  PRV =  2
SBY 17:13:19 [mutant_38_equiv] engine_0: 9 : 0 6 9 16 56 46 49 64 206 245 ~66                                    11    98      0.28 sec  T/O =  0  PRV =  2
SBY 17:13:19 [mutant_38_equiv] engine_0: 9 : 0 6 9 16 56 46 49 64 206 252 ~66                                     3    98      0.28 sec  T/O =  0  PRV =  2
SBY 17:13:19 [mutant_38_equiv] engine_0: 10 : 0 6 9 15 51 43 37 33 26 14 386 ~84                                   6    98      0.32 sec  T/O =  0  PRV =  2
SBY 17:13:19 [mutant_38_equiv] engine_0: 11 : 0 6 9 15 49 43 34 29 23 19 12 27 ~466                                7    98      0.36 sec  T/O =  0  PRV =  2
SBY 17:13:19 [mutant_38_equiv] engine_0: 11 : 0 6 9 15 49 43 34 29 23 19 12 28 ~466                                0    98      0.36 sec  T/O =  0  PRV =  2
SBY 17:13:19 [mutant_38_equiv] engine_0: Proved output 0 in frame 11.
SBY 17:13:19 [mutant_38_equiv] engine_0: 12 : 0 6 9 15 34 37 34 12 0 0 0 0 23 ~350                                 0    98      0.38 sec  T/O =  0  PRV =  3
SBY 17:13:19 [mutant_38_equiv] engine_0: Block =   16  Oblig =  2139  Clause =  1337  Call = 19827 (sat=64.0%)  Cex =   0  Start =  56
SBY 17:13:19 [mutant_38_equiv] engine_0: SAT solving =     0.50 sec ( 71.23 %)
SBY 17:13:19 [mutant_38_equiv] engine_0: unsat     =     0.10 sec ( 13.70 %)
SBY 17:13:19 [mutant_38_equiv] engine_0: sat       =     0.40 sec ( 57.53 %)
SBY 17:13:19 [mutant_38_equiv] engine_0: Generalize  =     0.30 sec ( 43.04 %)
SBY 17:13:19 [mutant_38_equiv] engine_0: Push clause =     0.20 sec ( 28.32 %)
SBY 17:13:19 [mutant_38_equiv] engine_0: Ternary sim =     0.01 sec (  1.52 %)
SBY 17:13:19 [mutant_38_equiv] engine_0: Containment =     0.00 sec (  0.23 %)
SBY 17:13:19 [mutant_38_equiv] engine_0: CNF compute =     0.02 sec (  2.44 %)
SBY 17:13:19 [mutant_38_equiv] engine_0: Refinement  =     0.00 sec (  0.00 %)
SBY 17:13:19 [mutant_38_equiv] engine_0: TOTAL       =     0.70 sec (100.00 %)
SBY 17:13:19 [mutant_38_equiv] engine_0: Property proved.  Time =     0.71 sec
SBY 17:13:19 [mutant_38_equiv] engine_0: Counter-example is not available.
SBY 17:13:19 [mutant_38_equiv] engine_0: finished (returncode=0)
SBY 17:13:19 [mutant_38_equiv] engine_0: Status returned by engine: PASS
SBY 17:13:19 [mutant_38_equiv] summary: Elapsed clock time [H:MM:SS (secs)]: 0:00:00 (0)
SBY 17:13:19 [mutant_38_equiv] summary: Elapsed process time [H:MM:SS (secs)]: 0:00:00 (0)
SBY 17:13:19 [mutant_38_equiv] summary: engine_0 (abc pdr) returned PASS
SBY 17:13:19 [mutant_38_equiv] summary: engine_0 did not produce any traces
SBY 17:13:19 [mutant_38_equiv] DONE (PASS, rc=0)
