SBY 17:13:06 [mutant_22_props] Removing directory '/tmp/work/checks/mutant_22_props'.
SBY 17:13:06 [mutant_22_props] Copy '/tmp/work/checks/all_mut.v' to '/tmp/work/checks/mutant_22_props/src/all_mut.v'.
SBY 17:13:06 [mutant_22_props] Copy '/tmp/work/checks/mutant.sv' to '/tmp/work/checks/mutant_22_props/src/mutant.sv'.
SBY 17:13:06 [mutant_22_props] Copy '/tmp/work/checks/props.sv' to '/tmp/work/checks/mutant_22_props/src/props.sv'.
SBY 17:13:06 [mutant_22_props] engine_0: abc bmc3
SBY 17:13:06 [mutant_22_props] base: starting process "cd mutant_22_props/src; yosys -ql ../model/design.log ../model/design.ys"
SBY 17:13:06 [mutant_22_props] base: Warning: Encountered `parallel_case' comment! Such legacy hot comments are supported by Yosys, but are not part of any formal language specification. Using the Verilog `parallel_case' attribute or the SystemVerilog `unique' or `priority' keywords is recommended!
SBY 17:13:06 [mutant_22_props] base: finished (returncode=0)
SBY 17:13:06 [mutant_22_props] prep: starting process "cd mutant_22_props/model; yosys -ql design_prep.log design_prep.ys"
SBY 17:13:06 [mutant_22_props] prep: finished (returncode=0)
SBY 17:13:06 [mutant_22_props] aig: starting process "cd mutant_22_props/model; yosys -ql design_aiger.log design_aiger.ys"
SBY 17:13:06 [mutant_22_props] aig: Warning: Treating undriven bit ct_props_top.\clk like $anyseq.
SBY 17:13:06 [mutant_22_props] aig: Warning: Treating undriven bit ct_props_top.\wr_en like $anyseq.
SBY 17:13:06 [mutant_22_props] aig: Warning: Treating undriven bit ct_props_top.\rst like $anyseq.
SBY 17:13:06 [mutant_22_props] aig: Warning: Treating undriven bit ct_props_top.\rd_en like $anyseq.
SBY 17:13:06 [mutant_22_props] aig: Warning: Treating undriven bit ct_props_top.\din [0] like $anyseq.
SBY 17:13:06 [mutant_22_props] aig: Warning: Treating undriven bit ct_props_top.\din [1] like $anyseq.
SBY 17:13:06 [mutant_22_props] aig: Warning: Treating undriven bit ct_props_top.\din [2] like $anyseq.
SBY 17:13:06 [mutant_22_props] aig: Warning: Treating undriven bit ct_props_top.\din [3] like $anyseq.
SBY 17:13:06 [mutant_22_props] aig: Warning: Treating undriven bit ct_props_top.\din [4] like $anyseq.
SBY 17:13:06 [mutant_22_props] aig: Warning: Treating undriven bit ct_props_top.\din [5] like $anyseq.
SBY 17:13:06 [mutant_22_props] aig: Warning: Treating undriven bit ct_props_top.\din [6] like $anyseq.
SBY 17:13:06 [mutant_22_props] aig: Warning: Treating undriven bit ct_props_top.\din [7] like $anyseq.
SBY 17:13:06 [mutant_22_props] aig: Warning: Treating a total of 12 undriven bits in ct_props_top like $anyseq.
SBY 17:13:06 [mutant_22_props] aig: finished (returncode=0)
SBY 17:13:06 [mutant_22_props] engine_0: starting process "cd mutant_22_props; yosys-abc -c 'read_aiger model/design_aiger.aig; fold; strash; bmc3 -F 20 -v; write_cex -a engine_0/trace.aiw'"
SBY 17:13:06 [mutant_22_props] engine_0: ======== ABC command line "read_aiger model/design_aiger.aig; fold; strash; bmc3 -F 20 -v; write_cex -a engine_0/trace.aiw"
SBY 17:13:06 [mutant_22_props] engine_0: Warning: The last 2 outputs are interpreted as constraints.
SBY 17:13:06 [mutant_22_props] engine_0: Running "bmc3". PI/PO/Reg = 245/3/102. And =   1078. Lev =    14. ObjNums =   789.
SBY 17:13:06 [mutant_22_props] engine_0: Params: FramesMax = 20. Start = 0. ConfLimit = 0. TimeOut = 0. SolveAll = 0.
SBY 17:13:06 [mutant_22_props] engine_0: 0 + : Var =       1. Cla =        0. Conf =      0. Learn =      0.    0 MB   4 MB     0.02 sec
SBY 17:13:06 [mutant_22_props] engine_0: 1 + : Var =       1. Cla =        0. Conf =      0. Learn =      0.    0 MB   4 MB     0.02 sec
SBY 17:13:06 [mutant_22_props] engine_0: 2 + : Var =     207. Cla =      407. Conf =      0. Learn =      0.    0 MB   4 MB     0.02 sec
SBY 17:13:06 [mutant_22_props] engine_0: Runtime:  CNF = 0.0 sec (0.3 %)  UNSAT = 0.0 sec (0.0 %)  SAT = 0.0 sec (0.1 %)  UNDEC = 0.0 sec (0.0 %)
SBY 17:13:06 [mutant_22_props] engine_0: LStart(P) = 10000  LDelta(Q) = 2000  LRatio(R) = 80  ReduceDB = 0  Vars = 1000  Used = 1000 (100.00 %)
SBY 17:13:06 [mutant_22_props] engine_0: Buffs = 108. Dups = 0.   Hash hits = 0.  Hash misses = 90.  UniProps = 0.
SBY 17:13:06 [mutant_22_props] engine_0: Output 1 of miter "model/design_aiger" was asserted in frame 2. Time =     0.02 sec
SBY 17:13:06 [mutant_22_props] engine_0: finished (returncode=0)
SBY 17:13:06 [mutant_22_props] engine_0: Status returned by engine: FAIL
SBY 17:13:06 [mutant_22_props] smt2: starting process "cd mutant_22_props/model; yosys -ql design_smt2.log design_smt2.ys"
SBY 17:13:06 [mutant_22_props] engine_0: starting process "cd mutant_22_props; yosys-witness aiw2yw engine_0/trace.aiw model/design_aiger.ywa engine_0/trace_aiw.yw"
SBY 17:13:06 [mutant_22_props] smt2: finished (returncode=0)
SBY 17:13:06 [mutant_22_props] engine_0: Converting AIGER witness trace 'engine_0/trace.aiw' to Yosys witness trace 'engine_0/trace_aiw.yw'...
SBY 17:13:06 [mutant_22_props] engine_0: Using Yosys witness AIGER map file 'model/design_aiger.ywa'
SBY 17:13:06 [mutant_22_props] engine_0: Converted 3 time steps.
SBY 17:13:06 [mutant_22_props] engine_0: finished (returncode=0)
SBY 17:13:06 [mutant_22_props] engine_0: starting process "cd mutant_22_props; yosys-smtbmc -s yices --noprogress --append 0 --dump-vcd engine_0/trace.vcd --dump-yw engine_0/trace.yw --dump-vlogtb engine_0/trace_tb.v --dump-smtc engine_0/trace.smtc --yw engine_0/trace_aiw.yw model/design_smt2.smt2"
SBY 17:13:06 [mutant_22_props] engine_0: ##   0:00:00  Solver: yices
SBY 17:13:06 [mutant_22_props] engine_0: ##   0:00:00  Skipping step 0..
SBY 17:13:06 [mutant_22_props] engine_0: ##   0:00:00  Skipping step 1..
SBY 17:13:06 [mutant_22_props] engine_0: ##   0:00:00  Checking assertions in step 2..
SBY 17:13:06 [mutant_22_props] engine_0: ##   0:00:00  BMC failed!
SBY 17:13:06 [mutant_22_props] engine_0: ##   0:00:00  Assert failed in ct_props_top: p_empty_flag
SBY 17:13:06 [mutant_22_props] engine_0: ##   0:00:00  Assert failed in ct_props_top: p_full_flag
SBY 17:13:06 [mutant_22_props] engine_0: ##   0:00:00  Writing trace to VCD file: engine_0/trace.vcd
SBY 17:13:06 [mutant_22_props] engine_0: ##   0:00:00  Writing trace to Verilog testbench: engine_0/trace_tb.v
SBY 17:13:06 [mutant_22_props] engine_0: ##   0:00:00  Writing trace to constraints file: engine_0/trace.smtc
SBY 17:13:06 [mutant_22_props] engine_0: ##   0:00:00  Writing trace to Yosys witness file: engine_0/trace.yw
SBY 17:13:06 [mutant_22_props] engine_0: ##   0:00:00  Status: FAILED
SBY 17:13:06 [mutant_22_props] engine_0: finished (returncode=1)
SBY 17:13:06 [mutant_22_props] summary: Elapsed clock time [H:MM:SS (secs)]: 0:00:00 (0)
SBY 17:13:06 [mutant_22_props] summary: Elapsed process time [H:MM:SS (secs)]: 0:00:00 (0)
SBY 17:13:06 [mutant_22_props] summary: engine_0 (abc bmc3) returned FAIL
SBY 17:13:06 [mutant_22_props] summary: counterexample trace: mutant_22_props/engine_0/trace.vcd
SBY 17:13:06 [mutant_22_props] summary:   failed assertion ct_props_top.p_empty_flag at props.sv:46.20-46.60 step 2
SBY 17:13:06 [mutant_22_props] summary:   failed assertion ct_props_top.p_full_flag at props.sv:48.20-48.57 step 2
SBY 17:13:06 [mutant_22_props] DONE (FAIL, rc=2)
