SBY 17:12:53 [mutant_8_props] Removing directory '/tmp/work/checks/mutant_8_props'.
SBY 17:12:53 [mutant_8_props] Copy '/tmp/work/checks/all_mut.v' to '/tmp/work/checks/mutant_8_props/src/all_mut.v'.
SBY 17:12:53 [mutant_8_props] Copy '/tmp/work/checks/mutant.sv' to '/tmp/work/checks/mutant_8_props/src/mutant.sv'.
SBY 17:12:53 [mutant_8_props] Copy '/tmp/work/checks/props.sv' to '/tmp/work/checks/mutant_8_props/src/props.sv'.
SBY 17:12:53 [mutant_8_props] engine_0: abc bmc3
SBY 17:12:53 [mutant_8_props] base: starting process "cd mutant_8_props/src; yosys -ql ../model/design.log ../model/design.ys"
SBY 17:12:53 [mutant_8_props] base: Warning: Encountered `parallel_case' comment! Such legacy hot comments are supported by Yosys, but are not part of any formal language specification. Using the Verilog `parallel_case' attribute or the SystemVerilog `unique' or `priority' keywords is recommended!
SBY 17:12:53 [mutant_8_props] base: finished (returncode=0)
SBY 17:12:53 [mutant_8_props] prep: starting process "cd mutant_8_props/model; yosys -ql design_prep.log design_prep.ys"
SBY 17:12:53 [mutant_8_props] prep: finished (returncode=0)
SBY 17:12:53 [mutant_8_props] aig: starting process "cd mutant_8_props/model; yosys -ql design_aiger.log design_aiger.ys"
SBY 17:12:53 [mutant_8_props] aig: Warning: Treating undriven bit ct_props_top.\clk like $anyseq.
SBY 17:12:53 [mutant_8_props] aig: Warning: Treating undriven bit ct_props_top.\wr_en like $anyseq.
SBY 17:12:53 [mutant_8_props] aig: Warning: Treating undriven bit ct_props_top.\rst like $anyseq.
SBY 17:12:53 [mutant_8_props] aig: Warning: Treating undriven bit ct_props_top.\rd_en like $anyseq.
SBY 17:12:53 [mutant_8_props] aig: Warning: Treating undriven bit ct_props_top.\din [0] like $anyseq.
SBY 17:12:53 [mutant_8_props] aig: Warning: Treating undriven bit ct_props_top.\din [1] like $anyseq.
SBY 17:12:53 [mutant_8_props] aig: Warning: Treating undriven bit ct_props_top.\din [2] like $anyseq.
SBY 17:12:53 [mutant_8_props] aig: Warning: Treating undriven bit ct_props_top.\din [3] like $anyseq.
SBY 17:12:53 [mutant_8_props] aig: Warning: Treating undriven bit ct_props_top.\din [4] like $anyseq.
SBY 17:12:53 [mutant_8_props] aig: Warning: Treating undriven bit ct_props_top.\din [5] like $anyseq.
SBY 17:12:53 [mutant_8_props] aig: Warning: Treating undriven bit ct_props_top.\din [6] like $anyseq.
SBY 17:12:53 [mutant_8_props] aig: Warning: Treating undriven bit ct_props_top.\din [7] like $anyseq.
SBY 17:12:53 [mutant_8_props] aig: Warning: Treating a total of 12 undriven bits in ct_props_top like $anyseq.
SBY 17:12:53 [mutant_8_props] aig: finished (returncode=0)
SBY 17:12:53 [mutant_8_props] engine_0: starting process "cd mutant_8_props; yosys-abc -c 'read_aiger model/design_aiger.aig; fold; strash; bmc3 -F 20 -v; write_cex -a engine_0/trace.aiw'"
SBY 17:12:53 [mutant_8_props] engine_0: ======== ABC command line "read_aiger model/design_aiger.aig; fold; strash; bmc3 -F 20 -v; write_cex -a engine_0/trace.aiw"
SBY 17:12:53 [mutant_8_props] engine_0: Warning: The last 2 outputs are interpreted as constraints.
SBY 17:12:53 [mutant_8_props] engine_0: Running "bmc3". PI/PO/Reg = 245/3/103. And =   1091. Lev =    15. ObjNums =   800.
SBY 17:12:53 [mutant_8_props] engine_0: Params: FramesMax = 20. Start = 0. ConfLimit = 0. TimeOut = 0. SolveAll = 0.
SBY 17:12:53 [mutant_8_props] engine_0: 0 + : Var =       1. Cla =        0. Conf =      0. Learn =      0.    0 MB   4 MB     0.02 sec
SBY 17:12:53 [mutant_8_props] engine_0: 1 + : Var =       1. Cla =        0. Conf =      0. Learn =      0.    0 MB   4 MB     0.02 sec
SBY 17:12:53 [mutant_8_props] engine_0: 2 + : Var =     235. Cla =      489. Conf =      0. Learn =      0.    0 MB   4 MB     0.02 sec
SBY 17:12:53 [mutant_8_props] engine_0: 3 + : Var =     613. Cla =     1506. Conf =      7. Learn =      5.    0 MB   4 MB     0.02 sec
SBY 17:12:53 [mutant_8_props] engine_0: 4 + : Var =     995. Cla =     2547. Conf =     38. Learn =     33.    0 MB   4 MB     0.02 sec
SBY 17:12:53 [mutant_8_props] engine_0: 5 + : Var =    1377. Cla =     3588. Conf =    164. Learn =    156.    0 MB   4 MB     0.02 sec
SBY 17:12:53 [mutant_8_props] engine_0: 6 + : Var =    1722. Cla =     4499. Conf =    295. Learn =    287.    0 MB   4 MB     0.02 sec
SBY 17:12:53 [mutant_8_props] engine_0: Runtime:  CNF = 0.0 sec (1.7 %)  UNSAT = 0.0 sec (3.5 %)  SAT = 0.0 sec (3.5 %)  UNDEC = 0.0 sec (0.0 %)
SBY 17:12:53 [mutant_8_props] engine_0: LStart(P) = 10000  LDelta(Q) = 2000  LRatio(R) = 80  ReduceDB = 0  Vars = 1722  Used = 1722 (100.00 %)
SBY 17:12:53 [mutant_8_props] engine_0: Buffs = 520. Dups = 0.   Hash hits = 0.  Hash misses = 1042.  UniProps = 0.
SBY 17:12:53 [mutant_8_props] engine_0: Output 0 of miter "model/design_aiger" was asserted in frame 6. Time =     0.02 sec
SBY 17:12:53 [mutant_8_props] engine_0: finished (returncode=0)
SBY 17:12:53 [mutant_8_props] engine_0: Status returned by engine: FAIL
SBY 17:12:53 [mutant_8_props] smt2: starting process "cd mutant_8_props/model; yosys -ql design_smt2.log design_smt2.ys"
SBY 17:12:53 [mutant_8_props] engine_0: starting process "cd mutant_8_props; yosys-witness aiw2yw engine_0/trace.aiw model/design_aiger.ywa engine_0/trace_aiw.yw"
SBY 17:12:53 [mutant_8_props] smt2: finished (returncode=0)
SBY 17:12:53 [mutant_8_props] engine_0: Converting AIGER witness trace 'engine_0/trace.aiw' to Yosys witness trace 'engine_0/trace_aiw.yw'...
SBY 17:12:53 [mutant_8_props] engine_0: Using Yosys witness AIGER map file 'model/design_aiger.ywa'
SBY 17:12:53 [mutant_8_props] engine_0: Converted 7 time steps.
SBY 17:12:53 [mutant_8_props] engine_0: finished (returncode=0)
SBY 17:12:53 [mutant_8_props] engine_0: starting process "cd mutant_8_props; yosys-smtbmc -s yices --noprogress --append 0 --dump-vcd engine_0/trace.vcd --dump-yw engine_0/trace.yw --dump-vlogtb engine_0/trace_tb.v --dump-smtc engine_0/trace.smtc --yw engine_0/trace_aiw.yw model/design_smt2.smt2"
SBY 17:12:53 [mutant_8_props] engine_0: ##   0:00:00  Solver: yices
SBY 17:12:53 [mutant_8_props] engine_0: ##   0:00:00  Skipping step 0..
SBY 17:12:53 [mutant_8_props] engine_0: ##   0:00:00  Skipping step 1..
SBY 17:12:53 [mutant_8_props] engine_0: ##   0:00:00  Skipping step 2..
SBY 17:12:53 [mutant_8_props] engine_0: ##   0:00:00  Skipping step 3..
SBY 17:12:53 [mutant_8_props] engine_0: ##   0:00:00  Skipping step 4..
SBY 17:12:53 [mutant_8_props] engine_0: ##   0:00:00  Skipping step 5..
SBY 17:12:53 [mutant_8_props] engine_0: ##   0:00:00  Checking assertions in step 6..
SBY 17:12:53 [mutant_8_props] engine_0: ##   0:00:00  BMC failed!
SBY 17:12:53 [mutant_8_props] engine_0: ##   0:00:00  Assert failed in ct_props_top: p_dout_after_read
SBY 17:12:53 [mutant_8_props] engine_0: ##   0:00:00  Writing trace to VCD file: engine_0/trace.vcd
SBY 17:12:53 [mutant_8_props] engine_0: ##   0:00:00  Writing trace to Verilog testbench: engine_0/trace_tb.v
SBY 17:12:53 [mutant_8_props] engine_0: ##   0:00:00  Writing trace to constraints file: engine_0/trace.smtc
SBY 17:12:53 [mutant_8_props] engine_0: ##   0:00:00  Writing trace to Yosys witness file: engine_0/trace.yw
SBY 17:12:53 [mutant_8_props] engine_0: ##   0:00:00  Status: FAILED
SBY 17:12:53 [mutant_8_props] engine_0: finished (returncode=1)
SBY 17:12:53 [mutant_8_props] summary: Elapsed clock time [H:MM:SS (secs)]: 0:00:00 (0)
SBY 17:12:53 [mutant_8_props] summary: Elapsed process time [H:MM:SS (secs)]: 0:00:00 (0)
SBY 17:12:53 [mutant_8_props] summary: engine_0 (abc bmc3) returned FAIL
SBY 17:12:53 [mutant_8_props] summary: counterexample trace: mutant_8_props/engine_0/trace.vcd
SBY 17:12:53 [mutant_8_props] summary:   failed assertion ct_props_top.p_dout_after_read at props.sv:50.27-50.74 step 6
SBY 17:12:53 [mutant_8_props] DONE (FAIL, rc=2)
